21:27:11 **** Build of configuration debug for project spike_hello ****
make all CONFIGURATION=debug 
which: no spike in (/c/FreedomStudio/SiFive/sdk-utilities-1.0.1-2020.12.1:/usr/bin:/c/FreedomStudio/SiFive/riscv64-unknown-elf-toolchain-10.2.0-2020.12.8/bin:/c/FreedomStudio/jre/bin/server:/c/FreedomStudio/jre/bin:/c/Program Files (x86)/Common Files/Oracle/Java/javapath:/c/Windows/system32:/c/Windows:/c/Windows/System32/Wbem:/c/Windows/System32/WindowsPowerShell/v1.0:/c/Windows/System32/OpenSSH:/c/Program Files/Git/cmd:/c/MinGW/bin:/c/Program Files/PuTTY:/c/Program Files/Docker/Docker/resources/bin:/c/ProgramData/DockerDesktop/version-bin:/c/Program Files (x86)/STMicroelectronics/STM32 ST-LINK Utility/ST-LINK Utility:/c/Users/jjrh/AppData/Local/Microsoft/WindowsApps:/c/Users/jjrh/AppData/Local/Programs/Microsoft VS Code/bin:/c/Users/jjrh/AppData/Local/Programs/MiKTeX/miktex/bin/x64:/c/FreedomStudio)
which: no freedom-metal_header-generator in (/c/FreedomStudio/SiFive/sdk-utilities-1.0.1-2020.12.1:/usr/bin:/c/FreedomStudio/SiFive/riscv64-unknown-elf-toolchain-10.2.0-2020.12.8/bin:/c/FreedomStudio/jre/bin/server:/c/FreedomStudio/jre/bin:/c/Program Files (x86)/Common Files/Oracle/Java/javapath:/c/Windows/system32:/c/Windows:/c/Windows/System32/Wbem:/c/Windows/System32/WindowsPowerShell/v1.0:/c/Windows/System32/OpenSSH:/c/Program Files/Git/cmd:/c/MinGW/bin:/c/Program Files/PuTTY:/c/Program Files/Docker/Docker/resources/bin:/c/ProgramData/DockerDesktop/version-bin:/c/Program Files (x86)/STMicroelectronics/STM32 ST-LINK Utility/ST-LINK Utility:/c/Users/jjrh/AppData/Local/Microsoft/WindowsApps:/c/Users/jjrh/AppData/Local/Programs/Microsoft VS Code/bin:/c/Users/jjrh/AppData/Local/Programs/MiKTeX/miktex/bin/x64:/c/FreedomStudio)
cd /C/wsFreedomStudio/spike_hello/bsp/build/debug/ && \
	CFLAGS="-march=rv64imafdc -mabi=lp64d -mcmodel=medany -ffunction-sections -fdata-sections -I/C/wsFreedomStudio/spike_hello/bsp/install/include --specs=nano.specs -DMTIME_RATE_HZ_DEF=32768 -fcommon -O0 -g" \
	/C/wsFreedomStudio/spike_hello/freedom-metal/configure \
	--host=riscv64-unknown-elf \
	--prefix=/C/wsFreedomStudio/spike_hello/bsp/install \
	--libdir=/C/wsFreedomStudio/spike_hello/bsp/install/lib/debug \
	--with-builtin-libgloss \
	--with-machine-header=/C/wsFreedomStudio/spike_hello/bsp/metal.h \
	--with-machine-inline=/C/wsFreedomStudio/spike_hello/bsp/metal-inline.h \
	--with-platform-header=/C/wsFreedomStudio/spike_hello/bsp/metal-platform.h
checking for a BSD-compatible install... /usr/bin/install -c
checking whether build environment is sane... yes
checking for riscv64-unknown-elf-strip... riscv64-unknown-elf-strip
checking for a thread-safe mkdir -p... /usr/bin/mkdir -p
checking for gawk... gawk
checking whether make sets $(MAKE)... yes
checking whether make supports nested variables... yes
checking whether to enable maintainer-specific portions of Makefiles... no
checking build system type... x86_64-pc-msys
checking host system type... riscv64-unknown-elf
checking for riscv64-unknown-elf-gcc... riscv64-unknown-elf-gcc
checking whether the C compiler works... yes
checking for C compiler default output file name... a.out
checking for suffix of executables... 
checking whether we are cross compiling... yes
checking for suffix of object files... o
checking whether we are using the GNU C compiler... yes
checking whether riscv64-unknown-elf-gcc accepts -g... yes
checking for riscv64-unknown-elf-gcc option to accept ISO C89... none needed
checking whether riscv64-unknown-elf-gcc understands -c and -o together... yes
checking for style of include used by make... GNU
checking dependency style of riscv64-unknown-elf-gcc... gcc3
checking for riscv64-unknown-elf-ranlib... riscv64-unknown-elf-ranlib
checking for riscv64-unknown-elf-ar... riscv64-unknown-elf-ar
checking the archiver (riscv64-unknown-elf-ar) interface... ar
checking dependency style of riscv64-unknown-elf-gcc... gcc3
checking that generated files are newer than configure... done
configure: creating ./config.status
config.status: creating Makefile
config.status: executing depfiles commands
touch -c /C/wsFreedomStudio/spike_hello/bsp/build/debug/Makefile
/usr/bin/make -C /C/wsFreedomStudio/spike_hello/bsp/build/debug install
make[1]: Entering directory '/C/wsFreedomStudio/spike_hello/bsp/build/debug'
cp /C/wsFreedomStudio/spike_hello/bsp/metal.h metal/machine.h
cp /C/wsFreedomStudio/spike_hello/bsp/metal-inline.h metal/machine/inline.h
cp /C/wsFreedomStudio/spike_hello/bsp/metal-platform.h metal/machine/platform.h
/usr/bin/make  install-am
make[2]: Entering directory '/C/wsFreedomStudio/spike_hello/bsp/build/debug'
depbase=`echo src/drivers/fixed-clock.o | sed 's|[^/]*$|.deps/&|;s|\.o$||'`;\
riscv64-unknown-elf-gcc -DPACKAGE_NAME=\"freedom-metal\" -DPACKAGE_TARNAME=\"freedom-metal\" -DPACKAGE_VERSION=\"v0.1.2\" -DPACKAGE_STRING=\"freedom-metal\ v0.1.2\" -DPACKAGE_BUGREPORT=\"https://github.com/sifive/freedom-metal/issues\" -DPACKAGE_URL=\"https://github.com/sifive/freedom-metal\" -DPACKAGE=\"freedom-metal\" -DVERSION=\"v0.1.2\" -I. -I/C/wsFreedomStudio/spike_hello/freedom-metal     -march=rv64imafdc -mabi=lp64d -mcmodel=medany -ffunction-sections -fdata-sections -I/C/wsFreedomStudio/spike_hello/bsp/install/include --specs=nano.specs -DMTIME_RATE_HZ_DEF=32768 -fcommon -O0 -g -MT src/drivers/fixed-clock.o -MD -MP -MF $depbase.Tpo -c -o src/drivers/fixed-clock.o /C/wsFreedomStudio/spike_hello/freedom-metal/src/drivers/fixed-clock.c &&\
mv -f $depbase.Tpo $depbase.Po
depbase=`echo src/drivers/fixed-factor-clock.o | sed 's|[^/]*$|.deps/&|;s|\.o$||'`;\
riscv64-unknown-elf-gcc -DPACKAGE_NAME=\"freedom-metal\" -DPACKAGE_TARNAME=\"freedom-metal\" -DPACKAGE_VERSION=\"v0.1.2\" -DPACKAGE_STRING=\"freedom-metal\ v0.1.2\" -DPACKAGE_BUGREPORT=\"https://github.com/sifive/freedom-metal/issues\" -DPACKAGE_URL=\"https://github.com/sifive/freedom-metal\" -DPACKAGE=\"freedom-metal\" -DVERSION=\"v0.1.2\" -I. -I/C/wsFreedomStudio/spike_hello/freedom-metal     -march=rv64imafdc -mabi=lp64d -mcmodel=medany -ffunction-sections -fdata-sections -I/C/wsFreedomStudio/spike_hello/bsp/install/include --specs=nano.specs -DMTIME_RATE_HZ_DEF=32768 -fcommon -O0 -g -MT src/drivers/fixed-factor-clock.o -MD -MP -MF $depbase.Tpo -c -o src/drivers/fixed-factor-clock.o /C/wsFreedomStudio/spike_hello/freedom-metal/src/drivers/fixed-factor-clock.c &&\
mv -f $depbase.Tpo $depbase.Po
depbase=`echo src/drivers/inline.o | sed 's|[^/]*$|.deps/&|;s|\.o$||'`;\
riscv64-unknown-elf-gcc -DPACKAGE_NAME=\"freedom-metal\" -DPACKAGE_TARNAME=\"freedom-metal\" -DPACKAGE_VERSION=\"v0.1.2\" -DPACKAGE_STRING=\"freedom-metal\ v0.1.2\" -DPACKAGE_BUGREPORT=\"https://github.com/sifive/freedom-metal/issues\" -DPACKAGE_URL=\"https://github.com/sifive/freedom-metal\" -DPACKAGE=\"freedom-metal\" -DVERSION=\"v0.1.2\" -I. -I/C/wsFreedomStudio/spike_hello/freedom-metal     -march=rv64imafdc -mabi=lp64d -mcmodel=medany -ffunction-sections -fdata-sections -I/C/wsFreedomStudio/spike_hello/bsp/install/include --specs=nano.specs -DMTIME_RATE_HZ_DEF=32768 -fcommon -O0 -g -MT src/drivers/inline.o -MD -MP -MF $depbase.Tpo -c -o src/drivers/inline.o /C/wsFreedomStudio/spike_hello/freedom-metal/src/drivers/inline.c &&\
mv -f $depbase.Tpo $depbase.Po
depbase=`echo src/drivers/riscv_clint0.o | sed 's|[^/]*$|.deps/&|;s|\.o$||'`;\
riscv64-unknown-elf-gcc -DPACKAGE_NAME=\"freedom-metal\" -DPACKAGE_TARNAME=\"freedom-metal\" -DPACKAGE_VERSION=\"v0.1.2\" -DPACKAGE_STRING=\"freedom-metal\ v0.1.2\" -DPACKAGE_BUGREPORT=\"https://github.com/sifive/freedom-metal/issues\" -DPACKAGE_URL=\"https://github.com/sifive/freedom-metal\" -DPACKAGE=\"freedom-metal\" -DVERSION=\"v0.1.2\" -I. -I/C/wsFreedomStudio/spike_hello/freedom-metal     -march=rv64imafdc -mabi=lp64d -mcmodel=medany -ffunction-sections -fdata-sections -I/C/wsFreedomStudio/spike_hello/bsp/install/include --specs=nano.specs -DMTIME_RATE_HZ_DEF=32768 -fcommon -O0 -g -MT src/drivers/riscv_clint0.o -MD -MP -MF $depbase.Tpo -c -o src/drivers/riscv_clint0.o /C/wsFreedomStudio/spike_hello/freedom-metal/src/drivers/riscv_clint0.c &&\
mv -f $depbase.Tpo $depbase.Po
depbase=`echo src/drivers/riscv_cpu.o | sed 's|[^/]*$|.deps/&|;s|\.o$||'`;\
riscv64-unknown-elf-gcc -DPACKAGE_NAME=\"freedom-metal\" -DPACKAGE_TARNAME=\"freedom-metal\" -DPACKAGE_VERSION=\"v0.1.2\" -DPACKAGE_STRING=\"freedom-metal\ v0.1.2\" -DPACKAGE_BUGREPORT=\"https://github.com/sifive/freedom-metal/issues\" -DPACKAGE_URL=\"https://github.com/sifive/freedom-metal\" -DPACKAGE=\"freedom-metal\" -DVERSION=\"v0.1.2\" -I. -I/C/wsFreedomStudio/spike_hello/freedom-metal     -march=rv64imafdc -mabi=lp64d -mcmodel=medany -ffunction-sections -fdata-sections -I/C/wsFreedomStudio/spike_hello/bsp/install/include --specs=nano.specs -DMTIME_RATE_HZ_DEF=32768 -fcommon -O0 -g -MT src/drivers/riscv_cpu.o -MD -MP -MF $depbase.Tpo -c -o src/drivers/riscv_cpu.o /C/wsFreedomStudio/spike_hello/freedom-metal/src/drivers/riscv_cpu.c &&\
mv -f $depbase.Tpo $depbase.Po
depbase=`echo src/drivers/riscv_plic0.o | sed 's|[^/]*$|.deps/&|;s|\.o$||'`;\
riscv64-unknown-elf-gcc -DPACKAGE_NAME=\"freedom-metal\" -DPACKAGE_TARNAME=\"freedom-metal\" -DPACKAGE_VERSION=\"v0.1.2\" -DPACKAGE_STRING=\"freedom-metal\ v0.1.2\" -DPACKAGE_BUGREPORT=\"https://github.com/sifive/freedom-metal/issues\" -DPACKAGE_URL=\"https://github.com/sifive/freedom-metal\" -DPACKAGE=\"freedom-metal\" -DVERSION=\"v0.1.2\" -I. -I/C/wsFreedomStudio/spike_hello/freedom-metal     -march=rv64imafdc -mabi=lp64d -mcmodel=medany -ffunction-sections -fdata-sections -I/C/wsFreedomStudio/spike_hello/bsp/install/include --specs=nano.specs -DMTIME_RATE_HZ_DEF=32768 -fcommon -O0 -g -MT src/drivers/riscv_plic0.o -MD -MP -MF $depbase.Tpo -c -o src/drivers/riscv_plic0.o /C/wsFreedomStudio/spike_hello/freedom-metal/src/drivers/riscv_plic0.c &&\
mv -f $depbase.Tpo $depbase.Po
depbase=`echo src/drivers/sifive_buserror0.o | sed 's|[^/]*$|.deps/&|;s|\.o$||'`;\
riscv64-unknown-elf-gcc -DPACKAGE_NAME=\"freedom-metal\" -DPACKAGE_TARNAME=\"freedom-metal\" -DPACKAGE_VERSION=\"v0.1.2\" -DPACKAGE_STRING=\"freedom-metal\ v0.1.2\" -DPACKAGE_BUGREPORT=\"https://github.com/sifive/freedom-metal/issues\" -DPACKAGE_URL=\"https://github.com/sifive/freedom-metal\" -DPACKAGE=\"freedom-metal\" -DVERSION=\"v0.1.2\" -I. -I/C/wsFreedomStudio/spike_hello/freedom-metal     -march=rv64imafdc -mabi=lp64d -mcmodel=medany -ffunction-sections -fdata-sections -I/C/wsFreedomStudio/spike_hello/bsp/install/include --specs=nano.specs -DMTIME_RATE_HZ_DEF=32768 -fcommon -O0 -g -MT src/drivers/sifive_buserror0.o -MD -MP -MF $depbase.Tpo -c -o src/drivers/sifive_buserror0.o /C/wsFreedomStudio/spike_hello/freedom-metal/src/drivers/sifive_buserror0.c &&\
mv -f $depbase.Tpo $depbase.Po
depbase=`echo src/drivers/sifive_ccache0.o | sed 's|[^/]*$|.deps/&|;s|\.o$||'`;\
riscv64-unknown-elf-gcc -DPACKAGE_NAME=\"freedom-metal\" -DPACKAGE_TARNAME=\"freedom-metal\" -DPACKAGE_VERSION=\"v0.1.2\" -DPACKAGE_STRING=\"freedom-metal\ v0.1.2\" -DPACKAGE_BUGREPORT=\"https://github.com/sifive/freedom-metal/issues\" -DPACKAGE_URL=\"https://github.com/sifive/freedom-metal\" -DPACKAGE=\"freedom-metal\" -DVERSION=\"v0.1.2\" -I. -I/C/wsFreedomStudio/spike_hello/freedom-metal     -march=rv64imafdc -mabi=lp64d -mcmodel=medany -ffunction-sections -fdata-sections -I/C/wsFreedomStudio/spike_hello/bsp/install/include --specs=nano.specs -DMTIME_RATE_HZ_DEF=32768 -fcommon -O0 -g -MT src/drivers/sifive_ccache0.o -MD -MP -MF $depbase.Tpo -c -o src/drivers/sifive_ccache0.o /C/wsFreedomStudio/spike_hello/freedom-metal/src/drivers/sifive_ccache0.c &&\
mv -f $depbase.Tpo $depbase.Po
depbase=`echo src/drivers/sifive_clic0.o | sed 's|[^/]*$|.deps/&|;s|\.o$||'`;\
riscv64-unknown-elf-gcc -DPACKAGE_NAME=\"freedom-metal\" -DPACKAGE_TARNAME=\"freedom-metal\" -DPACKAGE_VERSION=\"v0.1.2\" -DPACKAGE_STRING=\"freedom-metal\ v0.1.2\" -DPACKAGE_BUGREPORT=\"https://github.com/sifive/freedom-metal/issues\" -DPACKAGE_URL=\"https://github.com/sifive/freedom-metal\" -DPACKAGE=\"freedom-metal\" -DVERSION=\"v0.1.2\" -I. -I/C/wsFreedomStudio/spike_hello/freedom-metal     -march=rv64imafdc -mabi=lp64d -mcmodel=medany -ffunction-sections -fdata-sections -I/C/wsFreedomStudio/spike_hello/bsp/install/include --specs=nano.specs -DMTIME_RATE_HZ_DEF=32768 -fcommon -O0 -g -MT src/drivers/sifive_clic0.o -MD -MP -MF $depbase.Tpo -c -o src/drivers/sifive_clic0.o /C/wsFreedomStudio/spike_hello/freedom-metal/src/drivers/sifive_clic0.c &&\
mv -f $depbase.Tpo $depbase.Po
depbase=`echo src/drivers/sifive_fe310-g000_hfrosc.o | sed 's|[^/]*$|.deps/&|;s|\.o$||'`;\
riscv64-unknown-elf-gcc -DPACKAGE_NAME=\"freedom-metal\" -DPACKAGE_TARNAME=\"freedom-metal\" -DPACKAGE_VERSION=\"v0.1.2\" -DPACKAGE_STRING=\"freedom-metal\ v0.1.2\" -DPACKAGE_BUGREPORT=\"https://github.com/sifive/freedom-metal/issues\" -DPACKAGE_URL=\"https://github.com/sifive/freedom-metal\" -DPACKAGE=\"freedom-metal\" -DVERSION=\"v0.1.2\" -I. -I/C/wsFreedomStudio/spike_hello/freedom-metal     -march=rv64imafdc -mabi=lp64d -mcmodel=medany -ffunction-sections -fdata-sections -I/C/wsFreedomStudio/spike_hello/bsp/install/include --specs=nano.specs -DMTIME_RATE_HZ_DEF=32768 -fcommon -O0 -g -MT src/drivers/sifive_fe310-g000_hfrosc.o -MD -MP -MF $depbase.Tpo -c -o src/drivers/sifive_fe310-g000_hfrosc.o /C/wsFreedomStudio/spike_hello/freedom-metal/src/drivers/sifive_fe310-g000_hfrosc.c &&\
mv -f $depbase.Tpo $depbase.Po
depbase=`echo src/drivers/sifive_fe310-g000_hfxosc.o | sed 's|[^/]*$|.deps/&|;s|\.o$||'`;\
riscv64-unknown-elf-gcc -DPACKAGE_NAME=\"freedom-metal\" -DPACKAGE_TARNAME=\"freedom-metal\" -DPACKAGE_VERSION=\"v0.1.2\" -DPACKAGE_STRING=\"freedom-metal\ v0.1.2\" -DPACKAGE_BUGREPORT=\"https://github.com/sifive/freedom-metal/issues\" -DPACKAGE_URL=\"https://github.com/sifive/freedom-metal\" -DPACKAGE=\"freedom-metal\" -DVERSION=\"v0.1.2\" -I. -I/C/wsFreedomStudio/spike_hello/freedom-metal     -march=rv64imafdc -mabi=lp64d -mcmodel=medany -ffunction-sections -fdata-sections -I/C/wsFreedomStudio/spike_hello/bsp/install/include --specs=nano.specs -DMTIME_RATE_HZ_DEF=32768 -fcommon -O0 -g -MT src/drivers/sifive_fe310-g000_hfxosc.o -MD -MP -MF $depbase.Tpo -c -o src/drivers/sifive_fe310-g000_hfxosc.o /C/wsFreedomStudio/spike_hello/freedom-metal/src/drivers/sifive_fe310-g000_hfxosc.c &&\
mv -f $depbase.Tpo $depbase.Po
depbase=`echo src/drivers/sifive_fe310-g000_lfrosc.o | sed 's|[^/]*$|.deps/&|;s|\.o$||'`;\
riscv64-unknown-elf-gcc -DPACKAGE_NAME=\"freedom-metal\" -DPACKAGE_TARNAME=\"freedom-metal\" -DPACKAGE_VERSION=\"v0.1.2\" -DPACKAGE_STRING=\"freedom-metal\ v0.1.2\" -DPACKAGE_BUGREPORT=\"https://github.com/sifive/freedom-metal/issues\" -DPACKAGE_URL=\"https://github.com/sifive/freedom-metal\" -DPACKAGE=\"freedom-metal\" -DVERSION=\"v0.1.2\" -I. -I/C/wsFreedomStudio/spike_hello/freedom-metal     -march=rv64imafdc -mabi=lp64d -mcmodel=medany -ffunction-sections -fdata-sections -I/C/wsFreedomStudio/spike_hello/bsp/install/include --specs=nano.specs -DMTIME_RATE_HZ_DEF=32768 -fcommon -O0 -g -MT src/drivers/sifive_fe310-g000_lfrosc.o -MD -MP -MF $depbase.Tpo -c -o src/drivers/sifive_fe310-g000_lfrosc.o /C/wsFreedomStudio/spike_hello/freedom-metal/src/drivers/sifive_fe310-g000_lfrosc.c &&\
mv -f $depbase.Tpo $depbase.Po
depbase=`echo src/drivers/sifive_fe310-g000_pll.o | sed 's|[^/]*$|.deps/&|;s|\.o$||'`;\
riscv64-unknown-elf-gcc -DPACKAGE_NAME=\"freedom-metal\" -DPACKAGE_TARNAME=\"freedom-metal\" -DPACKAGE_VERSION=\"v0.1.2\" -DPACKAGE_STRING=\"freedom-metal\ v0.1.2\" -DPACKAGE_BUGREPORT=\"https://github.com/sifive/freedom-metal/issues\" -DPACKAGE_URL=\"https://github.com/sifive/freedom-metal\" -DPACKAGE=\"freedom-metal\" -DVERSION=\"v0.1.2\" -I. -I/C/wsFreedomStudio/spike_hello/freedom-metal     -march=rv64imafdc -mabi=lp64d -mcmodel=medany -ffunction-sections -fdata-sections -I/C/wsFreedomStudio/spike_hello/bsp/install/include --specs=nano.specs -DMTIME_RATE_HZ_DEF=32768 -fcommon -O0 -g -MT src/drivers/sifive_fe310-g000_pll.o -MD -MP -MF $depbase.Tpo -c -o src/drivers/sifive_fe310-g000_pll.o /C/wsFreedomStudio/spike_hello/freedom-metal/src/drivers/sifive_fe310-g000_pll.c &&\
mv -f $depbase.Tpo $depbase.Po
depbase=`echo src/drivers/sifive_fe310-g000_prci.o | sed 's|[^/]*$|.deps/&|;s|\.o$||'`;\
riscv64-unknown-elf-gcc -DPACKAGE_NAME=\"freedom-metal\" -DPACKAGE_TARNAME=\"freedom-metal\" -DPACKAGE_VERSION=\"v0.1.2\" -DPACKAGE_STRING=\"freedom-metal\ v0.1.2\" -DPACKAGE_BUGREPORT=\"https://github.com/sifive/freedom-metal/issues\" -DPACKAGE_URL=\"https://github.com/sifive/freedom-metal\" -DPACKAGE=\"freedom-metal\" -DVERSION=\"v0.1.2\" -I. -I/C/wsFreedomStudio/spike_hello/freedom-metal     -march=rv64imafdc -mabi=lp64d -mcmodel=medany -ffunction-sections -fdata-sections -I/C/wsFreedomStudio/spike_hello/bsp/install/include --specs=nano.specs -DMTIME_RATE_HZ_DEF=32768 -fcommon -O0 -g -MT src/drivers/sifive_fe310-g000_prci.o -MD -MP -MF $depbase.Tpo -c -o src/drivers/sifive_fe310-g000_prci.o /C/wsFreedomStudio/spike_hello/freedom-metal/src/drivers/sifive_fe310-g000_prci.c &&\
mv -f $depbase.Tpo $depbase.Po
depbase=`echo src/drivers/sifive_global-external-interrupts0.o | sed 's|[^/]*$|.deps/&|;s|\.o$||'`;\
riscv64-unknown-elf-gcc -DPACKAGE_NAME=\"freedom-metal\" -DPACKAGE_TARNAME=\"freedom-metal\" -DPACKAGE_VERSION=\"v0.1.2\" -DPACKAGE_STRING=\"freedom-metal\ v0.1.2\" -DPACKAGE_BUGREPORT=\"https://github.com/sifive/freedom-metal/issues\" -DPACKAGE_URL=\"https://github.com/sifive/freedom-metal\" -DPACKAGE=\"freedom-metal\" -DVERSION=\"v0.1.2\" -I. -I/C/wsFreedomStudio/spike_hello/freedom-metal     -march=rv64imafdc -mabi=lp64d -mcmodel=medany -ffunction-sections -fdata-sections -I/C/wsFreedomStudio/spike_hello/bsp/install/include --specs=nano.specs -DMTIME_RATE_HZ_DEF=32768 -fcommon -O0 -g -MT src/drivers/sifive_global-external-interrupts0.o -MD -MP -MF $depbase.Tpo -c -o src/drivers/sifive_global-external-interrupts0.o /C/wsFreedomStudio/spike_hello/freedom-metal/src/drivers/sifive_global-external-interrupts0.c &&\
mv -f $depbase.Tpo $depbase.Po
depbase=`echo src/drivers/sifive_gpio-buttons.o | sed 's|[^/]*$|.deps/&|;s|\.o$||'`;\
riscv64-unknown-elf-gcc -DPACKAGE_NAME=\"freedom-metal\" -DPACKAGE_TARNAME=\"freedom-metal\" -DPACKAGE_VERSION=\"v0.1.2\" -DPACKAGE_STRING=\"freedom-metal\ v0.1.2\" -DPACKAGE_BUGREPORT=\"https://github.com/sifive/freedom-metal/issues\" -DPACKAGE_URL=\"https://github.com/sifive/freedom-metal\" -DPACKAGE=\"freedom-metal\" -DVERSION=\"v0.1.2\" -I. -I/C/wsFreedomStudio/spike_hello/freedom-metal     -march=rv64imafdc -mabi=lp64d -mcmodel=medany -ffunction-sections -fdata-sections -I/C/wsFreedomStudio/spike_hello/bsp/install/include --specs=nano.specs -DMTIME_RATE_HZ_DEF=32768 -fcommon -O0 -g -MT src/drivers/sifive_gpio-buttons.o -MD -MP -MF $depbase.Tpo -c -o src/drivers/sifive_gpio-buttons.o /C/wsFreedomStudio/spike_hello/freedom-metal/src/drivers/sifive_gpio-buttons.c &&\
mv -f $depbase.Tpo $depbase.Po
depbase=`echo src/drivers/sifive_gpio-leds.o | sed 's|[^/]*$|.deps/&|;s|\.o$||'`;\
riscv64-unknown-elf-gcc -DPACKAGE_NAME=\"freedom-metal\" -DPACKAGE_TARNAME=\"freedom-metal\" -DPACKAGE_VERSION=\"v0.1.2\" -DPACKAGE_STRING=\"freedom-metal\ v0.1.2\" -DPACKAGE_BUGREPORT=\"https://github.com/sifive/freedom-metal/issues\" -DPACKAGE_URL=\"https://github.com/sifive/freedom-metal\" -DPACKAGE=\"freedom-metal\" -DVERSION=\"v0.1.2\" -I. -I/C/wsFreedomStudio/spike_hello/freedom-metal     -march=rv64imafdc -mabi=lp64d -mcmodel=medany -ffunction-sections -fdata-sections -I/C/wsFreedomStudio/spike_hello/bsp/install/include --specs=nano.specs -DMTIME_RATE_HZ_DEF=32768 -fcommon -O0 -g -MT src/drivers/sifive_gpio-leds.o -MD -MP -MF $depbase.Tpo -c -o src/drivers/sifive_gpio-leds.o /C/wsFreedomStudio/spike_hello/freedom-metal/src/drivers/sifive_gpio-leds.c &&\
mv -f $depbase.Tpo $depbase.Po
depbase=`echo src/drivers/sifive_gpio-switches.o | sed 's|[^/]*$|.deps/&|;s|\.o$||'`;\
riscv64-unknown-elf-gcc -DPACKAGE_NAME=\"freedom-metal\" -DPACKAGE_TARNAME=\"freedom-metal\" -DPACKAGE_VERSION=\"v0.1.2\" -DPACKAGE_STRING=\"freedom-metal\ v0.1.2\" -DPACKAGE_BUGREPORT=\"https://github.com/sifive/freedom-metal/issues\" -DPACKAGE_URL=\"https://github.com/sifive/freedom-metal\" -DPACKAGE=\"freedom-metal\" -DVERSION=\"v0.1.2\" -I. -I/C/wsFreedomStudio/spike_hello/freedom-metal     -march=rv64imafdc -mabi=lp64d -mcmodel=medany -ffunction-sections -fdata-sections -I/C/wsFreedomStudio/spike_hello/bsp/install/include --specs=nano.specs -DMTIME_RATE_HZ_DEF=32768 -fcommon -O0 -g -MT src/drivers/sifive_gpio-switches.o -MD -MP -MF $depbase.Tpo -c -o src/drivers/sifive_gpio-switches.o /C/wsFreedomStudio/spike_hello/freedom-metal/src/drivers/sifive_gpio-switches.c &&\
mv -f $depbase.Tpo $depbase.Po
depbase=`echo src/drivers/sifive_gpio0.o | sed 's|[^/]*$|.deps/&|;s|\.o$||'`;\
riscv64-unknown-elf-gcc -DPACKAGE_NAME=\"freedom-metal\" -DPACKAGE_TARNAME=\"freedom-metal\" -DPACKAGE_VERSION=\"v0.1.2\" -DPACKAGE_STRING=\"freedom-metal\ v0.1.2\" -DPACKAGE_BUGREPORT=\"https://github.com/sifive/freedom-metal/issues\" -DPACKAGE_URL=\"https://github.com/sifive/freedom-metal\" -DPACKAGE=\"freedom-metal\" -DVERSION=\"v0.1.2\" -I. -I/C/wsFreedomStudio/spike_hello/freedom-metal     -march=rv64imafdc -mabi=lp64d -mcmodel=medany -ffunction-sections -fdata-sections -I/C/wsFreedomStudio/spike_hello/bsp/install/include --specs=nano.specs -DMTIME_RATE_HZ_DEF=32768 -fcommon -O0 -g -MT src/drivers/sifive_gpio0.o -MD -MP -MF $depbase.Tpo -c -o src/drivers/sifive_gpio0.o /C/wsFreedomStudio/spike_hello/freedom-metal/src/drivers/sifive_gpio0.c &&\
mv -f $depbase.Tpo $depbase.Po
depbase=`echo src/drivers/sifive_i2c0.o | sed 's|[^/]*$|.deps/&|;s|\.o$||'`;\
riscv64-unknown-elf-gcc -DPACKAGE_NAME=\"freedom-metal\" -DPACKAGE_TARNAME=\"freedom-metal\" -DPACKAGE_VERSION=\"v0.1.2\" -DPACKAGE_STRING=\"freedom-metal\ v0.1.2\" -DPACKAGE_BUGREPORT=\"https://github.com/sifive/freedom-metal/issues\" -DPACKAGE_URL=\"https://github.com/sifive/freedom-metal\" -DPACKAGE=\"freedom-metal\" -DVERSION=\"v0.1.2\" -I. -I/C/wsFreedomStudio/spike_hello/freedom-metal     -march=rv64imafdc -mabi=lp64d -mcmodel=medany -ffunction-sections -fdata-sections -I/C/wsFreedomStudio/spike_hello/bsp/install/include --specs=nano.specs -DMTIME_RATE_HZ_DEF=32768 -fcommon -O0 -g -MT src/drivers/sifive_i2c0.o -MD -MP -MF $depbase.Tpo -c -o src/drivers/sifive_i2c0.o /C/wsFreedomStudio/spike_hello/freedom-metal/src/drivers/sifive_i2c0.c &&\
mv -f $depbase.Tpo $depbase.Po
depbase=`echo src/drivers/sifive_l2pf0.o | sed 's|[^/]*$|.deps/&|;s|\.o$||'`;\
riscv64-unknown-elf-gcc -DPACKAGE_NAME=\"freedom-metal\" -DPACKAGE_TARNAME=\"freedom-metal\" -DPACKAGE_VERSION=\"v0.1.2\" -DPACKAGE_STRING=\"freedom-metal\ v0.1.2\" -DPACKAGE_BUGREPORT=\"https://github.com/sifive/freedom-metal/issues\" -DPACKAGE_URL=\"https://github.com/sifive/freedom-metal\" -DPACKAGE=\"freedom-metal\" -DVERSION=\"v0.1.2\" -I. -I/C/wsFreedomStudio/spike_hello/freedom-metal     -march=rv64imafdc -mabi=lp64d -mcmodel=medany -ffunction-sections -fdata-sections -I/C/wsFreedomStudio/spike_hello/bsp/install/include --specs=nano.specs -DMTIME_RATE_HZ_DEF=32768 -fcommon -O0 -g -MT src/drivers/sifive_l2pf0.o -MD -MP -MF $depbase.Tpo -c -o src/drivers/sifive_l2pf0.o /C/wsFreedomStudio/spike_hello/freedom-metal/src/drivers/sifive_l2pf0.c &&\
mv -f $depbase.Tpo $depbase.Po
depbase=`echo src/drivers/sifive_local-external-interrupts0.o | sed 's|[^/]*$|.deps/&|;s|\.o$||'`;\
riscv64-unknown-elf-gcc -DPACKAGE_NAME=\"freedom-metal\" -DPACKAGE_TARNAME=\"freedom-metal\" -DPACKAGE_VERSION=\"v0.1.2\" -DPACKAGE_STRING=\"freedom-metal\ v0.1.2\" -DPACKAGE_BUGREPORT=\"https://github.com/sifive/freedom-metal/issues\" -DPACKAGE_URL=\"https://github.com/sifive/freedom-metal\" -DPACKAGE=\"freedom-metal\" -DVERSION=\"v0.1.2\" -I. -I/C/wsFreedomStudio/spike_hello/freedom-metal     -march=rv64imafdc -mabi=lp64d -mcmodel=medany -ffunction-sections -fdata-sections -I/C/wsFreedomStudio/spike_hello/bsp/install/include --specs=nano.specs -DMTIME_RATE_HZ_DEF=32768 -fcommon -O0 -g -MT src/drivers/sifive_local-external-interrupts0.o -MD -MP -MF $depbase.Tpo -c -o src/drivers/sifive_local-external-interrupts0.o /C/wsFreedomStudio/spike_hello/freedom-metal/src/drivers/sifive_local-external-interrupts0.c &&\
mv -f $depbase.Tpo $depbase.Po
depbase=`echo src/drivers/sifive_pwm0.o | sed 's|[^/]*$|.deps/&|;s|\.o$||'`;\
riscv64-unknown-elf-gcc -DPACKAGE_NAME=\"freedom-metal\" -DPACKAGE_TARNAME=\"freedom-metal\" -DPACKAGE_VERSION=\"v0.1.2\" -DPACKAGE_STRING=\"freedom-metal\ v0.1.2\" -DPACKAGE_BUGREPORT=\"https://github.com/sifive/freedom-metal/issues\" -DPACKAGE_URL=\"https://github.com/sifive/freedom-metal\" -DPACKAGE=\"freedom-metal\" -DVERSION=\"v0.1.2\" -I. -I/C/wsFreedomStudio/spike_hello/freedom-metal     -march=rv64imafdc -mabi=lp64d -mcmodel=medany -ffunction-sections -fdata-sections -I/C/wsFreedomStudio/spike_hello/bsp/install/include --specs=nano.specs -DMTIME_RATE_HZ_DEF=32768 -fcommon -O0 -g -MT src/drivers/sifive_pwm0.o -MD -MP -MF $depbase.Tpo -c -o src/drivers/sifive_pwm0.o /C/wsFreedomStudio/spike_hello/freedom-metal/src/drivers/sifive_pwm0.c &&\
mv -f $depbase.Tpo $depbase.Po
depbase=`echo src/drivers/sifive_rtc0.o | sed 's|[^/]*$|.deps/&|;s|\.o$||'`;\
riscv64-unknown-elf-gcc -DPACKAGE_NAME=\"freedom-metal\" -DPACKAGE_TARNAME=\"freedom-metal\" -DPACKAGE_VERSION=\"v0.1.2\" -DPACKAGE_STRING=\"freedom-metal\ v0.1.2\" -DPACKAGE_BUGREPORT=\"https://github.com/sifive/freedom-metal/issues\" -DPACKAGE_URL=\"https://github.com/sifive/freedom-metal\" -DPACKAGE=\"freedom-metal\" -DVERSION=\"v0.1.2\" -I. -I/C/wsFreedomStudio/spike_hello/freedom-metal     -march=rv64imafdc -mabi=lp64d -mcmodel=medany -ffunction-sections -fdata-sections -I/C/wsFreedomStudio/spike_hello/bsp/install/include --specs=nano.specs -DMTIME_RATE_HZ_DEF=32768 -fcommon -O0 -g -MT src/drivers/sifive_rtc0.o -MD -MP -MF $depbase.Tpo -c -o src/drivers/sifive_rtc0.o /C/wsFreedomStudio/spike_hello/freedom-metal/src/drivers/sifive_rtc0.c &&\
mv -f $depbase.Tpo $depbase.Po
depbase=`echo src/drivers/sifive_spi0.o | sed 's|[^/]*$|.deps/&|;s|\.o$||'`;\
riscv64-unknown-elf-gcc -DPACKAGE_NAME=\"freedom-metal\" -DPACKAGE_TARNAME=\"freedom-metal\" -DPACKAGE_VERSION=\"v0.1.2\" -DPACKAGE_STRING=\"freedom-metal\ v0.1.2\" -DPACKAGE_BUGREPORT=\"https://github.com/sifive/freedom-metal/issues\" -DPACKAGE_URL=\"https://github.com/sifive/freedom-metal\" -DPACKAGE=\"freedom-metal\" -DVERSION=\"v0.1.2\" -I. -I/C/wsFreedomStudio/spike_hello/freedom-metal     -march=rv64imafdc -mabi=lp64d -mcmodel=medany -ffunction-sections -fdata-sections -I/C/wsFreedomStudio/spike_hello/bsp/install/include --specs=nano.specs -DMTIME_RATE_HZ_DEF=32768 -fcommon -O0 -g -MT src/drivers/sifive_spi0.o -MD -MP -MF $depbase.Tpo -c -o src/drivers/sifive_spi0.o /C/wsFreedomStudio/spike_hello/freedom-metal/src/drivers/sifive_spi0.c &&\
mv -f $depbase.Tpo $depbase.Po
depbase=`echo src/drivers/sifive_test0.o | sed 's|[^/]*$|.deps/&|;s|\.o$||'`;\
riscv64-unknown-elf-gcc -DPACKAGE_NAME=\"freedom-metal\" -DPACKAGE_TARNAME=\"freedom-metal\" -DPACKAGE_VERSION=\"v0.1.2\" -DPACKAGE_STRING=\"freedom-metal\ v0.1.2\" -DPACKAGE_BUGREPORT=\"https://github.com/sifive/freedom-metal/issues\" -DPACKAGE_URL=\"https://github.com/sifive/freedom-metal\" -DPACKAGE=\"freedom-metal\" -DVERSION=\"v0.1.2\" -I. -I/C/wsFreedomStudio/spike_hello/freedom-metal     -march=rv64imafdc -mabi=lp64d -mcmodel=medany -ffunction-sections -fdata-sections -I/C/wsFreedomStudio/spike_hello/bsp/install/include --specs=nano.specs -DMTIME_RATE_HZ_DEF=32768 -fcommon -O0 -g -MT src/drivers/sifive_test0.o -MD -MP -MF $depbase.Tpo -c -o src/drivers/sifive_test0.o /C/wsFreedomStudio/spike_hello/freedom-metal/src/drivers/sifive_test0.c &&\
mv -f $depbase.Tpo $depbase.Po
depbase=`echo src/drivers/sifive_trace.o | sed 's|[^/]*$|.deps/&|;s|\.o$||'`;\
riscv64-unknown-elf-gcc -DPACKAGE_NAME=\"freedom-metal\" -DPACKAGE_TARNAME=\"freedom-metal\" -DPACKAGE_VERSION=\"v0.1.2\" -DPACKAGE_STRING=\"freedom-metal\ v0.1.2\" -DPACKAGE_BUGREPORT=\"https://github.com/sifive/freedom-metal/issues\" -DPACKAGE_URL=\"https://github.com/sifive/freedom-metal\" -DPACKAGE=\"freedom-metal\" -DVERSION=\"v0.1.2\" -I. -I/C/wsFreedomStudio/spike_hello/freedom-metal     -march=rv64imafdc -mabi=lp64d -mcmodel=medany -ffunction-sections -fdata-sections -I/C/wsFreedomStudio/spike_hello/bsp/install/include --specs=nano.specs -DMTIME_RATE_HZ_DEF=32768 -fcommon -O0 -g -MT src/drivers/sifive_trace.o -MD -MP -MF $depbase.Tpo -c -o src/drivers/sifive_trace.o /C/wsFreedomStudio/spike_hello/freedom-metal/src/drivers/sifive_trace.c &&\
mv -f $depbase.Tpo $depbase.Po
depbase=`echo src/drivers/sifive_uart0.o | sed 's|[^/]*$|.deps/&|;s|\.o$||'`;\
riscv64-unknown-elf-gcc -DPACKAGE_NAME=\"freedom-metal\" -DPACKAGE_TARNAME=\"freedom-metal\" -DPACKAGE_VERSION=\"v0.1.2\" -DPACKAGE_STRING=\"freedom-metal\ v0.1.2\" -DPACKAGE_BUGREPORT=\"https://github.com/sifive/freedom-metal/issues\" -DPACKAGE_URL=\"https://github.com/sifive/freedom-metal\" -DPACKAGE=\"freedom-metal\" -DVERSION=\"v0.1.2\" -I. -I/C/wsFreedomStudio/spike_hello/freedom-metal     -march=rv64imafdc -mabi=lp64d -mcmodel=medany -ffunction-sections -fdata-sections -I/C/wsFreedomStudio/spike_hello/bsp/install/include --specs=nano.specs -DMTIME_RATE_HZ_DEF=32768 -fcommon -O0 -g -MT src/drivers/sifive_uart0.o -MD -MP -MF $depbase.Tpo -c -o src/drivers/sifive_uart0.o /C/wsFreedomStudio/spike_hello/freedom-metal/src/drivers/sifive_uart0.c &&\
mv -f $depbase.Tpo $depbase.Po
depbase=`echo src/drivers/sifive_simuart0.o | sed 's|[^/]*$|.deps/&|;s|\.o$||'`;\
riscv64-unknown-elf-gcc -DPACKAGE_NAME=\"freedom-metal\" -DPACKAGE_TARNAME=\"freedom-metal\" -DPACKAGE_VERSION=\"v0.1.2\" -DPACKAGE_STRING=\"freedom-metal\ v0.1.2\" -DPACKAGE_BUGREPORT=\"https://github.com/sifive/freedom-metal/issues\" -DPACKAGE_URL=\"https://github.com/sifive/freedom-metal\" -DPACKAGE=\"freedom-metal\" -DVERSION=\"v0.1.2\" -I. -I/C/wsFreedomStudio/spike_hello/freedom-metal     -march=rv64imafdc -mabi=lp64d -mcmodel=medany -ffunction-sections -fdata-sections -I/C/wsFreedomStudio/spike_hello/bsp/install/include --specs=nano.specs -DMTIME_RATE_HZ_DEF=32768 -fcommon -O0 -g -MT src/drivers/sifive_simuart0.o -MD -MP -MF $depbase.Tpo -c -o src/drivers/sifive_simuart0.o /C/wsFreedomStudio/spike_hello/freedom-metal/src/drivers/sifive_simuart0.c &&\
mv -f $depbase.Tpo $depbase.Po
depbase=`echo src/drivers/sifive_wdog0.o | sed 's|[^/]*$|.deps/&|;s|\.o$||'`;\
riscv64-unknown-elf-gcc -DPACKAGE_NAME=\"freedom-metal\" -DPACKAGE_TARNAME=\"freedom-metal\" -DPACKAGE_VERSION=\"v0.1.2\" -DPACKAGE_STRING=\"freedom-metal\ v0.1.2\" -DPACKAGE_BUGREPORT=\"https://github.com/sifive/freedom-metal/issues\" -DPACKAGE_URL=\"https://github.com/sifive/freedom-metal\" -DPACKAGE=\"freedom-metal\" -DVERSION=\"v0.1.2\" -I. -I/C/wsFreedomStudio/spike_hello/freedom-metal     -march=rv64imafdc -mabi=lp64d -mcmodel=medany -ffunction-sections -fdata-sections -I/C/wsFreedomStudio/spike_hello/bsp/install/include --specs=nano.specs -DMTIME_RATE_HZ_DEF=32768 -fcommon -O0 -g -MT src/drivers/sifive_wdog0.o -MD -MP -MF $depbase.Tpo -c -o src/drivers/sifive_wdog0.o /C/wsFreedomStudio/spike_hello/freedom-metal/src/drivers/sifive_wdog0.c &&\
mv -f $depbase.Tpo $depbase.Po
depbase=`echo src/drivers/ucb_htif0.o | sed 's|[^/]*$|.deps/&|;s|\.o$||'`;\
riscv64-unknown-elf-gcc -DPACKAGE_NAME=\"freedom-metal\" -DPACKAGE_TARNAME=\"freedom-metal\" -DPACKAGE_VERSION=\"v0.1.2\" -DPACKAGE_STRING=\"freedom-metal\ v0.1.2\" -DPACKAGE_BUGREPORT=\"https://github.com/sifive/freedom-metal/issues\" -DPACKAGE_URL=\"https://github.com/sifive/freedom-metal\" -DPACKAGE=\"freedom-metal\" -DVERSION=\"v0.1.2\" -I. -I/C/wsFreedomStudio/spike_hello/freedom-metal     -march=rv64imafdc -mabi=lp64d -mcmodel=medany -ffunction-sections -fdata-sections -I/C/wsFreedomStudio/spike_hello/bsp/install/include --specs=nano.specs -DMTIME_RATE_HZ_DEF=32768 -fcommon -O0 -g -MT src/drivers/ucb_htif0.o -MD -MP -MF $depbase.Tpo -c -o src/drivers/ucb_htif0.o /C/wsFreedomStudio/spike_hello/freedom-metal/src/drivers/ucb_htif0.c &&\
mv -f $depbase.Tpo $depbase.Po
depbase=`echo src/atomic.o | sed 's|[^/]*$|.deps/&|;s|\.o$||'`;\
riscv64-unknown-elf-gcc -DPACKAGE_NAME=\"freedom-metal\" -DPACKAGE_TARNAME=\"freedom-metal\" -DPACKAGE_VERSION=\"v0.1.2\" -DPACKAGE_STRING=\"freedom-metal\ v0.1.2\" -DPACKAGE_BUGREPORT=\"https://github.com/sifive/freedom-metal/issues\" -DPACKAGE_URL=\"https://github.com/sifive/freedom-metal\" -DPACKAGE=\"freedom-metal\" -DVERSION=\"v0.1.2\" -I. -I/C/wsFreedomStudio/spike_hello/freedom-metal     -march=rv64imafdc -mabi=lp64d -mcmodel=medany -ffunction-sections -fdata-sections -I/C/wsFreedomStudio/spike_hello/bsp/install/include --specs=nano.specs -DMTIME_RATE_HZ_DEF=32768 -fcommon -O0 -g -MT src/atomic.o -MD -MP -MF $depbase.Tpo -c -o src/atomic.o /C/wsFreedomStudio/spike_hello/freedom-metal/src/atomic.c &&\
mv -f $depbase.Tpo $depbase.Po
depbase=`echo src/button.o | sed 's|[^/]*$|.deps/&|;s|\.o$||'`;\
riscv64-unknown-elf-gcc -DPACKAGE_NAME=\"freedom-metal\" -DPACKAGE_TARNAME=\"freedom-metal\" -DPACKAGE_VERSION=\"v0.1.2\" -DPACKAGE_STRING=\"freedom-metal\ v0.1.2\" -DPACKAGE_BUGREPORT=\"https://github.com/sifive/freedom-metal/issues\" -DPACKAGE_URL=\"https://github.com/sifive/freedom-metal\" -DPACKAGE=\"freedom-metal\" -DVERSION=\"v0.1.2\" -I. -I/C/wsFreedomStudio/spike_hello/freedom-metal     -march=rv64imafdc -mabi=lp64d -mcmodel=medany -ffunction-sections -fdata-sections -I/C/wsFreedomStudio/spike_hello/bsp/install/include --specs=nano.specs -DMTIME_RATE_HZ_DEF=32768 -fcommon -O0 -g -MT src/button.o -MD -MP -MF $depbase.Tpo -c -o src/button.o /C/wsFreedomStudio/spike_hello/freedom-metal/src/button.c &&\
mv -f $depbase.Tpo $depbase.Po
depbase=`echo src/cache.o | sed 's|[^/]*$|.deps/&|;s|\.o$||'`;\
riscv64-unknown-elf-gcc -DPACKAGE_NAME=\"freedom-metal\" -DPACKAGE_TARNAME=\"freedom-metal\" -DPACKAGE_VERSION=\"v0.1.2\" -DPACKAGE_STRING=\"freedom-metal\ v0.1.2\" -DPACKAGE_BUGREPORT=\"https://github.com/sifive/freedom-metal/issues\" -DPACKAGE_URL=\"https://github.com/sifive/freedom-metal\" -DPACKAGE=\"freedom-metal\" -DVERSION=\"v0.1.2\" -I. -I/C/wsFreedomStudio/spike_hello/freedom-metal     -march=rv64imafdc -mabi=lp64d -mcmodel=medany -ffunction-sections -fdata-sections -I/C/wsFreedomStudio/spike_hello/bsp/install/include --specs=nano.specs -DMTIME_RATE_HZ_DEF=32768 -fcommon -O0 -g -MT src/cache.o -MD -MP -MF $depbase.Tpo -c -o src/cache.o /C/wsFreedomStudio/spike_hello/freedom-metal/src/cache.c &&\
mv -f $depbase.Tpo $depbase.Po
depbase=`echo src/clock.o | sed 's|[^/]*$|.deps/&|;s|\.o$||'`;\
riscv64-unknown-elf-gcc -DPACKAGE_NAME=\"freedom-metal\" -DPACKAGE_TARNAME=\"freedom-metal\" -DPACKAGE_VERSION=\"v0.1.2\" -DPACKAGE_STRING=\"freedom-metal\ v0.1.2\" -DPACKAGE_BUGREPORT=\"https://github.com/sifive/freedom-metal/issues\" -DPACKAGE_URL=\"https://github.com/sifive/freedom-metal\" -DPACKAGE=\"freedom-metal\" -DVERSION=\"v0.1.2\" -I. -I/C/wsFreedomStudio/spike_hello/freedom-metal     -march=rv64imafdc -mabi=lp64d -mcmodel=medany -ffunction-sections -fdata-sections -I/C/wsFreedomStudio/spike_hello/bsp/install/include --specs=nano.specs -DMTIME_RATE_HZ_DEF=32768 -fcommon -O0 -g -MT src/clock.o -MD -MP -MF $depbase.Tpo -c -o src/clock.o /C/wsFreedomStudio/spike_hello/freedom-metal/src/clock.c &&\
mv -f $depbase.Tpo $depbase.Po
depbase=`echo src/cpu.o | sed 's|[^/]*$|.deps/&|;s|\.o$||'`;\
riscv64-unknown-elf-gcc -DPACKAGE_NAME=\"freedom-metal\" -DPACKAGE_TARNAME=\"freedom-metal\" -DPACKAGE_VERSION=\"v0.1.2\" -DPACKAGE_STRING=\"freedom-metal\ v0.1.2\" -DPACKAGE_BUGREPORT=\"https://github.com/sifive/freedom-metal/issues\" -DPACKAGE_URL=\"https://github.com/sifive/freedom-metal\" -DPACKAGE=\"freedom-metal\" -DVERSION=\"v0.1.2\" -I. -I/C/wsFreedomStudio/spike_hello/freedom-metal     -march=rv64imafdc -mabi=lp64d -mcmodel=medany -ffunction-sections -fdata-sections -I/C/wsFreedomStudio/spike_hello/bsp/install/include --specs=nano.specs -DMTIME_RATE_HZ_DEF=32768 -fcommon -O0 -g -MT src/cpu.o -MD -MP -MF $depbase.Tpo -c -o src/cpu.o /C/wsFreedomStudio/spike_hello/freedom-metal/src/cpu.c &&\
mv -f $depbase.Tpo $depbase.Po
depbase=`echo src/entry.o | sed 's|[^/]*$|.deps/&|;s|\.o$||'`;\
riscv64-unknown-elf-gcc -DPACKAGE_NAME=\"freedom-metal\" -DPACKAGE_TARNAME=\"freedom-metal\" -DPACKAGE_VERSION=\"v0.1.2\" -DPACKAGE_STRING=\"freedom-metal\ v0.1.2\" -DPACKAGE_BUGREPORT=\"https://github.com/sifive/freedom-metal/issues\" -DPACKAGE_URL=\"https://github.com/sifive/freedom-metal\" -DPACKAGE=\"freedom-metal\" -DVERSION=\"v0.1.2\" -I. -I/C/wsFreedomStudio/spike_hello/freedom-metal     -march=rv64imafdc -mabi=lp64d -mcmodel=medany -ffunction-sections -fdata-sections -I/C/wsFreedomStudio/spike_hello/bsp/install/include --specs=nano.specs -DMTIME_RATE_HZ_DEF=32768 -fcommon -O0 -g -MT src/entry.o -MD -MP -MF $depbase.Tpo -c -o src/entry.o /C/wsFreedomStudio/spike_hello/freedom-metal/src/entry.S &&\
mv -f $depbase.Tpo $depbase.Po
depbase=`echo src/scrub.o | sed 's|[^/]*$|.deps/&|;s|\.o$||'`;\
riscv64-unknown-elf-gcc -DPACKAGE_NAME=\"freedom-metal\" -DPACKAGE_TARNAME=\"freedom-metal\" -DPACKAGE_VERSION=\"v0.1.2\" -DPACKAGE_STRING=\"freedom-metal\ v0.1.2\" -DPACKAGE_BUGREPORT=\"https://github.com/sifive/freedom-metal/issues\" -DPACKAGE_URL=\"https://github.com/sifive/freedom-metal\" -DPACKAGE=\"freedom-metal\" -DVERSION=\"v0.1.2\" -I. -I/C/wsFreedomStudio/spike_hello/freedom-metal     -march=rv64imafdc -mabi=lp64d -mcmodel=medany -ffunction-sections -fdata-sections -I/C/wsFreedomStudio/spike_hello/bsp/install/include --specs=nano.specs -DMTIME_RATE_HZ_DEF=32768 -fcommon -O0 -g -MT src/scrub.o -MD -MP -MF $depbase.Tpo -c -o src/scrub.o /C/wsFreedomStudio/spike_hello/freedom-metal/src/scrub.S &&\
mv -f $depbase.Tpo $depbase.Po
depbase=`echo src/trap.o | sed 's|[^/]*$|.deps/&|;s|\.o$||'`;\
riscv64-unknown-elf-gcc -DPACKAGE_NAME=\"freedom-metal\" -DPACKAGE_TARNAME=\"freedom-metal\" -DPACKAGE_VERSION=\"v0.1.2\" -DPACKAGE_STRING=\"freedom-metal\ v0.1.2\" -DPACKAGE_BUGREPORT=\"https://github.com/sifive/freedom-metal/issues\" -DPACKAGE_URL=\"https://github.com/sifive/freedom-metal\" -DPACKAGE=\"freedom-metal\" -DVERSION=\"v0.1.2\" -I. -I/C/wsFreedomStudio/spike_hello/freedom-metal     -march=rv64imafdc -mabi=lp64d -mcmodel=medany -ffunction-sections -fdata-sections -I/C/wsFreedomStudio/spike_hello/bsp/install/include --specs=nano.specs -DMTIME_RATE_HZ_DEF=32768 -fcommon -O0 -g -MT src/trap.o -MD -MP -MF $depbase.Tpo -c -o src/trap.o /C/wsFreedomStudio/spike_hello/freedom-metal/src/trap.S &&\
mv -f $depbase.Tpo $depbase.Po
depbase=`echo src/gpio.o | sed 's|[^/]*$|.deps/&|;s|\.o$||'`;\
riscv64-unknown-elf-gcc -DPACKAGE_NAME=\"freedom-metal\" -DPACKAGE_TARNAME=\"freedom-metal\" -DPACKAGE_VERSION=\"v0.1.2\" -DPACKAGE_STRING=\"freedom-metal\ v0.1.2\" -DPACKAGE_BUGREPORT=\"https://github.com/sifive/freedom-metal/issues\" -DPACKAGE_URL=\"https://github.com/sifive/freedom-metal\" -DPACKAGE=\"freedom-metal\" -DVERSION=\"v0.1.2\" -I. -I/C/wsFreedomStudio/spike_hello/freedom-metal     -march=rv64imafdc -mabi=lp64d -mcmodel=medany -ffunction-sections -fdata-sections -I/C/wsFreedomStudio/spike_hello/bsp/install/include --specs=nano.specs -DMTIME_RATE_HZ_DEF=32768 -fcommon -O0 -g -MT src/gpio.o -MD -MP -MF $depbase.Tpo -c -o src/gpio.o /C/wsFreedomStudio/spike_hello/freedom-metal/src/gpio.c &&\
mv -f $depbase.Tpo $depbase.Po
depbase=`echo src/hpm.o | sed 's|[^/]*$|.deps/&|;s|\.o$||'`;\
riscv64-unknown-elf-gcc -DPACKAGE_NAME=\"freedom-metal\" -DPACKAGE_TARNAME=\"freedom-metal\" -DPACKAGE_VERSION=\"v0.1.2\" -DPACKAGE_STRING=\"freedom-metal\ v0.1.2\" -DPACKAGE_BUGREPORT=\"https://github.com/sifive/freedom-metal/issues\" -DPACKAGE_URL=\"https://github.com/sifive/freedom-metal\" -DPACKAGE=\"freedom-metal\" -DVERSION=\"v0.1.2\" -I. -I/C/wsFreedomStudio/spike_hello/freedom-metal     -march=rv64imafdc -mabi=lp64d -mcmodel=medany -ffunction-sections -fdata-sections -I/C/wsFreedomStudio/spike_hello/bsp/install/include --specs=nano.specs -DMTIME_RATE_HZ_DEF=32768 -fcommon -O0 -g -MT src/hpm.o -MD -MP -MF $depbase.Tpo -c -o src/hpm.o /C/wsFreedomStudio/spike_hello/freedom-metal/src/hpm.c &&\
mv -f $depbase.Tpo $depbase.Po
depbase=`echo src/i2c.o | sed 's|[^/]*$|.deps/&|;s|\.o$||'`;\
riscv64-unknown-elf-gcc -DPACKAGE_NAME=\"freedom-metal\" -DPACKAGE_TARNAME=\"freedom-metal\" -DPACKAGE_VERSION=\"v0.1.2\" -DPACKAGE_STRING=\"freedom-metal\ v0.1.2\" -DPACKAGE_BUGREPORT=\"https://github.com/sifive/freedom-metal/issues\" -DPACKAGE_URL=\"https://github.com/sifive/freedom-metal\" -DPACKAGE=\"freedom-metal\" -DVERSION=\"v0.1.2\" -I. -I/C/wsFreedomStudio/spike_hello/freedom-metal     -march=rv64imafdc -mabi=lp64d -mcmodel=medany -ffunction-sections -fdata-sections -I/C/wsFreedomStudio/spike_hello/bsp/install/include --specs=nano.specs -DMTIME_RATE_HZ_DEF=32768 -fcommon -O0 -g -MT src/i2c.o -MD -MP -MF $depbase.Tpo -c -o src/i2c.o /C/wsFreedomStudio/spike_hello/freedom-metal/src/i2c.c &&\
mv -f $depbase.Tpo $depbase.Po
depbase=`echo src/init.o | sed 's|[^/]*$|.deps/&|;s|\.o$||'`;\
riscv64-unknown-elf-gcc -DPACKAGE_NAME=\"freedom-metal\" -DPACKAGE_TARNAME=\"freedom-metal\" -DPACKAGE_VERSION=\"v0.1.2\" -DPACKAGE_STRING=\"freedom-metal\ v0.1.2\" -DPACKAGE_BUGREPORT=\"https://github.com/sifive/freedom-metal/issues\" -DPACKAGE_URL=\"https://github.com/sifive/freedom-metal\" -DPACKAGE=\"freedom-metal\" -DVERSION=\"v0.1.2\" -I. -I/C/wsFreedomStudio/spike_hello/freedom-metal     -march=rv64imafdc -mabi=lp64d -mcmodel=medany -ffunction-sections -fdata-sections -I/C/wsFreedomStudio/spike_hello/bsp/install/include --specs=nano.specs -DMTIME_RATE_HZ_DEF=32768 -fcommon -O0 -g -MT src/init.o -MD -MP -MF $depbase.Tpo -c -o src/init.o /C/wsFreedomStudio/spike_hello/freedom-metal/src/init.c &&\
mv -f $depbase.Tpo $depbase.Po
depbase=`echo src/interrupt.o | sed 's|[^/]*$|.deps/&|;s|\.o$||'`;\
riscv64-unknown-elf-gcc -DPACKAGE_NAME=\"freedom-metal\" -DPACKAGE_TARNAME=\"freedom-metal\" -DPACKAGE_VERSION=\"v0.1.2\" -DPACKAGE_STRING=\"freedom-metal\ v0.1.2\" -DPACKAGE_BUGREPORT=\"https://github.com/sifive/freedom-metal/issues\" -DPACKAGE_URL=\"https://github.com/sifive/freedom-metal\" -DPACKAGE=\"freedom-metal\" -DVERSION=\"v0.1.2\" -I. -I/C/wsFreedomStudio/spike_hello/freedom-metal     -march=rv64imafdc -mabi=lp64d -mcmodel=medany -ffunction-sections -fdata-sections -I/C/wsFreedomStudio/spike_hello/bsp/install/include --specs=nano.specs -DMTIME_RATE_HZ_DEF=32768 -fcommon -O0 -g -MT src/interrupt.o -MD -MP -MF $depbase.Tpo -c -o src/interrupt.o /C/wsFreedomStudio/spike_hello/freedom-metal/src/interrupt.c &&\
mv -f $depbase.Tpo $depbase.Po
depbase=`echo src/led.o | sed 's|[^/]*$|.deps/&|;s|\.o$||'`;\
riscv64-unknown-elf-gcc -DPACKAGE_NAME=\"freedom-metal\" -DPACKAGE_TARNAME=\"freedom-metal\" -DPACKAGE_VERSION=\"v0.1.2\" -DPACKAGE_STRING=\"freedom-metal\ v0.1.2\" -DPACKAGE_BUGREPORT=\"https://github.com/sifive/freedom-metal/issues\" -DPACKAGE_URL=\"https://github.com/sifive/freedom-metal\" -DPACKAGE=\"freedom-metal\" -DVERSION=\"v0.1.2\" -I. -I/C/wsFreedomStudio/spike_hello/freedom-metal     -march=rv64imafdc -mabi=lp64d -mcmodel=medany -ffunction-sections -fdata-sections -I/C/wsFreedomStudio/spike_hello/bsp/install/include --specs=nano.specs -DMTIME_RATE_HZ_DEF=32768 -fcommon -O0 -g -MT src/led.o -MD -MP -MF $depbase.Tpo -c -o src/led.o /C/wsFreedomStudio/spike_hello/freedom-metal/src/led.c &&\
mv -f $depbase.Tpo $depbase.Po
depbase=`echo src/lock.o | sed 's|[^/]*$|.deps/&|;s|\.o$||'`;\
riscv64-unknown-elf-gcc -DPACKAGE_NAME=\"freedom-metal\" -DPACKAGE_TARNAME=\"freedom-metal\" -DPACKAGE_VERSION=\"v0.1.2\" -DPACKAGE_STRING=\"freedom-metal\ v0.1.2\" -DPACKAGE_BUGREPORT=\"https://github.com/sifive/freedom-metal/issues\" -DPACKAGE_URL=\"https://github.com/sifive/freedom-metal\" -DPACKAGE=\"freedom-metal\" -DVERSION=\"v0.1.2\" -I. -I/C/wsFreedomStudio/spike_hello/freedom-metal     -march=rv64imafdc -mabi=lp64d -mcmodel=medany -ffunction-sections -fdata-sections -I/C/wsFreedomStudio/spike_hello/bsp/install/include --specs=nano.specs -DMTIME_RATE_HZ_DEF=32768 -fcommon -O0 -g -MT src/lock.o -MD -MP -MF $depbase.Tpo -c -o src/lock.o /C/wsFreedomStudio/spike_hello/freedom-metal/src/lock.c &&\
mv -f $depbase.Tpo $depbase.Po
depbase=`echo src/memory.o | sed 's|[^/]*$|.deps/&|;s|\.o$||'`;\
riscv64-unknown-elf-gcc -DPACKAGE_NAME=\"freedom-metal\" -DPACKAGE_TARNAME=\"freedom-metal\" -DPACKAGE_VERSION=\"v0.1.2\" -DPACKAGE_STRING=\"freedom-metal\ v0.1.2\" -DPACKAGE_BUGREPORT=\"https://github.com/sifive/freedom-metal/issues\" -DPACKAGE_URL=\"https://github.com/sifive/freedom-metal\" -DPACKAGE=\"freedom-metal\" -DVERSION=\"v0.1.2\" -I. -I/C/wsFreedomStudio/spike_hello/freedom-metal     -march=rv64imafdc -mabi=lp64d -mcmodel=medany -ffunction-sections -fdata-sections -I/C/wsFreedomStudio/spike_hello/bsp/install/include --specs=nano.specs -DMTIME_RATE_HZ_DEF=32768 -fcommon -O0 -g -MT src/memory.o -MD -MP -MF $depbase.Tpo -c -o src/memory.o /C/wsFreedomStudio/spike_hello/freedom-metal/src/memory.c &&\
mv -f $depbase.Tpo $depbase.Po
depbase=`echo src/pmp.o | sed 's|[^/]*$|.deps/&|;s|\.o$||'`;\
riscv64-unknown-elf-gcc -DPACKAGE_NAME=\"freedom-metal\" -DPACKAGE_TARNAME=\"freedom-metal\" -DPACKAGE_VERSION=\"v0.1.2\" -DPACKAGE_STRING=\"freedom-metal\ v0.1.2\" -DPACKAGE_BUGREPORT=\"https://github.com/sifive/freedom-metal/issues\" -DPACKAGE_URL=\"https://github.com/sifive/freedom-metal\" -DPACKAGE=\"freedom-metal\" -DVERSION=\"v0.1.2\" -I. -I/C/wsFreedomStudio/spike_hello/freedom-metal     -march=rv64imafdc -mabi=lp64d -mcmodel=medany -ffunction-sections -fdata-sections -I/C/wsFreedomStudio/spike_hello/bsp/install/include --specs=nano.specs -DMTIME_RATE_HZ_DEF=32768 -fcommon -O0 -g -MT src/pmp.o -MD -MP -MF $depbase.Tpo -c -o src/pmp.o /C/wsFreedomStudio/spike_hello/freedom-metal/src/pmp.c &&\
mv -f $depbase.Tpo $depbase.Po
depbase=`echo src/privilege.o | sed 's|[^/]*$|.deps/&|;s|\.o$||'`;\
riscv64-unknown-elf-gcc -DPACKAGE_NAME=\"freedom-metal\" -DPACKAGE_TARNAME=\"freedom-metal\" -DPACKAGE_VERSION=\"v0.1.2\" -DPACKAGE_STRING=\"freedom-metal\ v0.1.2\" -DPACKAGE_BUGREPORT=\"https://github.com/sifive/freedom-metal/issues\" -DPACKAGE_URL=\"https://github.com/sifive/freedom-metal\" -DPACKAGE=\"freedom-metal\" -DVERSION=\"v0.1.2\" -I. -I/C/wsFreedomStudio/spike_hello/freedom-metal     -march=rv64imafdc -mabi=lp64d -mcmodel=medany -ffunction-sections -fdata-sections -I/C/wsFreedomStudio/spike_hello/bsp/install/include --specs=nano.specs -DMTIME_RATE_HZ_DEF=32768 -fcommon -O0 -g -MT src/privilege.o -MD -MP -MF $depbase.Tpo -c -o src/privilege.o /C/wsFreedomStudio/spike_hello/freedom-metal/src/privilege.c &&\
mv -f $depbase.Tpo $depbase.Po
depbase=`echo src/pwm.o | sed 's|[^/]*$|.deps/&|;s|\.o$||'`;\
riscv64-unknown-elf-gcc -DPACKAGE_NAME=\"freedom-metal\" -DPACKAGE_TARNAME=\"freedom-metal\" -DPACKAGE_VERSION=\"v0.1.2\" -DPACKAGE_STRING=\"freedom-metal\ v0.1.2\" -DPACKAGE_BUGREPORT=\"https://github.com/sifive/freedom-metal/issues\" -DPACKAGE_URL=\"https://github.com/sifive/freedom-metal\" -DPACKAGE=\"freedom-metal\" -DVERSION=\"v0.1.2\" -I. -I/C/wsFreedomStudio/spike_hello/freedom-metal     -march=rv64imafdc -mabi=lp64d -mcmodel=medany -ffunction-sections -fdata-sections -I/C/wsFreedomStudio/spike_hello/bsp/install/include --specs=nano.specs -DMTIME_RATE_HZ_DEF=32768 -fcommon -O0 -g -MT src/pwm.o -MD -MP -MF $depbase.Tpo -c -o src/pwm.o /C/wsFreedomStudio/spike_hello/freedom-metal/src/pwm.c &&\
mv -f $depbase.Tpo $depbase.Po
depbase=`echo src/rtc.o | sed 's|[^/]*$|.deps/&|;s|\.o$||'`;\
riscv64-unknown-elf-gcc -DPACKAGE_NAME=\"freedom-metal\" -DPACKAGE_TARNAME=\"freedom-metal\" -DPACKAGE_VERSION=\"v0.1.2\" -DPACKAGE_STRING=\"freedom-metal\ v0.1.2\" -DPACKAGE_BUGREPORT=\"https://github.com/sifive/freedom-metal/issues\" -DPACKAGE_URL=\"https://github.com/sifive/freedom-metal\" -DPACKAGE=\"freedom-metal\" -DVERSION=\"v0.1.2\" -I. -I/C/wsFreedomStudio/spike_hello/freedom-metal     -march=rv64imafdc -mabi=lp64d -mcmodel=medany -ffunction-sections -fdata-sections -I/C/wsFreedomStudio/spike_hello/bsp/install/include --specs=nano.specs -DMTIME_RATE_HZ_DEF=32768 -fcommon -O0 -g -MT src/rtc.o -MD -MP -MF $depbase.Tpo -c -o src/rtc.o /C/wsFreedomStudio/spike_hello/freedom-metal/src/rtc.c &&\
mv -f $depbase.Tpo $depbase.Po
depbase=`echo src/shutdown.o | sed 's|[^/]*$|.deps/&|;s|\.o$||'`;\
riscv64-unknown-elf-gcc -DPACKAGE_NAME=\"freedom-metal\" -DPACKAGE_TARNAME=\"freedom-metal\" -DPACKAGE_VERSION=\"v0.1.2\" -DPACKAGE_STRING=\"freedom-metal\ v0.1.2\" -DPACKAGE_BUGREPORT=\"https://github.com/sifive/freedom-metal/issues\" -DPACKAGE_URL=\"https://github.com/sifive/freedom-metal\" -DPACKAGE=\"freedom-metal\" -DVERSION=\"v0.1.2\" -I. -I/C/wsFreedomStudio/spike_hello/freedom-metal     -march=rv64imafdc -mabi=lp64d -mcmodel=medany -ffunction-sections -fdata-sections -I/C/wsFreedomStudio/spike_hello/bsp/install/include --specs=nano.specs -DMTIME_RATE_HZ_DEF=32768 -fcommon -O0 -g -MT src/shutdown.o -MD -MP -MF $depbase.Tpo -c -o src/shutdown.o /C/wsFreedomStudio/spike_hello/freedom-metal/src/shutdown.c &&\
mv -f $depbase.Tpo $depbase.Po
depbase=`echo src/spi.o | sed 's|[^/]*$|.deps/&|;s|\.o$||'`;\
riscv64-unknown-elf-gcc -DPACKAGE_NAME=\"freedom-metal\" -DPACKAGE_TARNAME=\"freedom-metal\" -DPACKAGE_VERSION=\"v0.1.2\" -DPACKAGE_STRING=\"freedom-metal\ v0.1.2\" -DPACKAGE_BUGREPORT=\"https://github.com/sifive/freedom-metal/issues\" -DPACKAGE_URL=\"https://github.com/sifive/freedom-metal\" -DPACKAGE=\"freedom-metal\" -DVERSION=\"v0.1.2\" -I. -I/C/wsFreedomStudio/spike_hello/freedom-metal     -march=rv64imafdc -mabi=lp64d -mcmodel=medany -ffunction-sections -fdata-sections -I/C/wsFreedomStudio/spike_hello/bsp/install/include --specs=nano.specs -DMTIME_RATE_HZ_DEF=32768 -fcommon -O0 -g -MT src/spi.o -MD -MP -MF $depbase.Tpo -c -o src/spi.o /C/wsFreedomStudio/spike_hello/freedom-metal/src/spi.c &&\
mv -f $depbase.Tpo $depbase.Po
depbase=`echo src/switch.o | sed 's|[^/]*$|.deps/&|;s|\.o$||'`;\
riscv64-unknown-elf-gcc -DPACKAGE_NAME=\"freedom-metal\" -DPACKAGE_TARNAME=\"freedom-metal\" -DPACKAGE_VERSION=\"v0.1.2\" -DPACKAGE_STRING=\"freedom-metal\ v0.1.2\" -DPACKAGE_BUGREPORT=\"https://github.com/sifive/freedom-metal/issues\" -DPACKAGE_URL=\"https://github.com/sifive/freedom-metal\" -DPACKAGE=\"freedom-metal\" -DVERSION=\"v0.1.2\" -I. -I/C/wsFreedomStudio/spike_hello/freedom-metal     -march=rv64imafdc -mabi=lp64d -mcmodel=medany -ffunction-sections -fdata-sections -I/C/wsFreedomStudio/spike_hello/bsp/install/include --specs=nano.specs -DMTIME_RATE_HZ_DEF=32768 -fcommon -O0 -g -MT src/switch.o -MD -MP -MF $depbase.Tpo -c -o src/switch.o /C/wsFreedomStudio/spike_hello/freedom-metal/src/switch.c &&\
mv -f $depbase.Tpo $depbase.Po
depbase=`echo src/synchronize_harts.o | sed 's|[^/]*$|.deps/&|;s|\.o$||'`;\
riscv64-unknown-elf-gcc -DPACKAGE_NAME=\"freedom-metal\" -DPACKAGE_TARNAME=\"freedom-metal\" -DPACKAGE_VERSION=\"v0.1.2\" -DPACKAGE_STRING=\"freedom-metal\ v0.1.2\" -DPACKAGE_BUGREPORT=\"https://github.com/sifive/freedom-metal/issues\" -DPACKAGE_URL=\"https://github.com/sifive/freedom-metal\" -DPACKAGE=\"freedom-metal\" -DVERSION=\"v0.1.2\" -I. -I/C/wsFreedomStudio/spike_hello/freedom-metal     -march=rv64imafdc -mabi=lp64d -mcmodel=medany -ffunction-sections -fdata-sections -I/C/wsFreedomStudio/spike_hello/bsp/install/include --specs=nano.specs -DMTIME_RATE_HZ_DEF=32768 -fcommon -O0 -g -MT src/synchronize_harts.o -MD -MP -MF $depbase.Tpo -c -o src/synchronize_harts.o /C/wsFreedomStudio/spike_hello/freedom-metal/src/synchronize_harts.c &&\
mv -f $depbase.Tpo $depbase.Po
depbase=`echo src/timer.o | sed 's|[^/]*$|.deps/&|;s|\.o$||'`;\
riscv64-unknown-elf-gcc -DPACKAGE_NAME=\"freedom-metal\" -DPACKAGE_TARNAME=\"freedom-metal\" -DPACKAGE_VERSION=\"v0.1.2\" -DPACKAGE_STRING=\"freedom-metal\ v0.1.2\" -DPACKAGE_BUGREPORT=\"https://github.com/sifive/freedom-metal/issues\" -DPACKAGE_URL=\"https://github.com/sifive/freedom-metal\" -DPACKAGE=\"freedom-metal\" -DVERSION=\"v0.1.2\" -I. -I/C/wsFreedomStudio/spike_hello/freedom-metal     -march=rv64imafdc -mabi=lp64d -mcmodel=medany -ffunction-sections -fdata-sections -I/C/wsFreedomStudio/spike_hello/bsp/install/include --specs=nano.specs -DMTIME_RATE_HZ_DEF=32768 -fcommon -O0 -g -MT src/timer.o -MD -MP -MF $depbase.Tpo -c -o src/timer.o /C/wsFreedomStudio/spike_hello/freedom-metal/src/timer.c &&\
mv -f $depbase.Tpo $depbase.Po
depbase=`echo src/time.o | sed 's|[^/]*$|.deps/&|;s|\.o$||'`;\
riscv64-unknown-elf-gcc -DPACKAGE_NAME=\"freedom-metal\" -DPACKAGE_TARNAME=\"freedom-metal\" -DPACKAGE_VERSION=\"v0.1.2\" -DPACKAGE_STRING=\"freedom-metal\ v0.1.2\" -DPACKAGE_BUGREPORT=\"https://github.com/sifive/freedom-metal/issues\" -DPACKAGE_URL=\"https://github.com/sifive/freedom-metal\" -DPACKAGE=\"freedom-metal\" -DVERSION=\"v0.1.2\" -I. -I/C/wsFreedomStudio/spike_hello/freedom-metal     -march=rv64imafdc -mabi=lp64d -mcmodel=medany -ffunction-sections -fdata-sections -I/C/wsFreedomStudio/spike_hello/bsp/install/include --specs=nano.specs -DMTIME_RATE_HZ_DEF=32768 -fcommon -O0 -g -MT src/time.o -MD -MP -MF $depbase.Tpo -c -o src/time.o /C/wsFreedomStudio/spike_hello/freedom-metal/src/time.c &&\
mv -f $depbase.Tpo $depbase.Po
depbase=`echo src/tty.o | sed 's|[^/]*$|.deps/&|;s|\.o$||'`;\
riscv64-unknown-elf-gcc -DPACKAGE_NAME=\"freedom-metal\" -DPACKAGE_TARNAME=\"freedom-metal\" -DPACKAGE_VERSION=\"v0.1.2\" -DPACKAGE_STRING=\"freedom-metal\ v0.1.2\" -DPACKAGE_BUGREPORT=\"https://github.com/sifive/freedom-metal/issues\" -DPACKAGE_URL=\"https://github.com/sifive/freedom-metal\" -DPACKAGE=\"freedom-metal\" -DVERSION=\"v0.1.2\" -I. -I/C/wsFreedomStudio/spike_hello/freedom-metal     -march=rv64imafdc -mabi=lp64d -mcmodel=medany -ffunction-sections -fdata-sections -I/C/wsFreedomStudio/spike_hello/bsp/install/include --specs=nano.specs -DMTIME_RATE_HZ_DEF=32768 -fcommon -O0 -g -MT src/tty.o -MD -MP -MF $depbase.Tpo -c -o src/tty.o /C/wsFreedomStudio/spike_hello/freedom-metal/src/tty.c &&\
mv -f $depbase.Tpo $depbase.Po
depbase=`echo src/uart.o | sed 's|[^/]*$|.deps/&|;s|\.o$||'`;\
riscv64-unknown-elf-gcc -DPACKAGE_NAME=\"freedom-metal\" -DPACKAGE_TARNAME=\"freedom-metal\" -DPACKAGE_VERSION=\"v0.1.2\" -DPACKAGE_STRING=\"freedom-metal\ v0.1.2\" -DPACKAGE_BUGREPORT=\"https://github.com/sifive/freedom-metal/issues\" -DPACKAGE_URL=\"https://github.com/sifive/freedom-metal\" -DPACKAGE=\"freedom-metal\" -DVERSION=\"v0.1.2\" -I. -I/C/wsFreedomStudio/spike_hello/freedom-metal     -march=rv64imafdc -mabi=lp64d -mcmodel=medany -ffunction-sections -fdata-sections -I/C/wsFreedomStudio/spike_hello/bsp/install/include --specs=nano.specs -DMTIME_RATE_HZ_DEF=32768 -fcommon -O0 -g -MT src/uart.o -MD -MP -MF $depbase.Tpo -c -o src/uart.o /C/wsFreedomStudio/spike_hello/freedom-metal/src/uart.c &&\
mv -f $depbase.Tpo $depbase.Po
depbase=`echo src/vector.o | sed 's|[^/]*$|.deps/&|;s|\.o$||'`;\
riscv64-unknown-elf-gcc -DPACKAGE_NAME=\"freedom-metal\" -DPACKAGE_TARNAME=\"freedom-metal\" -DPACKAGE_VERSION=\"v0.1.2\" -DPACKAGE_STRING=\"freedom-metal\ v0.1.2\" -DPACKAGE_BUGREPORT=\"https://github.com/sifive/freedom-metal/issues\" -DPACKAGE_URL=\"https://github.com/sifive/freedom-metal\" -DPACKAGE=\"freedom-metal\" -DVERSION=\"v0.1.2\" -I. -I/C/wsFreedomStudio/spike_hello/freedom-metal     -march=rv64imafdc -mabi=lp64d -mcmodel=medany -ffunction-sections -fdata-sections -I/C/wsFreedomStudio/spike_hello/bsp/install/include --specs=nano.specs -DMTIME_RATE_HZ_DEF=32768 -fcommon -O0 -g -MT src/vector.o -MD -MP -MF $depbase.Tpo -c -o src/vector.o /C/wsFreedomStudio/spike_hello/freedom-metal/src/vector.S &&\
mv -f $depbase.Tpo $depbase.Po
depbase=`echo src/watchdog.o | sed 's|[^/]*$|.deps/&|;s|\.o$||'`;\
riscv64-unknown-elf-gcc -DPACKAGE_NAME=\"freedom-metal\" -DPACKAGE_TARNAME=\"freedom-metal\" -DPACKAGE_VERSION=\"v0.1.2\" -DPACKAGE_STRING=\"freedom-metal\ v0.1.2\" -DPACKAGE_BUGREPORT=\"https://github.com/sifive/freedom-metal/issues\" -DPACKAGE_URL=\"https://github.com/sifive/freedom-metal\" -DPACKAGE=\"freedom-metal\" -DVERSION=\"v0.1.2\" -I. -I/C/wsFreedomStudio/spike_hello/freedom-metal     -march=rv64imafdc -mabi=lp64d -mcmodel=medany -ffunction-sections -fdata-sections -I/C/wsFreedomStudio/spike_hello/bsp/install/include --specs=nano.specs -DMTIME_RATE_HZ_DEF=32768 -fcommon -O0 -g -MT src/watchdog.o -MD -MP -MF $depbase.Tpo -c -o src/watchdog.o /C/wsFreedomStudio/spike_hello/freedom-metal/src/watchdog.c &&\
mv -f $depbase.Tpo $depbase.Po
rm -f libmetal.a
riscv64-unknown-elf-ar cru libmetal.a src/drivers/fixed-clock.o src/drivers/fixed-factor-clock.o src/drivers/inline.o src/drivers/riscv_clint0.o src/drivers/riscv_cpu.o src/drivers/riscv_plic0.o src/drivers/sifive_buserror0.o src/drivers/sifive_ccache0.o src/drivers/sifive_clic0.o src/drivers/sifive_fe310-g000_hfrosc.o src/drivers/sifive_fe310-g000_hfxosc.o src/drivers/sifive_fe310-g000_lfrosc.o src/drivers/sifive_fe310-g000_pll.o src/drivers/sifive_fe310-g000_prci.o src/drivers/sifive_global-external-interrupts0.o src/drivers/sifive_gpio-buttons.o src/drivers/sifive_gpio-leds.o src/drivers/sifive_gpio-switches.o src/drivers/sifive_gpio0.o src/drivers/sifive_i2c0.o src/drivers/sifive_l2pf0.o src/drivers/sifive_local-external-interrupts0.o src/drivers/sifive_pwm0.o src/drivers/sifive_rtc0.o src/drivers/sifive_spi0.o src/drivers/sifive_test0.o src/drivers/sifive_trace.o src/drivers/sifive_uart0.o src/drivers/sifive_simuart0.o src/drivers/sifive_wdog0.o src/drivers/ucb_htif0.o src/atomic.o src/button.o src/cache.o src/clock.o src/cpu.o src/entry.o src/scrub.o src/trap.o src/gpio.o src/hpm.o src/i2c.o src/init.o src/interrupt.o src/led.o src/lock.o src/memory.o src/pmp.o src/privilege.o src/pwm.o src/rtc.o src/shutdown.o src/spi.o src/switch.o src/synchronize_harts.o src/timer.o src/time.o src/trap.o src/tty.o src/uart.o src/vector.o src/watchdog.o 
riscv64-unknown-elf-ranlib libmetal.a
depbase=`echo gloss/crt0.o | sed 's|[^/]*$|.deps/&|;s|\.o$||'`;\
riscv64-unknown-elf-gcc -DPACKAGE_NAME=\"freedom-metal\" -DPACKAGE_TARNAME=\"freedom-metal\" -DPACKAGE_VERSION=\"v0.1.2\" -DPACKAGE_STRING=\"freedom-metal\ v0.1.2\" -DPACKAGE_BUGREPORT=\"https://github.com/sifive/freedom-metal/issues\" -DPACKAGE_URL=\"https://github.com/sifive/freedom-metal\" -DPACKAGE=\"freedom-metal\" -DVERSION=\"v0.1.2\" -I. -I/C/wsFreedomStudio/spike_hello/freedom-metal     -march=rv64imafdc -mabi=lp64d -mcmodel=medany -ffunction-sections -fdata-sections -I/C/wsFreedomStudio/spike_hello/bsp/install/include --specs=nano.specs -DMTIME_RATE_HZ_DEF=32768 -fcommon -O0 -g -MT gloss/crt0.o -MD -MP -MF $depbase.Tpo -c -o gloss/crt0.o /C/wsFreedomStudio/spike_hello/freedom-metal/gloss/crt0.S &&\
mv -f $depbase.Tpo $depbase.Po
depbase=`echo gloss/nanosleep.o | sed 's|[^/]*$|.deps/&|;s|\.o$||'`;\
riscv64-unknown-elf-gcc -DPACKAGE_NAME=\"freedom-metal\" -DPACKAGE_TARNAME=\"freedom-metal\" -DPACKAGE_VERSION=\"v0.1.2\" -DPACKAGE_STRING=\"freedom-metal\ v0.1.2\" -DPACKAGE_BUGREPORT=\"https://github.com/sifive/freedom-metal/issues\" -DPACKAGE_URL=\"https://github.com/sifive/freedom-metal\" -DPACKAGE=\"freedom-metal\" -DVERSION=\"v0.1.2\" -I. -I/C/wsFreedomStudio/spike_hello/freedom-metal     -march=rv64imafdc -mabi=lp64d -mcmodel=medany -ffunction-sections -fdata-sections -I/C/wsFreedomStudio/spike_hello/bsp/install/include --specs=nano.specs -DMTIME_RATE_HZ_DEF=32768 -fcommon -O0 -g -MT gloss/nanosleep.o -MD -MP -MF $depbase.Tpo -c -o gloss/nanosleep.o /C/wsFreedomStudio/spike_hello/freedom-metal/gloss/nanosleep.c &&\
mv -f $depbase.Tpo $depbase.Po
depbase=`echo gloss/sys_access.o | sed 's|[^/]*$|.deps/&|;s|\.o$||'`;\
riscv64-unknown-elf-gcc -DPACKAGE_NAME=\"freedom-metal\" -DPACKAGE_TARNAME=\"freedom-metal\" -DPACKAGE_VERSION=\"v0.1.2\" -DPACKAGE_STRING=\"freedom-metal\ v0.1.2\" -DPACKAGE_BUGREPORT=\"https://github.com/sifive/freedom-metal/issues\" -DPACKAGE_URL=\"https://github.com/sifive/freedom-metal\" -DPACKAGE=\"freedom-metal\" -DVERSION=\"v0.1.2\" -I. -I/C/wsFreedomStudio/spike_hello/freedom-metal     -march=rv64imafdc -mabi=lp64d -mcmodel=medany -ffunction-sections -fdata-sections -I/C/wsFreedomStudio/spike_hello/bsp/install/include --specs=nano.specs -DMTIME_RATE_HZ_DEF=32768 -fcommon -O0 -g -MT gloss/sys_access.o -MD -MP -MF $depbase.Tpo -c -o gloss/sys_access.o /C/wsFreedomStudio/spike_hello/freedom-metal/gloss/sys_access.c &&\
mv -f $depbase.Tpo $depbase.Po
depbase=`echo gloss/sys_chdir.o | sed 's|[^/]*$|.deps/&|;s|\.o$||'`;\
riscv64-unknown-elf-gcc -DPACKAGE_NAME=\"freedom-metal\" -DPACKAGE_TARNAME=\"freedom-metal\" -DPACKAGE_VERSION=\"v0.1.2\" -DPACKAGE_STRING=\"freedom-metal\ v0.1.2\" -DPACKAGE_BUGREPORT=\"https://github.com/sifive/freedom-metal/issues\" -DPACKAGE_URL=\"https://github.com/sifive/freedom-metal\" -DPACKAGE=\"freedom-metal\" -DVERSION=\"v0.1.2\" -I. -I/C/wsFreedomStudio/spike_hello/freedom-metal     -march=rv64imafdc -mabi=lp64d -mcmodel=medany -ffunction-sections -fdata-sections -I/C/wsFreedomStudio/spike_hello/bsp/install/include --specs=nano.specs -DMTIME_RATE_HZ_DEF=32768 -fcommon -O0 -g -MT gloss/sys_chdir.o -MD -MP -MF $depbase.Tpo -c -o gloss/sys_chdir.o /C/wsFreedomStudio/spike_hello/freedom-metal/gloss/sys_chdir.c &&\
mv -f $depbase.Tpo $depbase.Po
depbase=`echo gloss/sys_chmod.o | sed 's|[^/]*$|.deps/&|;s|\.o$||'`;\
riscv64-unknown-elf-gcc -DPACKAGE_NAME=\"freedom-metal\" -DPACKAGE_TARNAME=\"freedom-metal\" -DPACKAGE_VERSION=\"v0.1.2\" -DPACKAGE_STRING=\"freedom-metal\ v0.1.2\" -DPACKAGE_BUGREPORT=\"https://github.com/sifive/freedom-metal/issues\" -DPACKAGE_URL=\"https://github.com/sifive/freedom-metal\" -DPACKAGE=\"freedom-metal\" -DVERSION=\"v0.1.2\" -I. -I/C/wsFreedomStudio/spike_hello/freedom-metal     -march=rv64imafdc -mabi=lp64d -mcmodel=medany -ffunction-sections -fdata-sections -I/C/wsFreedomStudio/spike_hello/bsp/install/include --specs=nano.specs -DMTIME_RATE_HZ_DEF=32768 -fcommon -O0 -g -MT gloss/sys_chmod.o -MD -MP -MF $depbase.Tpo -c -o gloss/sys_chmod.o /C/wsFreedomStudio/spike_hello/freedom-metal/gloss/sys_chmod.c &&\
mv -f $depbase.Tpo $depbase.Po
depbase=`echo gloss/sys_chown.o | sed 's|[^/]*$|.deps/&|;s|\.o$||'`;\
riscv64-unknown-elf-gcc -DPACKAGE_NAME=\"freedom-metal\" -DPACKAGE_TARNAME=\"freedom-metal\" -DPACKAGE_VERSION=\"v0.1.2\" -DPACKAGE_STRING=\"freedom-metal\ v0.1.2\" -DPACKAGE_BUGREPORT=\"https://github.com/sifive/freedom-metal/issues\" -DPACKAGE_URL=\"https://github.com/sifive/freedom-metal\" -DPACKAGE=\"freedom-metal\" -DVERSION=\"v0.1.2\" -I. -I/C/wsFreedomStudio/spike_hello/freedom-metal     -march=rv64imafdc -mabi=lp64d -mcmodel=medany -ffunction-sections -fdata-sections -I/C/wsFreedomStudio/spike_hello/bsp/install/include --specs=nano.specs -DMTIME_RATE_HZ_DEF=32768 -fcommon -O0 -g -MT gloss/sys_chown.o -MD -MP -MF $depbase.Tpo -c -o gloss/sys_chown.o /C/wsFreedomStudio/spike_hello/freedom-metal/gloss/sys_chown.c &&\
mv -f $depbase.Tpo $depbase.Po
depbase=`echo gloss/sys_clock_gettime.o | sed 's|[^/]*$|.deps/&|;s|\.o$||'`;\
riscv64-unknown-elf-gcc -DPACKAGE_NAME=\"freedom-metal\" -DPACKAGE_TARNAME=\"freedom-metal\" -DPACKAGE_VERSION=\"v0.1.2\" -DPACKAGE_STRING=\"freedom-metal\ v0.1.2\" -DPACKAGE_BUGREPORT=\"https://github.com/sifive/freedom-metal/issues\" -DPACKAGE_URL=\"https://github.com/sifive/freedom-metal\" -DPACKAGE=\"freedom-metal\" -DVERSION=\"v0.1.2\" -I. -I/C/wsFreedomStudio/spike_hello/freedom-metal     -march=rv64imafdc -mabi=lp64d -mcmodel=medany -ffunction-sections -fdata-sections -I/C/wsFreedomStudio/spike_hello/bsp/install/include --specs=nano.specs -DMTIME_RATE_HZ_DEF=32768 -fcommon -O0 -g -MT gloss/sys_clock_gettime.o -MD -MP -MF $depbase.Tpo -c -o gloss/sys_clock_gettime.o /C/wsFreedomStudio/spike_hello/freedom-metal/gloss/sys_clock_gettime.c &&\
mv -f $depbase.Tpo $depbase.Po
depbase=`echo gloss/sys_close.o | sed 's|[^/]*$|.deps/&|;s|\.o$||'`;\
riscv64-unknown-elf-gcc -DPACKAGE_NAME=\"freedom-metal\" -DPACKAGE_TARNAME=\"freedom-metal\" -DPACKAGE_VERSION=\"v0.1.2\" -DPACKAGE_STRING=\"freedom-metal\ v0.1.2\" -DPACKAGE_BUGREPORT=\"https://github.com/sifive/freedom-metal/issues\" -DPACKAGE_URL=\"https://github.com/sifive/freedom-metal\" -DPACKAGE=\"freedom-metal\" -DVERSION=\"v0.1.2\" -I. -I/C/wsFreedomStudio/spike_hello/freedom-metal     -march=rv64imafdc -mabi=lp64d -mcmodel=medany -ffunction-sections -fdata-sections -I/C/wsFreedomStudio/spike_hello/bsp/install/include --specs=nano.specs -DMTIME_RATE_HZ_DEF=32768 -fcommon -O0 -g -MT gloss/sys_close.o -MD -MP -MF $depbase.Tpo -c -o gloss/sys_close.o /C/wsFreedomStudio/spike_hello/freedom-metal/gloss/sys_close.c &&\
mv -f $depbase.Tpo $depbase.Po
depbase=`echo gloss/sys_execve.o | sed 's|[^/]*$|.deps/&|;s|\.o$||'`;\
riscv64-unknown-elf-gcc -DPACKAGE_NAME=\"freedom-metal\" -DPACKAGE_TARNAME=\"freedom-metal\" -DPACKAGE_VERSION=\"v0.1.2\" -DPACKAGE_STRING=\"freedom-metal\ v0.1.2\" -DPACKAGE_BUGREPORT=\"https://github.com/sifive/freedom-metal/issues\" -DPACKAGE_URL=\"https://github.com/sifive/freedom-metal\" -DPACKAGE=\"freedom-metal\" -DVERSION=\"v0.1.2\" -I. -I/C/wsFreedomStudio/spike_hello/freedom-metal     -march=rv64imafdc -mabi=lp64d -mcmodel=medany -ffunction-sections -fdata-sections -I/C/wsFreedomStudio/spike_hello/bsp/install/include --specs=nano.specs -DMTIME_RATE_HZ_DEF=32768 -fcommon -O0 -g -MT gloss/sys_execve.o -MD -MP -MF $depbase.Tpo -c -o gloss/sys_execve.o /C/wsFreedomStudio/spike_hello/freedom-metal/gloss/sys_execve.c &&\
mv -f $depbase.Tpo $depbase.Po
depbase=`echo gloss/sys_exit.o | sed 's|[^/]*$|.deps/&|;s|\.o$||'`;\
riscv64-unknown-elf-gcc -DPACKAGE_NAME=\"freedom-metal\" -DPACKAGE_TARNAME=\"freedom-metal\" -DPACKAGE_VERSION=\"v0.1.2\" -DPACKAGE_STRING=\"freedom-metal\ v0.1.2\" -DPACKAGE_BUGREPORT=\"https://github.com/sifive/freedom-metal/issues\" -DPACKAGE_URL=\"https://github.com/sifive/freedom-metal\" -DPACKAGE=\"freedom-metal\" -DVERSION=\"v0.1.2\" -I. -I/C/wsFreedomStudio/spike_hello/freedom-metal     -march=rv64imafdc -mabi=lp64d -mcmodel=medany -ffunction-sections -fdata-sections -I/C/wsFreedomStudio/spike_hello/bsp/install/include --specs=nano.specs -DMTIME_RATE_HZ_DEF=32768 -fcommon -O0 -g -MT gloss/sys_exit.o -MD -MP -MF $depbase.Tpo -c -o gloss/sys_exit.o /C/wsFreedomStudio/spike_hello/freedom-metal/gloss/sys_exit.c &&\
mv -f $depbase.Tpo $depbase.Po
depbase=`echo gloss/sys_faccessat.o | sed 's|[^/]*$|.deps/&|;s|\.o$||'`;\
riscv64-unknown-elf-gcc -DPACKAGE_NAME=\"freedom-metal\" -DPACKAGE_TARNAME=\"freedom-metal\" -DPACKAGE_VERSION=\"v0.1.2\" -DPACKAGE_STRING=\"freedom-metal\ v0.1.2\" -DPACKAGE_BUGREPORT=\"https://github.com/sifive/freedom-metal/issues\" -DPACKAGE_URL=\"https://github.com/sifive/freedom-metal\" -DPACKAGE=\"freedom-metal\" -DVERSION=\"v0.1.2\" -I. -I/C/wsFreedomStudio/spike_hello/freedom-metal     -march=rv64imafdc -mabi=lp64d -mcmodel=medany -ffunction-sections -fdata-sections -I/C/wsFreedomStudio/spike_hello/bsp/install/include --specs=nano.specs -DMTIME_RATE_HZ_DEF=32768 -fcommon -O0 -g -MT gloss/sys_faccessat.o -MD -MP -MF $depbase.Tpo -c -o gloss/sys_faccessat.o /C/wsFreedomStudio/spike_hello/freedom-metal/gloss/sys_faccessat.c &&\
mv -f $depbase.Tpo $depbase.Po
depbase=`echo gloss/sys_fork.o | sed 's|[^/]*$|.deps/&|;s|\.o$||'`;\
riscv64-unknown-elf-gcc -DPACKAGE_NAME=\"freedom-metal\" -DPACKAGE_TARNAME=\"freedom-metal\" -DPACKAGE_VERSION=\"v0.1.2\" -DPACKAGE_STRING=\"freedom-metal\ v0.1.2\" -DPACKAGE_BUGREPORT=\"https://github.com/sifive/freedom-metal/issues\" -DPACKAGE_URL=\"https://github.com/sifive/freedom-metal\" -DPACKAGE=\"freedom-metal\" -DVERSION=\"v0.1.2\" -I. -I/C/wsFreedomStudio/spike_hello/freedom-metal     -march=rv64imafdc -mabi=lp64d -mcmodel=medany -ffunction-sections -fdata-sections -I/C/wsFreedomStudio/spike_hello/bsp/install/include --specs=nano.specs -DMTIME_RATE_HZ_DEF=32768 -fcommon -O0 -g -MT gloss/sys_fork.o -MD -MP -MF $depbase.Tpo -c -o gloss/sys_fork.o /C/wsFreedomStudio/spike_hello/freedom-metal/gloss/sys_fork.c &&\
mv -f $depbase.Tpo $depbase.Po
depbase=`echo gloss/sys_fstat.o | sed 's|[^/]*$|.deps/&|;s|\.o$||'`;\
riscv64-unknown-elf-gcc -DPACKAGE_NAME=\"freedom-metal\" -DPACKAGE_TARNAME=\"freedom-metal\" -DPACKAGE_VERSION=\"v0.1.2\" -DPACKAGE_STRING=\"freedom-metal\ v0.1.2\" -DPACKAGE_BUGREPORT=\"https://github.com/sifive/freedom-metal/issues\" -DPACKAGE_URL=\"https://github.com/sifive/freedom-metal\" -DPACKAGE=\"freedom-metal\" -DVERSION=\"v0.1.2\" -I. -I/C/wsFreedomStudio/spike_hello/freedom-metal     -march=rv64imafdc -mabi=lp64d -mcmodel=medany -ffunction-sections -fdata-sections -I/C/wsFreedomStudio/spike_hello/bsp/install/include --specs=nano.specs -DMTIME_RATE_HZ_DEF=32768 -fcommon -O0 -g -MT gloss/sys_fstat.o -MD -MP -MF $depbase.Tpo -c -o gloss/sys_fstat.o /C/wsFreedomStudio/spike_hello/freedom-metal/gloss/sys_fstat.c &&\
mv -f $depbase.Tpo $depbase.Po
depbase=`echo gloss/sys_fstatat.o | sed 's|[^/]*$|.deps/&|;s|\.o$||'`;\
riscv64-unknown-elf-gcc -DPACKAGE_NAME=\"freedom-metal\" -DPACKAGE_TARNAME=\"freedom-metal\" -DPACKAGE_VERSION=\"v0.1.2\" -DPACKAGE_STRING=\"freedom-metal\ v0.1.2\" -DPACKAGE_BUGREPORT=\"https://github.com/sifive/freedom-metal/issues\" -DPACKAGE_URL=\"https://github.com/sifive/freedom-metal\" -DPACKAGE=\"freedom-metal\" -DVERSION=\"v0.1.2\" -I. -I/C/wsFreedomStudio/spike_hello/freedom-metal     -march=rv64imafdc -mabi=lp64d -mcmodel=medany -ffunction-sections -fdata-sections -I/C/wsFreedomStudio/spike_hello/bsp/install/include --specs=nano.specs -DMTIME_RATE_HZ_DEF=32768 -fcommon -O0 -g -MT gloss/sys_fstatat.o -MD -MP -MF $depbase.Tpo -c -o gloss/sys_fstatat.o /C/wsFreedomStudio/spike_hello/freedom-metal/gloss/sys_fstatat.c &&\
mv -f $depbase.Tpo $depbase.Po
depbase=`echo gloss/sys_ftime.o | sed 's|[^/]*$|.deps/&|;s|\.o$||'`;\
riscv64-unknown-elf-gcc -DPACKAGE_NAME=\"freedom-metal\" -DPACKAGE_TARNAME=\"freedom-metal\" -DPACKAGE_VERSION=\"v0.1.2\" -DPACKAGE_STRING=\"freedom-metal\ v0.1.2\" -DPACKAGE_BUGREPORT=\"https://github.com/sifive/freedom-metal/issues\" -DPACKAGE_URL=\"https://github.com/sifive/freedom-metal\" -DPACKAGE=\"freedom-metal\" -DVERSION=\"v0.1.2\" -I. -I/C/wsFreedomStudio/spike_hello/freedom-metal     -march=rv64imafdc -mabi=lp64d -mcmodel=medany -ffunction-sections -fdata-sections -I/C/wsFreedomStudio/spike_hello/bsp/install/include --specs=nano.specs -DMTIME_RATE_HZ_DEF=32768 -fcommon -O0 -g -MT gloss/sys_ftime.o -MD -MP -MF $depbase.Tpo -c -o gloss/sys_ftime.o /C/wsFreedomStudio/spike_hello/freedom-metal/gloss/sys_ftime.c &&\
mv -f $depbase.Tpo $depbase.Po
depbase=`echo gloss/sys_getcwd.o | sed 's|[^/]*$|.deps/&|;s|\.o$||'`;\
riscv64-unknown-elf-gcc -DPACKAGE_NAME=\"freedom-metal\" -DPACKAGE_TARNAME=\"freedom-metal\" -DPACKAGE_VERSION=\"v0.1.2\" -DPACKAGE_STRING=\"freedom-metal\ v0.1.2\" -DPACKAGE_BUGREPORT=\"https://github.com/sifive/freedom-metal/issues\" -DPACKAGE_URL=\"https://github.com/sifive/freedom-metal\" -DPACKAGE=\"freedom-metal\" -DVERSION=\"v0.1.2\" -I. -I/C/wsFreedomStudio/spike_hello/freedom-metal     -march=rv64imafdc -mabi=lp64d -mcmodel=medany -ffunction-sections -fdata-sections -I/C/wsFreedomStudio/spike_hello/bsp/install/include --specs=nano.specs -DMTIME_RATE_HZ_DEF=32768 -fcommon -O0 -g -MT gloss/sys_getcwd.o -MD -MP -MF $depbase.Tpo -c -o gloss/sys_getcwd.o /C/wsFreedomStudio/spike_hello/freedom-metal/gloss/sys_getcwd.c &&\
mv -f $depbase.Tpo $depbase.Po
depbase=`echo gloss/sys_getpid.o | sed 's|[^/]*$|.deps/&|;s|\.o$||'`;\
riscv64-unknown-elf-gcc -DPACKAGE_NAME=\"freedom-metal\" -DPACKAGE_TARNAME=\"freedom-metal\" -DPACKAGE_VERSION=\"v0.1.2\" -DPACKAGE_STRING=\"freedom-metal\ v0.1.2\" -DPACKAGE_BUGREPORT=\"https://github.com/sifive/freedom-metal/issues\" -DPACKAGE_URL=\"https://github.com/sifive/freedom-metal\" -DPACKAGE=\"freedom-metal\" -DVERSION=\"v0.1.2\" -I. -I/C/wsFreedomStudio/spike_hello/freedom-metal     -march=rv64imafdc -mabi=lp64d -mcmodel=medany -ffunction-sections -fdata-sections -I/C/wsFreedomStudio/spike_hello/bsp/install/include --specs=nano.specs -DMTIME_RATE_HZ_DEF=32768 -fcommon -O0 -g -MT gloss/sys_getpid.o -MD -MP -MF $depbase.Tpo -c -o gloss/sys_getpid.o /C/wsFreedomStudio/spike_hello/freedom-metal/gloss/sys_getpid.c &&\
mv -f $depbase.Tpo $depbase.Po
depbase=`echo gloss/sys_gettimeofday.o | sed 's|[^/]*$|.deps/&|;s|\.o$||'`;\
riscv64-unknown-elf-gcc -DPACKAGE_NAME=\"freedom-metal\" -DPACKAGE_TARNAME=\"freedom-metal\" -DPACKAGE_VERSION=\"v0.1.2\" -DPACKAGE_STRING=\"freedom-metal\ v0.1.2\" -DPACKAGE_BUGREPORT=\"https://github.com/sifive/freedom-metal/issues\" -DPACKAGE_URL=\"https://github.com/sifive/freedom-metal\" -DPACKAGE=\"freedom-metal\" -DVERSION=\"v0.1.2\" -I. -I/C/wsFreedomStudio/spike_hello/freedom-metal     -march=rv64imafdc -mabi=lp64d -mcmodel=medany -ffunction-sections -fdata-sections -I/C/wsFreedomStudio/spike_hello/bsp/install/include --specs=nano.specs -DMTIME_RATE_HZ_DEF=32768 -fcommon -O0 -g -MT gloss/sys_gettimeofday.o -MD -MP -MF $depbase.Tpo -c -o gloss/sys_gettimeofday.o /C/wsFreedomStudio/spike_hello/freedom-metal/gloss/sys_gettimeofday.c &&\
mv -f $depbase.Tpo $depbase.Po
depbase=`echo gloss/sys_isatty.o | sed 's|[^/]*$|.deps/&|;s|\.o$||'`;\
riscv64-unknown-elf-gcc -DPACKAGE_NAME=\"freedom-metal\" -DPACKAGE_TARNAME=\"freedom-metal\" -DPACKAGE_VERSION=\"v0.1.2\" -DPACKAGE_STRING=\"freedom-metal\ v0.1.2\" -DPACKAGE_BUGREPORT=\"https://github.com/sifive/freedom-metal/issues\" -DPACKAGE_URL=\"https://github.com/sifive/freedom-metal\" -DPACKAGE=\"freedom-metal\" -DVERSION=\"v0.1.2\" -I. -I/C/wsFreedomStudio/spike_hello/freedom-metal     -march=rv64imafdc -mabi=lp64d -mcmodel=medany -ffunction-sections -fdata-sections -I/C/wsFreedomStudio/spike_hello/bsp/install/include --specs=nano.specs -DMTIME_RATE_HZ_DEF=32768 -fcommon -O0 -g -MT gloss/sys_isatty.o -MD -MP -MF $depbase.Tpo -c -o gloss/sys_isatty.o /C/wsFreedomStudio/spike_hello/freedom-metal/gloss/sys_isatty.c &&\
mv -f $depbase.Tpo $depbase.Po
depbase=`echo gloss/sys_kill.o | sed 's|[^/]*$|.deps/&|;s|\.o$||'`;\
riscv64-unknown-elf-gcc -DPACKAGE_NAME=\"freedom-metal\" -DPACKAGE_TARNAME=\"freedom-metal\" -DPACKAGE_VERSION=\"v0.1.2\" -DPACKAGE_STRING=\"freedom-metal\ v0.1.2\" -DPACKAGE_BUGREPORT=\"https://github.com/sifive/freedom-metal/issues\" -DPACKAGE_URL=\"https://github.com/sifive/freedom-metal\" -DPACKAGE=\"freedom-metal\" -DVERSION=\"v0.1.2\" -I. -I/C/wsFreedomStudio/spike_hello/freedom-metal     -march=rv64imafdc -mabi=lp64d -mcmodel=medany -ffunction-sections -fdata-sections -I/C/wsFreedomStudio/spike_hello/bsp/install/include --specs=nano.specs -DMTIME_RATE_HZ_DEF=32768 -fcommon -O0 -g -MT gloss/sys_kill.o -MD -MP -MF $depbase.Tpo -c -o gloss/sys_kill.o /C/wsFreedomStudio/spike_hello/freedom-metal/gloss/sys_kill.c &&\
mv -f $depbase.Tpo $depbase.Po
depbase=`echo gloss/sys_link.o | sed 's|[^/]*$|.deps/&|;s|\.o$||'`;\
riscv64-unknown-elf-gcc -DPACKAGE_NAME=\"freedom-metal\" -DPACKAGE_TARNAME=\"freedom-metal\" -DPACKAGE_VERSION=\"v0.1.2\" -DPACKAGE_STRING=\"freedom-metal\ v0.1.2\" -DPACKAGE_BUGREPORT=\"https://github.com/sifive/freedom-metal/issues\" -DPACKAGE_URL=\"https://github.com/sifive/freedom-metal\" -DPACKAGE=\"freedom-metal\" -DVERSION=\"v0.1.2\" -I. -I/C/wsFreedomStudio/spike_hello/freedom-metal     -march=rv64imafdc -mabi=lp64d -mcmodel=medany -ffunction-sections -fdata-sections -I/C/wsFreedomStudio/spike_hello/bsp/install/include --specs=nano.specs -DMTIME_RATE_HZ_DEF=32768 -fcommon -O0 -g -MT gloss/sys_link.o -MD -MP -MF $depbase.Tpo -c -o gloss/sys_link.o /C/wsFreedomStudio/spike_hello/freedom-metal/gloss/sys_link.c &&\
mv -f $depbase.Tpo $depbase.Po
depbase=`echo gloss/sys_lseek.o | sed 's|[^/]*$|.deps/&|;s|\.o$||'`;\
riscv64-unknown-elf-gcc -DPACKAGE_NAME=\"freedom-metal\" -DPACKAGE_TARNAME=\"freedom-metal\" -DPACKAGE_VERSION=\"v0.1.2\" -DPACKAGE_STRING=\"freedom-metal\ v0.1.2\" -DPACKAGE_BUGREPORT=\"https://github.com/sifive/freedom-metal/issues\" -DPACKAGE_URL=\"https://github.com/sifive/freedom-metal\" -DPACKAGE=\"freedom-metal\" -DVERSION=\"v0.1.2\" -I. -I/C/wsFreedomStudio/spike_hello/freedom-metal     -march=rv64imafdc -mabi=lp64d -mcmodel=medany -ffunction-sections -fdata-sections -I/C/wsFreedomStudio/spike_hello/bsp/install/include --specs=nano.specs -DMTIME_RATE_HZ_DEF=32768 -fcommon -O0 -g -MT gloss/sys_lseek.o -MD -MP -MF $depbase.Tpo -c -o gloss/sys_lseek.o /C/wsFreedomStudio/spike_hello/freedom-metal/gloss/sys_lseek.c &&\
mv -f $depbase.Tpo $depbase.Po
depbase=`echo gloss/sys_lstat.o | sed 's|[^/]*$|.deps/&|;s|\.o$||'`;\
riscv64-unknown-elf-gcc -DPACKAGE_NAME=\"freedom-metal\" -DPACKAGE_TARNAME=\"freedom-metal\" -DPACKAGE_VERSION=\"v0.1.2\" -DPACKAGE_STRING=\"freedom-metal\ v0.1.2\" -DPACKAGE_BUGREPORT=\"https://github.com/sifive/freedom-metal/issues\" -DPACKAGE_URL=\"https://github.com/sifive/freedom-metal\" -DPACKAGE=\"freedom-metal\" -DVERSION=\"v0.1.2\" -I. -I/C/wsFreedomStudio/spike_hello/freedom-metal     -march=rv64imafdc -mabi=lp64d -mcmodel=medany -ffunction-sections -fdata-sections -I/C/wsFreedomStudio/spike_hello/bsp/install/include --specs=nano.specs -DMTIME_RATE_HZ_DEF=32768 -fcommon -O0 -g -MT gloss/sys_lstat.o -MD -MP -MF $depbase.Tpo -c -o gloss/sys_lstat.o /C/wsFreedomStudio/spike_hello/freedom-metal/gloss/sys_lstat.c &&\
mv -f $depbase.Tpo $depbase.Po
depbase=`echo gloss/sys_open.o | sed 's|[^/]*$|.deps/&|;s|\.o$||'`;\
riscv64-unknown-elf-gcc -DPACKAGE_NAME=\"freedom-metal\" -DPACKAGE_TARNAME=\"freedom-metal\" -DPACKAGE_VERSION=\"v0.1.2\" -DPACKAGE_STRING=\"freedom-metal\ v0.1.2\" -DPACKAGE_BUGREPORT=\"https://github.com/sifive/freedom-metal/issues\" -DPACKAGE_URL=\"https://github.com/sifive/freedom-metal\" -DPACKAGE=\"freedom-metal\" -DVERSION=\"v0.1.2\" -I. -I/C/wsFreedomStudio/spike_hello/freedom-metal     -march=rv64imafdc -mabi=lp64d -mcmodel=medany -ffunction-sections -fdata-sections -I/C/wsFreedomStudio/spike_hello/bsp/install/include --specs=nano.specs -DMTIME_RATE_HZ_DEF=32768 -fcommon -O0 -g -MT gloss/sys_open.o -MD -MP -MF $depbase.Tpo -c -o gloss/sys_open.o /C/wsFreedomStudio/spike_hello/freedom-metal/gloss/sys_open.c &&\
mv -f $depbase.Tpo $depbase.Po
depbase=`echo gloss/sys_openat.o | sed 's|[^/]*$|.deps/&|;s|\.o$||'`;\
riscv64-unknown-elf-gcc -DPACKAGE_NAME=\"freedom-metal\" -DPACKAGE_TARNAME=\"freedom-metal\" -DPACKAGE_VERSION=\"v0.1.2\" -DPACKAGE_STRING=\"freedom-metal\ v0.1.2\" -DPACKAGE_BUGREPORT=\"https://github.com/sifive/freedom-metal/issues\" -DPACKAGE_URL=\"https://github.com/sifive/freedom-metal\" -DPACKAGE=\"freedom-metal\" -DVERSION=\"v0.1.2\" -I. -I/C/wsFreedomStudio/spike_hello/freedom-metal     -march=rv64imafdc -mabi=lp64d -mcmodel=medany -ffunction-sections -fdata-sections -I/C/wsFreedomStudio/spike_hello/bsp/install/include --specs=nano.specs -DMTIME_RATE_HZ_DEF=32768 -fcommon -O0 -g -MT gloss/sys_openat.o -MD -MP -MF $depbase.Tpo -c -o gloss/sys_openat.o /C/wsFreedomStudio/spike_hello/freedom-metal/gloss/sys_openat.c &&\
mv -f $depbase.Tpo $depbase.Po
depbase=`echo gloss/sys_read.o | sed 's|[^/]*$|.deps/&|;s|\.o$||'`;\
riscv64-unknown-elf-gcc -DPACKAGE_NAME=\"freedom-metal\" -DPACKAGE_TARNAME=\"freedom-metal\" -DPACKAGE_VERSION=\"v0.1.2\" -DPACKAGE_STRING=\"freedom-metal\ v0.1.2\" -DPACKAGE_BUGREPORT=\"https://github.com/sifive/freedom-metal/issues\" -DPACKAGE_URL=\"https://github.com/sifive/freedom-metal\" -DPACKAGE=\"freedom-metal\" -DVERSION=\"v0.1.2\" -I. -I/C/wsFreedomStudio/spike_hello/freedom-metal     -march=rv64imafdc -mabi=lp64d -mcmodel=medany -ffunction-sections -fdata-sections -I/C/wsFreedomStudio/spike_hello/bsp/install/include --specs=nano.specs -DMTIME_RATE_HZ_DEF=32768 -fcommon -O0 -g -MT gloss/sys_read.o -MD -MP -MF $depbase.Tpo -c -o gloss/sys_read.o /C/wsFreedomStudio/spike_hello/freedom-metal/gloss/sys_read.c &&\
mv -f $depbase.Tpo $depbase.Po
depbase=`echo gloss/sys_sbrk.o | sed 's|[^/]*$|.deps/&|;s|\.o$||'`;\
riscv64-unknown-elf-gcc -DPACKAGE_NAME=\"freedom-metal\" -DPACKAGE_TARNAME=\"freedom-metal\" -DPACKAGE_VERSION=\"v0.1.2\" -DPACKAGE_STRING=\"freedom-metal\ v0.1.2\" -DPACKAGE_BUGREPORT=\"https://github.com/sifive/freedom-metal/issues\" -DPACKAGE_URL=\"https://github.com/sifive/freedom-metal\" -DPACKAGE=\"freedom-metal\" -DVERSION=\"v0.1.2\" -I. -I/C/wsFreedomStudio/spike_hello/freedom-metal     -march=rv64imafdc -mabi=lp64d -mcmodel=medany -ffunction-sections -fdata-sections -I/C/wsFreedomStudio/spike_hello/bsp/install/include --specs=nano.specs -DMTIME_RATE_HZ_DEF=32768 -fcommon -O0 -g -MT gloss/sys_sbrk.o -MD -MP -MF $depbase.Tpo -c -o gloss/sys_sbrk.o /C/wsFreedomStudio/spike_hello/freedom-metal/gloss/sys_sbrk.c &&\
mv -f $depbase.Tpo $depbase.Po
depbase=`echo gloss/sys_stat.o | sed 's|[^/]*$|.deps/&|;s|\.o$||'`;\
riscv64-unknown-elf-gcc -DPACKAGE_NAME=\"freedom-metal\" -DPACKAGE_TARNAME=\"freedom-metal\" -DPACKAGE_VERSION=\"v0.1.2\" -DPACKAGE_STRING=\"freedom-metal\ v0.1.2\" -DPACKAGE_BUGREPORT=\"https://github.com/sifive/freedom-metal/issues\" -DPACKAGE_URL=\"https://github.com/sifive/freedom-metal\" -DPACKAGE=\"freedom-metal\" -DVERSION=\"v0.1.2\" -I. -I/C/wsFreedomStudio/spike_hello/freedom-metal     -march=rv64imafdc -mabi=lp64d -mcmodel=medany -ffunction-sections -fdata-sections -I/C/wsFreedomStudio/spike_hello/bsp/install/include --specs=nano.specs -DMTIME_RATE_HZ_DEF=32768 -fcommon -O0 -g -MT gloss/sys_stat.o -MD -MP -MF $depbase.Tpo -c -o gloss/sys_stat.o /C/wsFreedomStudio/spike_hello/freedom-metal/gloss/sys_stat.c &&\
mv -f $depbase.Tpo $depbase.Po
depbase=`echo gloss/sys_sysconf.o | sed 's|[^/]*$|.deps/&|;s|\.o$||'`;\
riscv64-unknown-elf-gcc -DPACKAGE_NAME=\"freedom-metal\" -DPACKAGE_TARNAME=\"freedom-metal\" -DPACKAGE_VERSION=\"v0.1.2\" -DPACKAGE_STRING=\"freedom-metal\ v0.1.2\" -DPACKAGE_BUGREPORT=\"https://github.com/sifive/freedom-metal/issues\" -DPACKAGE_URL=\"https://github.com/sifive/freedom-metal\" -DPACKAGE=\"freedom-metal\" -DVERSION=\"v0.1.2\" -I. -I/C/wsFreedomStudio/spike_hello/freedom-metal     -march=rv64imafdc -mabi=lp64d -mcmodel=medany -ffunction-sections -fdata-sections -I/C/wsFreedomStudio/spike_hello/bsp/install/include --specs=nano.specs -DMTIME_RATE_HZ_DEF=32768 -fcommon -O0 -g -MT gloss/sys_sysconf.o -MD -MP -MF $depbase.Tpo -c -o gloss/sys_sysconf.o /C/wsFreedomStudio/spike_hello/freedom-metal/gloss/sys_sysconf.c &&\
mv -f $depbase.Tpo $depbase.Po
depbase=`echo gloss/sys_times.o | sed 's|[^/]*$|.deps/&|;s|\.o$||'`;\
riscv64-unknown-elf-gcc -DPACKAGE_NAME=\"freedom-metal\" -DPACKAGE_TARNAME=\"freedom-metal\" -DPACKAGE_VERSION=\"v0.1.2\" -DPACKAGE_STRING=\"freedom-metal\ v0.1.2\" -DPACKAGE_BUGREPORT=\"https://github.com/sifive/freedom-metal/issues\" -DPACKAGE_URL=\"https://github.com/sifive/freedom-metal\" -DPACKAGE=\"freedom-metal\" -DVERSION=\"v0.1.2\" -I. -I/C/wsFreedomStudio/spike_hello/freedom-metal     -march=rv64imafdc -mabi=lp64d -mcmodel=medany -ffunction-sections -fdata-sections -I/C/wsFreedomStudio/spike_hello/bsp/install/include --specs=nano.specs -DMTIME_RATE_HZ_DEF=32768 -fcommon -O0 -g -MT gloss/sys_times.o -MD -MP -MF $depbase.Tpo -c -o gloss/sys_times.o /C/wsFreedomStudio/spike_hello/freedom-metal/gloss/sys_times.c &&\
mv -f $depbase.Tpo $depbase.Po
depbase=`echo gloss/sys_unlink.o | sed 's|[^/]*$|.deps/&|;s|\.o$||'`;\
riscv64-unknown-elf-gcc -DPACKAGE_NAME=\"freedom-metal\" -DPACKAGE_TARNAME=\"freedom-metal\" -DPACKAGE_VERSION=\"v0.1.2\" -DPACKAGE_STRING=\"freedom-metal\ v0.1.2\" -DPACKAGE_BUGREPORT=\"https://github.com/sifive/freedom-metal/issues\" -DPACKAGE_URL=\"https://github.com/sifive/freedom-metal\" -DPACKAGE=\"freedom-metal\" -DVERSION=\"v0.1.2\" -I. -I/C/wsFreedomStudio/spike_hello/freedom-metal     -march=rv64imafdc -mabi=lp64d -mcmodel=medany -ffunction-sections -fdata-sections -I/C/wsFreedomStudio/spike_hello/bsp/install/include --specs=nano.specs -DMTIME_RATE_HZ_DEF=32768 -fcommon -O0 -g -MT gloss/sys_unlink.o -MD -MP -MF $depbase.Tpo -c -o gloss/sys_unlink.o /C/wsFreedomStudio/spike_hello/freedom-metal/gloss/sys_unlink.c &&\
mv -f $depbase.Tpo $depbase.Po
depbase=`echo gloss/sys_utime.o | sed 's|[^/]*$|.deps/&|;s|\.o$||'`;\
riscv64-unknown-elf-gcc -DPACKAGE_NAME=\"freedom-metal\" -DPACKAGE_TARNAME=\"freedom-metal\" -DPACKAGE_VERSION=\"v0.1.2\" -DPACKAGE_STRING=\"freedom-metal\ v0.1.2\" -DPACKAGE_BUGREPORT=\"https://github.com/sifive/freedom-metal/issues\" -DPACKAGE_URL=\"https://github.com/sifive/freedom-metal\" -DPACKAGE=\"freedom-metal\" -DVERSION=\"v0.1.2\" -I. -I/C/wsFreedomStudio/spike_hello/freedom-metal     -march=rv64imafdc -mabi=lp64d -mcmodel=medany -ffunction-sections -fdata-sections -I/C/wsFreedomStudio/spike_hello/bsp/install/include --specs=nano.specs -DMTIME_RATE_HZ_DEF=32768 -fcommon -O0 -g -MT gloss/sys_utime.o -MD -MP -MF $depbase.Tpo -c -o gloss/sys_utime.o /C/wsFreedomStudio/spike_hello/freedom-metal/gloss/sys_utime.c &&\
mv -f $depbase.Tpo $depbase.Po
depbase=`echo gloss/sys_wait.o | sed 's|[^/]*$|.deps/&|;s|\.o$||'`;\
riscv64-unknown-elf-gcc -DPACKAGE_NAME=\"freedom-metal\" -DPACKAGE_TARNAME=\"freedom-metal\" -DPACKAGE_VERSION=\"v0.1.2\" -DPACKAGE_STRING=\"freedom-metal\ v0.1.2\" -DPACKAGE_BUGREPORT=\"https://github.com/sifive/freedom-metal/issues\" -DPACKAGE_URL=\"https://github.com/sifive/freedom-metal\" -DPACKAGE=\"freedom-metal\" -DVERSION=\"v0.1.2\" -I. -I/C/wsFreedomStudio/spike_hello/freedom-metal     -march=rv64imafdc -mabi=lp64d -mcmodel=medany -ffunction-sections -fdata-sections -I/C/wsFreedomStudio/spike_hello/bsp/install/include --specs=nano.specs -DMTIME_RATE_HZ_DEF=32768 -fcommon -O0 -g -MT gloss/sys_wait.o -MD -MP -MF $depbase.Tpo -c -o gloss/sys_wait.o /C/wsFreedomStudio/spike_hello/freedom-metal/gloss/sys_wait.c &&\
mv -f $depbase.Tpo $depbase.Po
depbase=`echo gloss/sys_write.o | sed 's|[^/]*$|.deps/&|;s|\.o$||'`;\
riscv64-unknown-elf-gcc -DPACKAGE_NAME=\"freedom-metal\" -DPACKAGE_TARNAME=\"freedom-metal\" -DPACKAGE_VERSION=\"v0.1.2\" -DPACKAGE_STRING=\"freedom-metal\ v0.1.2\" -DPACKAGE_BUGREPORT=\"https://github.com/sifive/freedom-metal/issues\" -DPACKAGE_URL=\"https://github.com/sifive/freedom-metal\" -DPACKAGE=\"freedom-metal\" -DVERSION=\"v0.1.2\" -I. -I/C/wsFreedomStudio/spike_hello/freedom-metal     -march=rv64imafdc -mabi=lp64d -mcmodel=medany -ffunction-sections -fdata-sections -I/C/wsFreedomStudio/spike_hello/bsp/install/include --specs=nano.specs -DMTIME_RATE_HZ_DEF=32768 -fcommon -O0 -g -MT gloss/sys_write.o -MD -MP -MF $depbase.Tpo -c -o gloss/sys_write.o /C/wsFreedomStudio/spike_hello/freedom-metal/gloss/sys_write.c &&\
mv -f $depbase.Tpo $depbase.Po
rm -f libmetal-gloss.a
riscv64-unknown-elf-ar cru libmetal-gloss.a gloss/crt0.o gloss/nanosleep.o gloss/sys_access.o gloss/sys_chdir.o gloss/sys_chmod.o gloss/sys_chown.o gloss/sys_clock_gettime.o gloss/sys_close.o gloss/sys_execve.o gloss/sys_exit.o gloss/sys_faccessat.o gloss/sys_fork.o gloss/sys_fstat.o gloss/sys_fstatat.o gloss/sys_ftime.o gloss/sys_getcwd.o gloss/sys_getpid.o gloss/sys_gettimeofday.o gloss/sys_isatty.o gloss/sys_kill.o gloss/sys_link.o gloss/sys_lseek.o gloss/sys_lstat.o gloss/sys_open.o gloss/sys_openat.o gloss/sys_read.o gloss/sys_sbrk.o gloss/sys_stat.o gloss/sys_sysconf.o gloss/sys_times.o gloss/sys_unlink.o gloss/sys_utime.o gloss/sys_wait.o gloss/sys_write.o 
riscv64-unknown-elf-ranlib libmetal-gloss.a
make[3]: Entering directory '/C/wsFreedomStudio/spike_hello/bsp/build/debug'
 /usr/bin/mkdir -p '/C/wsFreedomStudio/spike_hello/bsp/install/lib/debug'
 /usr/bin/install -c -m 644  libmetal.a libmetal-gloss.a '/C/wsFreedomStudio/spike_hello/bsp/install/lib/debug'
 ( cd '/C/wsFreedomStudio/spike_hello/bsp/install/lib/debug' && riscv64-unknown-elf-ranlib libmetal.a )
 ( cd '/C/wsFreedomStudio/spike_hello/bsp/install/lib/debug' && riscv64-unknown-elf-ranlib libmetal-gloss.a )
 /usr/bin/mkdir -p '/C/wsFreedomStudio/spike_hello/bsp/install/include'
 /usr/bin/mkdir -p '/C/wsFreedomStudio/spike_hello/bsp/install/include/metal/machine'
 /usr/bin/install -c -m 644  metal/machine/inline.h metal/machine/platform.h '/C/wsFreedomStudio/spike_hello/bsp/install/include/metal/machine'
 /usr/bin/mkdir -p '/C/wsFreedomStudio/spike_hello/bsp/install/include/metal'
 /usr/bin/install -c -m 644  metal/machine.h /C/wsFreedomStudio/spike_hello/freedom-metal/metal/atomic.h /C/wsFreedomStudio/spike_hello/freedom-metal/metal/button.h /C/wsFreedomStudio/spike_hello/freedom-metal/metal/cache.h /C/wsFreedomStudio/spike_hello/freedom-metal/metal/clock.h /C/wsFreedomStudio/spike_hello/freedom-metal/metal/compiler.h /C/wsFreedomStudio/spike_hello/freedom-metal/metal/cpu.h /C/wsFreedomStudio/spike_hello/freedom-metal/metal/csr.h /C/wsFreedomStudio/spike_hello/freedom-metal/metal/gpio.h /C/wsFreedomStudio/spike_hello/freedom-metal/metal/hpm.h /C/wsFreedomStudio/spike_hello/freedom-metal/metal/i2c.h /C/wsFreedomStudio/spike_hello/freedom-metal/metal/init.h /C/wsFreedomStudio/spike_hello/freedom-metal/metal/interrupt.h /C/wsFreedomStudio/spike_hello/freedom-metal/metal/io.h /C/wsFreedomStudio/spike_hello/freedom-metal/metal/itim.h /C/wsFreedomStudio/spike_hello/freedom-metal/metal/led.h /C/wsFreedomStudio/spike_hello/freedom-metal/metal/lim.h /C/wsFreedomStudio/spike_hello/freedom-metal/metal/lock.h /C/wsFreedomStudio/spike_hello/freedom-metal/metal/memory.h /C/wsFreedomStudio/spike_hello/freedom-metal/metal/pmp.h /C/wsFreedomStudio/spike_hello/freedom-metal/metal/privilege.h /C/wsFreedomStudio/spike_hello/freedom-metal/metal/pwm.h /C/wsFreedomStudio/spike_hello/freedom-metal/metal/rtc.h /C/wsFreedomStudio/spike_hello/freedom-metal/metal/shutdown.h /C/wsFreedomStudio/spike_hello/freedom-metal/metal/scrub.h /C/wsFreedomStudio/spike_hello/freedom-metal/metal/spi.h /C/wsFreedomStudio/spike_hello/freedom-metal/metal/switch.h /C/wsFreedomStudio/spike_hello/freedom-metal/metal/timer.h /C/wsFreedomStudio/spike_hello/freedom-metal/metal/time.h /C/wsFreedomStudio/spike_hello/freedom-metal/metal/tty.h /C/wsFreedomStudio/spike_hello/freedom-metal/metal/uart.h /C/wsFreedomStudio/spike_hello/freedom-metal/metal/watchdog.h '/C/wsFreedomStudio/spike_hello/bsp/install/include/metal'
 /usr/bin/mkdir -p '/C/wsFreedomStudio/spike_hello/bsp/install/include/metal/drivers'
 /usr/bin/install -c -m 644  /C/wsFreedomStudio/spike_hello/freedom-metal/metal/drivers/fixed-clock.h /C/wsFreedomStudio/spike_hello/freedom-metal/metal/drivers/fixed-factor-clock.h /C/wsFreedomStudio/spike_hello/freedom-metal/metal/drivers/riscv_clint0.h /C/wsFreedomStudio/spike_hello/freedom-metal/metal/drivers/riscv_cpu.h /C/wsFreedomStudio/spike_hello/freedom-metal/metal/drivers/riscv_plic0.h /C/wsFreedomStudio/spike_hello/freedom-metal/metal/drivers/sifive_buserror0.h /C/wsFreedomStudio/spike_hello/freedom-metal/metal/drivers/sifive_ccache0.h /C/wsFreedomStudio/spike_hello/freedom-metal/metal/drivers/sifive_clic0.h /C/wsFreedomStudio/spike_hello/freedom-metal/metal/drivers/sifive_fe310-g000_hfrosc.h /C/wsFreedomStudio/spike_hello/freedom-metal/metal/drivers/sifive_fe310-g000_hfxosc.h /C/wsFreedomStudio/spike_hello/freedom-metal/metal/drivers/sifive_fe310-g000_lfrosc.h /C/wsFreedomStudio/spike_hello/freedom-metal/metal/drivers/sifive_fe310-g000_pll.h /C/wsFreedomStudio/spike_hello/freedom-metal/metal/drivers/sifive_fe310-g000_prci.h /C/wsFreedomStudio/spike_hello/freedom-metal/metal/drivers/sifive_global-external-interrupts0.h /C/wsFreedomStudio/spike_hello/freedom-metal/metal/drivers/sifive_gpio-buttons.h /C/wsFreedomStudio/spike_hello/freedom-metal/metal/drivers/sifive_gpio-leds.h /C/wsFreedomStudio/spike_hello/freedom-metal/metal/drivers/sifive_gpio-switches.h /C/wsFreedomStudio/spike_hello/freedom-metal/metal/drivers/sifive_gpio0.h /C/wsFreedomStudio/spike_hello/freedom-metal/metal/drivers/sifive_i2c0.h /C/wsFreedomStudio/spike_hello/freedom-metal/metal/drivers/sifive_l2pf0.h /C/wsFreedomStudio/spike_hello/freedom-metal/metal/drivers/sifive_local-external-interrupts0.h /C/wsFreedomStudio/spike_hello/freedom-metal/metal/drivers/sifive_pwm0.h /C/wsFreedomStudio/spike_hello/freedom-metal/metal/drivers/sifive_rtc0.h /C/wsFreedomStudio/spike_hello/freedom-metal/metal/drivers/sifive_spi0.h /C/wsFreedomStudio/spike_hello/freedom-metal/metal/drivers/sifive_test0.h /C/wsFreedomStudio/spike_hello/freedom-metal/metal/drivers/sifive_trace.h /C/wsFreedomStudio/spike_hello/freedom-metal/metal/drivers/sifive_uart0.h /C/wsFreedomStudio/spike_hello/freedom-metal/metal/drivers/sifive_simuart0.h /C/wsFreedomStudio/spike_hello/freedom-metal/metal/drivers/sifive_wdog0.h /C/wsFreedomStudio/spike_hello/freedom-metal/metal/drivers/ucb_htif0.h '/C/wsFreedomStudio/spike_hello/bsp/install/include/metal/drivers'
make[3]: Leaving directory '/C/wsFreedomStudio/spike_hello/bsp/build/debug'
make[2]: Leaving directory '/C/wsFreedomStudio/spike_hello/bsp/build/debug'
make[1]: Leaving directory '/C/wsFreedomStudio/spike_hello/bsp/build/debug'
date > /C/wsFreedomStudio/spike_hello/bsp/install/lib/debug/stamp
mkdir -p /c/wsFreedomStudio/spike_hello/src/debug/
/usr/bin/make -C /c/wsFreedomStudio/spike_hello/src hello \
	PORT_DIR= \
	PROGRAM=hello \
	AR=/C/FreedomStudio/SiFive/riscv64-unknown-elf-toolchain-10.2.0-2020.12.8/bin/riscv64-unknown-elf-ar \
	CC=/C/FreedomStudio/SiFive/riscv64-unknown-elf-toolchain-10.2.0-2020.12.8/bin/riscv64-unknown-elf-gcc \
	CXX=/C/FreedomStudio/SiFive/riscv64-unknown-elf-toolchain-10.2.0-2020.12.8/bin/riscv64-unknown-elf-g++ \
	ASFLAGS="-march=rv64imafdc -mabi=lp64d -mcmodel=medany --specs=nano.specs -O0 -g" \
	CCASFLAGS="-march=rv64imafdc -mabi=lp64d -mcmodel=medany -I/C/wsFreedomStudio/spike_hello/bsp/install/include --specs=nano.specs" \
	CFLAGS="-march=rv64imafdc -mabi=lp64d -mcmodel=medany -ffunction-sections -fdata-sections -I/C/wsFreedomStudio/spike_hello/bsp/install/include --specs=nano.specs -DMTIME_RATE_HZ_DEF=32768 -fcommon -O0 -g" \
	CXXFLAGS="-march=rv64imafdc -mabi=lp64d -mcmodel=medany -ffunction-sections -fdata-sections -I/C/wsFreedomStudio/spike_hello/bsp/install/include --specs=nano.specs -DMTIME_RATE_HZ_DEF=32768 -O0 -g" \
	XCFLAGS="-DMETAL_WAIT_CYCLE=0" \
	LDFLAGS="-Wl,--gc-sections -Wl,-Map,hello.map -nostartfiles -nostdlib -L/C/wsFreedomStudio/spike_hello/bsp/install/lib/debug/ -T/C/wsFreedomStudio/spike_hello/bsp/metal.default.lds" \
	LDLIBS="-Wl,--start-group -lc -lgcc -lm -lmetal -lmetal-gloss -Wl,--end-group" \
	FREERTOS_METAL_VENV_PATH="/C/wsFreedomStudio/spike_hello/venv"
make[1]: Entering directory '/c/wsFreedomStudio/spike_hello/src'
/C/FreedomStudio/SiFive/riscv64-unknown-elf-toolchain-10.2.0-2020.12.8/bin/riscv64-unknown-elf-gcc -march=rv64imafdc -mabi=lp64d -mcmodel=medany -ffunction-sections -fdata-sections -I/C/wsFreedomStudio/spike_hello/bsp/install/include --specs=nano.specs -DMTIME_RATE_HZ_DEF=32768 -fcommon -O0 -g  -Wl,--gc-sections -Wl,-Map,hello.map -nostartfiles -nostdlib -L/C/wsFreedomStudio/spike_hello/bsp/install/lib/debug/ -T/C/wsFreedomStudio/spike_hello/bsp/metal.default.lds  hello.c  -Wl,--start-group -lc -lgcc -lm -lmetal -lmetal-gloss -Wl,--end-group -o hello
make[1]: Leaving directory '/c/wsFreedomStudio/spike_hello/src'
mv /c/wsFreedomStudio/spike_hello/src/hello /c/wsFreedomStudio/spike_hello/src/debug/hello.elf
mv /c/wsFreedomStudio/spike_hello/src/hello.map /c/wsFreedomStudio/spike_hello/src/debug/
touch -c /c/wsFreedomStudio/spike_hello/src/debug/hello.elf
/C/FreedomStudio/SiFive/riscv64-unknown-elf-toolchain-10.2.0-2020.12.8/bin/riscv64-unknown-elf-objdump --source --all-headers --demangle --line-numbers --wide /c/wsFreedomStudio/spike_hello/src/debug/hello.elf > /c/wsFreedomStudio/spike_hello/src/debug/hello.lst
/C/FreedomStudio/SiFive/riscv64-unknown-elf-toolchain-10.2.0-2020.12.8/bin/riscv64-unknown-elf-size /c/wsFreedomStudio/spike_hello/src/debug/hello.elf
   text	   data	    bss	    dec	    hex	filename
   6326	    232	  11272	  17830	   45a6	C:/wsFreedomStudio/spike_hello/src/debug/hello.elf
/C/FreedomStudio/SiFive/riscv64-unknown-elf-toolchain-10.2.0-2020.12.8/bin/riscv64-unknown-elf-objcopy -O ihex /c/wsFreedomStudio/spike_hello/src/debug/hello.elf /c/wsFreedomStudio/spike_hello/src/debug/hello.hex

21:29:07 Build Finished. 0 errors, 0 warnings. (took 1m:55s.733ms)

