Archive member included to satisfy reference by file (symbol)

c:/freedomstudio-4.18.0/sifive/riscv64-unknown-elf-toolchain-10.2.0-2020.12.8/bin/../lib/gcc/riscv64-unknown-elf/10.2.0/../../../../riscv64-unknown-elf/lib/rv32imac/ilp32\libc_nano.a(lib_a-clock.o)
                              C:\Users\jjrh\AppData\Local\Temp\ccWdm8Pa.o (clock)
c:/freedomstudio-4.18.0/sifive/riscv64-unknown-elf-toolchain-10.2.0-2020.12.8/bin/../lib/gcc/riscv64-unknown-elf/10.2.0/../../../../riscv64-unknown-elf/lib/rv32imac/ilp32\libc_nano.a(lib_a-impure.o)
                              c:/freedomstudio-4.18.0/sifive/riscv64-unknown-elf-toolchain-10.2.0-2020.12.8/bin/../lib/gcc/riscv64-unknown-elf/10.2.0/../../../../riscv64-unknown-elf/lib/rv32imac/ilp32\libc_nano.a(lib_a-clock.o) (_impure_ptr)
c:/freedomstudio-4.18.0/sifive/riscv64-unknown-elf-toolchain-10.2.0-2020.12.8/bin/../lib/gcc/riscv64-unknown-elf/10.2.0/../../../../riscv64-unknown-elf/lib/rv32imac/ilp32\libc_nano.a(lib_a-malloc.o)
                              C:\Users\jjrh\AppData\Local\Temp\ccoDuI8g.o (malloc)
c:/freedomstudio-4.18.0/sifive/riscv64-unknown-elf-toolchain-10.2.0-2020.12.8/bin/../lib/gcc/riscv64-unknown-elf/10.2.0/../../../../riscv64-unknown-elf/lib/rv32imac/ilp32\libc_nano.a(lib_a-nano-freer.o)
                              c:/freedomstudio-4.18.0/sifive/riscv64-unknown-elf-toolchain-10.2.0-2020.12.8/bin/../lib/gcc/riscv64-unknown-elf/10.2.0/../../../../riscv64-unknown-elf/lib/rv32imac/ilp32\libc_nano.a(lib_a-malloc.o) (_free_r)
c:/freedomstudio-4.18.0/sifive/riscv64-unknown-elf-toolchain-10.2.0-2020.12.8/bin/../lib/gcc/riscv64-unknown-elf/10.2.0/../../../../riscv64-unknown-elf/lib/rv32imac/ilp32\libc_nano.a(lib_a-nano-mallocr.o)
                              c:/freedomstudio-4.18.0/sifive/riscv64-unknown-elf-toolchain-10.2.0-2020.12.8/bin/../lib/gcc/riscv64-unknown-elf/10.2.0/../../../../riscv64-unknown-elf/lib/rv32imac/ilp32\libc_nano.a(lib_a-malloc.o) (_malloc_r)
c:/freedomstudio-4.18.0/sifive/riscv64-unknown-elf-toolchain-10.2.0-2020.12.8/bin/../lib/gcc/riscv64-unknown-elf/10.2.0/../../../../riscv64-unknown-elf/lib/rv32imac/ilp32\libc_nano.a(lib_a-printf.o)
                              C:\Users\jjrh\AppData\Local\Temp\ccoDuI8g.o (printf)
c:/freedomstudio-4.18.0/sifive/riscv64-unknown-elf-toolchain-10.2.0-2020.12.8/bin/../lib/gcc/riscv64-unknown-elf/10.2.0/../../../../riscv64-unknown-elf/lib/rv32imac/ilp32\libc_nano.a(lib_a-puts.o)
                              C:\Users\jjrh\AppData\Local\Temp\cchwTCK9.o (puts)
c:/freedomstudio-4.18.0/sifive/riscv64-unknown-elf-toolchain-10.2.0-2020.12.8/bin/../lib/gcc/riscv64-unknown-elf/10.2.0/../../../../riscv64-unknown-elf/lib/rv32imac/ilp32\libc_nano.a(lib_a-sbrkr.o)
                              c:/freedomstudio-4.18.0/sifive/riscv64-unknown-elf-toolchain-10.2.0-2020.12.8/bin/../lib/gcc/riscv64-unknown-elf/10.2.0/../../../../riscv64-unknown-elf/lib/rv32imac/ilp32\libc_nano.a(lib_a-nano-mallocr.o) (_sbrk_r)
c:/freedomstudio-4.18.0/sifive/riscv64-unknown-elf-toolchain-10.2.0-2020.12.8/bin/../lib/gcc/riscv64-unknown-elf/10.2.0/../../../../riscv64-unknown-elf/lib/rv32imac/ilp32\libc_nano.a(lib_a-timesr.o)
                              c:/freedomstudio-4.18.0/sifive/riscv64-unknown-elf-toolchain-10.2.0-2020.12.8/bin/../lib/gcc/riscv64-unknown-elf/10.2.0/../../../../riscv64-unknown-elf/lib/rv32imac/ilp32\libc_nano.a(lib_a-clock.o) (_times_r)
c:/freedomstudio-4.18.0/sifive/riscv64-unknown-elf-toolchain-10.2.0-2020.12.8/bin/../lib/gcc/riscv64-unknown-elf/10.2.0/../../../../riscv64-unknown-elf/lib/rv32imac/ilp32\libc_nano.a(lib_a-wbuf.o)
                              c:/freedomstudio-4.18.0/sifive/riscv64-unknown-elf-toolchain-10.2.0-2020.12.8/bin/../lib/gcc/riscv64-unknown-elf/10.2.0/../../../../riscv64-unknown-elf/lib/rv32imac/ilp32\libc_nano.a(lib_a-puts.o) (__swbuf_r)
c:/freedomstudio-4.18.0/sifive/riscv64-unknown-elf-toolchain-10.2.0-2020.12.8/bin/../lib/gcc/riscv64-unknown-elf/10.2.0/../../../../riscv64-unknown-elf/lib/rv32imac/ilp32\libc_nano.a(lib_a-wsetup.o)
                              c:/freedomstudio-4.18.0/sifive/riscv64-unknown-elf-toolchain-10.2.0-2020.12.8/bin/../lib/gcc/riscv64-unknown-elf/10.2.0/../../../../riscv64-unknown-elf/lib/rv32imac/ilp32\libc_nano.a(lib_a-puts.o) (__swsetup_r)
c:/freedomstudio-4.18.0/sifive/riscv64-unknown-elf-toolchain-10.2.0-2020.12.8/bin/../lib/gcc/riscv64-unknown-elf/10.2.0/../../../../riscv64-unknown-elf/lib/rv32imac/ilp32\libc_nano.a(lib_a-fflush.o)
                              c:/freedomstudio-4.18.0/sifive/riscv64-unknown-elf-toolchain-10.2.0-2020.12.8/bin/../lib/gcc/riscv64-unknown-elf/10.2.0/../../../../riscv64-unknown-elf/lib/rv32imac/ilp32\libc_nano.a(lib_a-wbuf.o) (_fflush_r)
c:/freedomstudio-4.18.0/sifive/riscv64-unknown-elf-toolchain-10.2.0-2020.12.8/bin/../lib/gcc/riscv64-unknown-elf/10.2.0/../../../../riscv64-unknown-elf/lib/rv32imac/ilp32\libc_nano.a(lib_a-findfp.o)
[...]
Memory Configuration

Name             Origin             Length             Attributes
ram              0x0000000080000000 0x0000000000400000 axrwl
rom              0x0000000020400000 0x000000001fc00000 xrl !aw
*default*        0x0000000000000000 0xffffffffffffffff

Linker script and memory map

LOAD C:\Users\jjrh\AppData\Local\Temp\ccWdm8Pa.o
LOAD C:\Users\jjrh\AppData\Local\Temp\cchwTCK9.o
LOAD C:\Users\jjrh\AppData\Local\Temp\ccoDuI8g.o
LOAD C:\Users\jjrh\AppData\Local\Temp\ccSlpH7l.o
LOAD C:\Users\jjrh\AppData\Local\Temp\cca0CLCA.o
LOAD C:\Users\jjrh\AppData\Local\Temp\ccO3tSQT.o
START GROUP
LOAD c:/freedomstudio-4.18.0/sifive/riscv64-unknown-elf-toolchain-10.2.0-2020.12.8/bin/../lib/gcc/riscv64-unknown-elf/10.2.0/../../../../riscv64-unknown-elf/lib/rv32imac/ilp32\libc_nano.a
LOAD c:/freedomstudio-4.18.0/sifive/riscv64-unknown-elf-toolchain-10.2.0-2020.12.8/bin/../lib/gcc/riscv64-unknown-elf/10.2.0/rv32imac/ilp32\libgcc.a
LOAD c:/freedomstudio-4.18.0/sifive/riscv64-unknown-elf-toolchain-10.2.0-2020.12.8/bin/../lib/gcc/riscv64-unknown-elf/10.2.0/../../../../riscv64-unknown-elf/lib/rv32imac/ilp32\libm_nano.a
LOAD C:/Users/jjrh/Dropbox/Telecom/Tesis/Source/kernel_sifive/kernel_semaphore/bsp/install/lib/debug/\libmetal.a
LOAD C:/Users/jjrh/Dropbox/Telecom/Tesis/Source/kernel_sifive/kernel_semaphore/bsp/install/lib/debug/\libmetal-gloss.a
END GROUP
                0x0000000000000400                __stack_size = DEFINED (__stack_size)?__stack_size:0x400
                [!provide]                        PROVIDE (__stack_size = __stack_size)
                0x0000000000000800                __heap_size = DEFINED (__heap_size)?__heap_size:0x800
                0x0000000000000000                PROVIDE (__metal_boot_hart = 0x0)
                0x0000000000000001                PROVIDE (__metal_chicken_bit = 0x1)
                0x0000000000000000                PROVIDE (__metal_eccscrub_bit = 0x0)
                [!provide]                        PROVIDE (metal_dtim_0_memory_start = 0x80000000)
                [!provide]                        PROVIDE (metal_dtim_0_memory_end = 0x80010000)

.init           0x0000000020400000      0x2dc
 *(.text.metal.init.enter)
 .text.metal.init.enter
                0x0000000020400000       0x88 C:/Users/jjrh/Dropbox/Telecom/Tesis/Source/kernel_sifive/kernel_semaphore/bsp/install/lib/debug/\libmetal.a(entry.o)
                0x0000000020400000                _enter
 *(.text.metal.init.*)
 .text.metal.init.__register_frame_info
                0x0000000020400088        0x2 C:/Users/jjrh/Dropbox/Telecom/Tesis/Source/kernel_sifive/kernel_semaphore/bsp/install/lib/debug/\libmetal.a(entry.o)
                0x0000000020400088                __register_frame_info
 .text.metal.init.scrub
                0x000000002040008a       0xa8 C:/Users/jjrh/Dropbox/Telecom/Tesis/Source/kernel_sifive/kernel_semaphore/bsp/install/lib/debug/\libmetal.a(scrub.o)
                0x000000002040008a                metal_mem_scrub
                0x00000000204000cc                __metal_before_start
 *fill*         0x0000000020400132        0x2 
 .text.metal.init.trapvec
                0x0000000020400134        0xe C:/Users/jjrh/Dropbox/Telecom/Tesis/Source/kernel_sifive/kernel_semaphore/bsp/install/lib/debug/\libmetal.a(trap.o)
                0x0000000020400134                early_trap_vector
 *(SORT_NONE(.init))
 .init          0x0000000020400142        0xe C:/Users/jjrh/Dropbox/Telecom/Tesis/Source/kernel_sifive/kernel_semaphore/bsp/install/lib/debug/\libmetal.a(synchronize_harts.o)
                0x0000000020400142                __metal_synchronize_harts
 *(.text.libgloss.start)
 .text.libgloss.start
                0x0000000020400150      0x18c C:/Users/jjrh/Dropbox/Telecom/Tesis/Source/kernel_sifive/kernel_semaphore/bsp/install/lib/debug/\libmetal-gloss.a(crt0.o)
                0x0000000020400150                _start
                0x00000000204002ba                _fini
                0x00000000204002ba                _init
                0x00000000204002bc                secondary_main

.fini
 *(SORT_NONE(.fini))

.preinit_array  0x00000000204002e0        0x0
                0x00000000204002e0                PROVIDE (__preinit_array_start = .)
 *(.preinit_array)
                0x00000000204002e0                PROVIDE (__preinit_array_end = .)

.init_array     0x00000000204002e0        0xc
                0x00000000204002e0                PROVIDE (__init_array_start = .)
 *(SORT_BY_INIT_PRIORITY(.init_array.*) SORT_BY_INIT_PRIORITY(.ctors.*))
 *(.init_array EXCLUDE_FILE(*crtend?.o *crtend.o *crtbegin?.o *crtbegin.o) .ctors)
                0x00000000204002e0                PROVIDE (__init_array_end = .)
                0x00000000204002e0                PROVIDE (metal_constructors_start = .)
 *(SORT_BY_INIT_PRIORITY(.metal.init_array.*))
 .metal.init_array.5000
                0x00000000204002e0        0x4 C:/Users/jjrh/Dropbox/Telecom/Tesis/Source/kernel_sifive/kernel_semaphore/bsp/install/lib/debug/\libmetal.a(tty.o)
                0x00000000204002e0                _metal_tty_init_ptr
 .metal.init_array.5000
                0x00000000204002e4        0x8 C:/Users/jjrh/Dropbox/Telecom/Tesis/Source/kernel_sifive/kernel_semaphore/bsp/install/lib/debug/\libmetal.a(sifive_fe310-g000_pll.o)
                0x00000000204002e4                _metal_sifive_fe310_g000_pll_init_ptr
                0x00000000204002e8                _use_hfxosc_ptr
 *(.metal.init_array)
                0x00000000204002ec                PROVIDE (metal_constructors_end = .)

.fini_array     0x00000000204002f0        0x0
                0x00000000204002f0                PROVIDE (__fini_array_start = .)
 *(SORT_BY_INIT_PRIORITY(.fini_array.*) SORT_BY_INIT_PRIORITY(.dtors.*))
 *(.fini_array EXCLUDE_FILE(*crtend?.o *crtend.o *crtbegin?.o *crtbegin.o) .dtors)
                0x00000000204002f0                PROVIDE (__fini_array_end = .)
                0x00000000204002f0                PROVIDE (metal_destructors_start = .)
 *(SORT_BY_INIT_PRIORITY(.metal.fini_array.*))
 *(.metal.fini_array)
                0x00000000204002f0                PROVIDE (metal_destructors_end = .)

.ctors          0x00000000204002ec       0x7a
 *crtbegin.o(.ctors)
 *crtbegin?.o(.ctors)
 *(EXCLUDE_FILE(*crtend?.o *crtend.o) .ctors)
 *(SORT_BY_NAME(.ctors.*))
 *(.ctors)
 *(.metal.ctors .metal.ctors.*)
 .metal.ctors   0x00000000204002ec       0x24 C:/Users/jjrh/Dropbox/Telecom/Tesis/Source/kernel_sifive/kernel_semaphore/bsp/install/lib/debug/\libmetal.a(tty.o)
                0x00000000204002ec                metal_tty_init
 .metal.ctors   0x0000000020400310       0x56 C:/Users/jjrh/Dropbox/Telecom/Tesis/Source/kernel_sifive/kernel_semaphore/bsp/install/lib/debug/\libmetal.a(sifive_fe310-g000_pll.o)
                0x0000000020400310                metal_sifive_fe310_g000_pll_init
                0x000000002040033c                use_hfxosc

.dtors
 *crtbegin.o(.dtors)
 *crtbegin?.o(.dtors)
 *(EXCLUDE_FILE(*crtend?.o *crtend.o) .dtors)
 *(SORT_BY_NAME(.dtors.*))
 *(.dtors)
 *(.metal.dtors .metal.dtors.*)

.rodata         0x0000000020400368      0xdb0
 *(.rdata)
 *(.rodata .rodata.*)
 .rodata        0x0000000020400368       0x2a C:\Users\jjrh\AppData\Local\Temp\cchwTCK9.o
 *fill*         0x0000000020400392        0x2 
 .rodata        0x0000000020400394       0x18 C:\Users\jjrh\AppData\Local\Temp\ccSlpH7l.o
 .rodata.__sf_fake_stderr
                0x00000000204003ac       0x20 c:/freedomstudio-4.18.0/sifive/riscv64-unknown-elf-toolchain-10.2.0-2020.12.8/bin/../lib/gcc/riscv64-unknown-elf/10.2.0/../../../../riscv64-unknown-elf/lib/rv32imac/ilp32\libc_nano.a(lib_a-findfp.o)
                0x00000000204003ac                __sf_fake_stderr
 .rodata.__sf_fake_stdin
                0x00000000204003cc       0x20 c:/freedomstudio-4.18.0/sifive/riscv64-unknown-elf-toolchain-10.2.0-2020.12.8/bin/../lib/gcc/riscv64-unknown-elf/10.2.0/../../../../riscv64-unknown-elf/lib/rv32imac/ilp32\libc_nano.a(lib_a-findfp.o)
                0x00000000204003cc                __sf_fake_stdin
 .rodata.__sf_fake_stdout
                0x00000000204003ec       0x20 c:/freedomstudio-4.18.0/sifive/riscv64-unknown-elf-toolchain-10.2.0-2020.12.8/bin/../lib/gcc/riscv64-unknown-elf/10.2.0/../../../../riscv64-unknown-elf/lib/rv32imac/ilp32\libc_nano.a(lib_a-findfp.o)
                0x00000000204003ec                __sf_fake_stdout
 .rodata._vfprintf_r.str1.4
                0x000000002040040c       0x13 c:/freedomstudio-4.18.0/sifive/riscv64-unknown-elf-toolchain-10.2.0-2020.12.8/bin/../lib/gcc/riscv64-unknown-elf/10.2.0/../../../../riscv64-unknown-elf/lib/rv32imac/ilp32\libc_nano.a(lib_a-nano-vfprintf.o)
 *fill*         0x000000002040041f        0x1 
 .rodata._printf_i.str1.4
                0x0000000020400420       0x25 c:/freedomstudio-4.18.0/sifive/riscv64-unknown-elf-toolchain-10.2.0-2020.12.8/bin/../lib/gcc/riscv64-unknown-elf/10.2.0/../../../../riscv64-unknown-elf/lib/rv32imac/ilp32\libc_nano.a(lib_a-nano-vfprintf_i.o)
 *fill*         0x0000000020400445        0x3 
 .rodata._printf_i
                0x0000000020400448       0x58 c:/freedomstudio-4.18.0/sifive/riscv64-unknown-elf-toolchain-10.2.0-2020.12.8/bin/../lib/gcc/riscv64-unknown-elf/10.2.0/../../../../riscv64-unknown-elf/lib/rv32imac/ilp32\libc_nano.a(lib_a-nano-vfprintf_i.o)
 .rodata.libgloss.start
                0x00000000204004a0       0x11 C:/Users/jjrh/Dropbox/Telecom/Tesis/Source/kernel_sifive/kernel_semaphore/bsp/install/lib/debug/\libmetal-gloss.a(crt0.o)
 *fill*         0x00000000204004b1        0x3 
 .rodata        0x00000000204004b4      0x100 c:/freedomstudio-4.18.0/sifive/riscv64-unknown-elf-toolchain-10.2.0-2020.12.8/bin/../lib/gcc/riscv64-unknown-elf/10.2.0/rv32imac/ilp32\libgcc.a(_clz.o)
                0x00000000204004b4                __clz_tab
 .rodata.__metal_driver_vtable_riscv_clint0
                0x00000000204005b4       0x64 C:/Users/jjrh/Dropbox/Telecom/Tesis/Source/kernel_sifive/kernel_semaphore/bsp/install/lib/debug/\libmetal.a(riscv_clint0.o)
                0x00000000204005b4                __metal_driver_vtable_riscv_clint0
 .rodata.__metal_local_interrupt_enable
                0x0000000020400618       0x80 C:/Users/jjrh/Dropbox/Telecom/Tesis/Source/kernel_sifive/kernel_semaphore/bsp/install/lib/debug/\libmetal.a(riscv_cpu.o)
 .rodata.__metal_driver_vtable_riscv_cpu_intc
                0x0000000020400698       0x64 C:/Users/jjrh/Dropbox/Telecom/Tesis/Source/kernel_sifive/kernel_semaphore/bsp/install/lib/debug/\libmetal.a(riscv_cpu.o)
                0x0000000020400698                __metal_driver_vtable_riscv_cpu_intc
 .rodata.__metal_driver_vtable_cpu
                0x00000000204006fc       0x44 C:/Users/jjrh/Dropbox/Telecom/Tesis/Source/kernel_sifive/kernel_semaphore/bsp/install/lib/debug/\libmetal.a(riscv_cpu.o)
                0x00000000204006fc                __metal_driver_vtable_cpu
 .rodata.__metal_driver_vtable_riscv_plic0
                0x0000000020400740       0x64 C:/Users/jjrh/Dropbox/Telecom/Tesis/Source/kernel_sifive/kernel_semaphore/bsp/install/lib/debug/\libmetal.a(riscv_plic0.o)
                0x0000000020400740                __metal_driver_vtable_riscv_plic0
 .rodata.pll_configs
                0x00000000204007a4      0x880 C:/Users/jjrh/Dropbox/Telecom/Tesis/Source/kernel_sifive/kernel_semaphore/bsp/install/lib/debug/\libmetal.a(sifive_fe310-g000_pll.o)
 .rodata.__metal_driver_vtable_sifive_fe310_g000_pll
                0x0000000020401024        0xc C:/Users/jjrh/Dropbox/Telecom/Tesis/Source/kernel_sifive/kernel_semaphore/bsp/install/lib/debug/\libmetal.a(sifive_fe310-g000_pll.o)
                0x0000000020401024                __metal_driver_vtable_sifive_fe310_g000_pll
 .rodata.__metal_driver_sifive_gpio0_config_int
                0x0000000020401030       0x20 C:/Users/jjrh/Dropbox/Telecom/Tesis/Source/kernel_sifive/kernel_semaphore/bsp/install/lib/debug/\libmetal.a(sifive_gpio0.o)
 .rodata.__metal_driver_sifive_gpio0_clear_int
                0x0000000020401050       0x20 C:/Users/jjrh/Dropbox/Telecom/Tesis/Source/kernel_sifive/kernel_semaphore/bsp/install/lib/debug/\libmetal.a(sifive_gpio0.o)
 .rodata.__metal_driver_vtable_sifive_gpio0
                0x0000000020401070       0x3c C:/Users/jjrh/Dropbox/Telecom/Tesis/Source/kernel_sifive/kernel_semaphore/bsp/install/lib/debug/\libmetal.a(sifive_gpio0.o)
                0x0000000020401070                __metal_driver_vtable_sifive_gpio0
 .rodata.__metal_driver_vtable_sifive_uart0
                0x00000000204010ac       0x40 C:/Users/jjrh/Dropbox/Telecom/Tesis/Source/kernel_sifive/kernel_semaphore/bsp/install/lib/debug/\libmetal.a(sifive_uart0.o)
                0x00000000204010ac                __metal_driver_vtable_sifive_uart0
 *(.gnu.linkonce.r.*)
                0x00000000204010f0                . = ALIGN (0x8)
 *fill*         0x00000000204010ec        0x4 
 *(.srodata.cst16)
 *(.srodata.cst8)
 *(.srodata.cst4)
 *(.srodata.cst2)
 *(.srodata .srodata.*)
 .srodata._global_impure_ptr
                0x00000000204010f0        0x4 c:/freedomstudio-4.18.0/sifive/riscv64-unknown-elf-toolchain-10.2.0-2020.12.8/bin/../lib/gcc/riscv64-unknown-elf/10.2.0/../../../../riscv64-unknown-elf/lib/rv32imac/ilp32\libc_nano.a(lib_a-impure.o)
                0x00000000204010f0                _global_impure_ptr
 .srodata.__metal_driver_vtable_sifive_fe310_g000_hfrosc
                0x00000000204010f4        0x8 C:/Users/jjrh/Dropbox/Telecom/Tesis/Source/kernel_sifive/kernel_semaphore/bsp/install/lib/debug/\libmetal.a(sifive_fe310-g000_hfrosc.o)
                0x00000000204010f4                __metal_driver_vtable_sifive_fe310_g000_hfrosc
 .srodata.__metal_driver_vtable_sifive_fe310_g000_hfxosc
                0x00000000204010fc        0x8 C:/Users/jjrh/Dropbox/Telecom/Tesis/Source/kernel_sifive/kernel_semaphore/bsp/install/lib/debug/\libmetal.a(sifive_fe310-g000_hfxosc.o)
                0x00000000204010fc                __metal_driver_vtable_sifive_fe310_g000_hfxosc
 .srodata.__metal_driver_vtable_sifive_fe310_g000_prci
                0x0000000020401104        0x8 C:/Users/jjrh/Dropbox/Telecom/Tesis/Source/kernel_sifive/kernel_semaphore/bsp/install/lib/debug/\libmetal.a(sifive_fe310-g000_prci.o)
                0x0000000020401104                __metal_driver_vtable_sifive_fe310_g000_prci
 .srodata.__metal_driver_vtable_sifive_test0
                0x000000002040110c        0x4 C:/Users/jjrh/Dropbox/Telecom/Tesis/Source/kernel_sifive/kernel_semaphore/bsp/install/lib/debug/\libmetal.a(sifive_test0.o)
                0x000000002040110c                __metal_driver_vtable_sifive_test0
 .srodata.__metal_driver_vtable_fixed_clock
                0x0000000020401110        0x8 C:/Users/jjrh/Dropbox/Telecom/Tesis/Source/kernel_sifive/kernel_semaphore/bsp/install/lib/debug/\libmetal.a(fixed-clock.o)
                0x0000000020401110                __metal_driver_vtable_fixed_clock

.itim           0x0000000080000000        0x0 load address 0x0000000020401118
 *(.itim .itim.*)
                0x0000000020401118                PROVIDE (metal_segment_itim_source_start = LOADADDR (.itim))
                0x0000000080000000                PROVIDE (metal_segment_itim_target_start = ADDR (.itim))
                0x0000000080000000                PROVIDE (metal_segment_itim_target_end = (ADDR (.itim) + SIZEOF (.itim)))

.lim            0x0000000080000000        0x0 load address 0x0000000020401118
 *(.lim .lim.*)
                0x0000000020401118                PROVIDE (metal_segment_lim_source_start = LOADADDR (.lim))
                0x0000000080000000                PROVIDE (metal_segment_lim_target_start = ADDR (.lim))
                0x0000000080000000                PROVIDE (metal_segment_lim_target_end = (ADDR (.lim) + SIZEOF (.lim)))

.text           0x0000000020401180     0x6e3a
 *(.text.unlikely .text.unlikely.*)
 *(.text.startup .text.startup.*)
 *(.text .text.*)
 .text.r_mie    0x0000000020401180       0x1a C:\Users\jjrh\AppData\Local\Temp\ccWdm8Pa.o
 .text.w_mie    0x000000002040119a       0x1a C:\Users\jjrh\AppData\Local\Temp\ccWdm8Pa.o
 .text.w_mtvec  0x00000000204011b4       0x1a C:\Users\jjrh\AppData\Local\Temp\ccWdm8Pa.o
 .text.intr_on  0x00000000204011ce       0x2e C:\Users\jjrh\AppData\Local\Temp\ccWdm8Pa.o
 .text.intr_off
                0x00000000204011fc       0x26 C:\Users\jjrh\AppData\Local\Temp\ccWdm8Pa.o
 .text.osKernelStackInit
                0x0000000020401222       0x3a C:\Users\jjrh\AppData\Local\Temp\ccWdm8Pa.o
                0x0000000020401222                osKernelStackInit
 .text.osKernelAddThreads
                0x000000002040125c       0x74 C:\Users\jjrh\AppData\Local\Temp\ccWdm8Pa.o
                0x000000002040125c                osKernelAddThreads
 .text.osKernelLaunch
                0x00000000204012d0       0x16 C:\Users\jjrh\AppData\Local\Temp\ccWdm8Pa.o
                0x00000000204012d0                osKernelLaunch
 .text.system_init
                0x00000000204012e6       0x20 C:\Users\jjrh\AppData\Local\Temp\ccWdm8Pa.o
                0x00000000204012e6                system_init
 .text.timer_init
                0x0000000020401306       0x4a C:\Users\jjrh\AppData\Local\Temp\ccWdm8Pa.o
                0x0000000020401306                timer_init
 .text.osSchedulerRoundRobin
                0x0000000020401350       0x18 C:\Users\jjrh\AppData\Local\Temp\ccWdm8Pa.o
                0x0000000020401350                osSchedulerRoundRobin
 .text.delay    0x0000000020401368       0x42 C:\Users\jjrh\AppData\Local\Temp\ccWdm8Pa.o
                0x0000000020401368                delay
 .text.task     0x00000000204013aa       0x38 C:\Users\jjrh\AppData\Local\Temp\cchwTCK9.o
                0x00000000204013aa                task
 .text.task1    0x00000000204013e2       0x32 C:\Users\jjrh\AppData\Local\Temp\cchwTCK9.o
                0x00000000204013e2                task1
 .text.main     0x0000000020401414       0x3a C:\Users\jjrh\AppData\Local\Temp\cchwTCK9.o
                0x0000000020401414                main
 .text.handle_interrupt
                0x000000002040144e       0x7c C:\Users\jjrh\AppData\Local\Temp\ccSlpH7l.o
                0x000000002040144e                handle_interrupt
 .text.handle_exception
                0x00000000204014ca       0xa2 C:\Users\jjrh\AppData\Local\Temp\ccSlpH7l.o
                0x00000000204014ca                handle_exception
 .text.handle_trap
                0x000000002040156c       0x42 C:\Users\jjrh\AppData\Local\Temp\ccSlpH7l.o
                0x000000002040156c                handle_trap
 .text.r_mie    0x00000000204015ae       0x1a C:\Users\jjrh\AppData\Local\Temp\cca0CLCA.o
 .text.w_mie    0x00000000204015c8       0x1a C:\Users\jjrh\AppData\Local\Temp\cca0CLCA.o
 .text.intr_on  0x00000000204015e2       0x2e C:\Users\jjrh\AppData\Local\Temp\cca0CLCA.o
 .text.intr_off
                0x0000000020401610       0x26 C:\Users\jjrh\AppData\Local\Temp\cca0CLCA.o
 .text.osSemaphoreInit
                0x0000000020401636       0x20 C:\Users\jjrh\AppData\Local\Temp\cca0CLCA.o
                0x0000000020401636                osSemaphoreInit
 .text.semaphore_signal
                0x0000000020401656       0x2a C:\Users\jjrh\AppData\Local\Temp\cca0CLCA.o
                0x0000000020401656                semaphore_signal
 .text.semaphore_wait
                0x0000000020401680       0x3a C:\Users\jjrh\AppData\Local\Temp\cca0CLCA.o
                0x0000000020401680                semaphore_wait
 *fill*         0x00000000204016ba        0x2 
 .text          0x00000000204016bc       0xb6 C:\Users\jjrh\AppData\Local\Temp\ccO3tSQT.o
                0x00000000204016bc                osSchedulerLaunch
                0x00000000204016d0                switch_to
 .text.clock    0x0000000020401772       0x2a c:/freedomstudio-4.18.0/sifive/riscv64-unknown-elf-toolchain-10.2.0-2020.12.8/bin/../lib/gcc/riscv64-unknown-elf/10.2.0/../../../../riscv64-unknown-elf/lib/rv32imac/ilp32\libc_nano.a(lib_a-clock.o)
                0x0000000020401772                clock
 .text._free_r  0x000000002040179c       0xa6 c:/freedomstudio-4.18.0/sifive/riscv64-unknown-elf-toolchain-10.2.0-2020.12.8/bin/../lib/gcc/riscv64-unknown-elf/10.2.0/../../../../riscv64-unknown-elf/lib/rv32imac/ilp32\libc_nano.a(lib_a-nano-freer.o)
                0x000000002040179c                _free_r
 .text._malloc_r
                0x0000000020401842       0xde c:/freedomstudio-4.18.0/sifive/riscv64-unknown-elf-toolchain-10.2.0-2020.12.8/bin/../lib/gcc/riscv64-unknown-elf/10.2.0/../../../../riscv64-unknown-elf/lib/rv32imac/ilp32\libc_nano.a(lib_a-nano-mallocr.o)
                0x0000000020401842                _malloc_r
 .text.printf   0x0000000020401920       0x3e c:/freedomstudio-4.18.0/sifive/riscv64-unknown-elf-toolchain-10.2.0-2020.12.8/bin/../lib/gcc/riscv64-unknown-elf/10.2.0/../../../../riscv64-unknown-elf/lib/rv32imac/ilp32\libc_nano.a(lib_a-printf.o)
                0x0000000020401920                iprintf
                0x0000000020401920                printf
 .text._puts_r  0x000000002040195e       0xda c:/freedomstudio-4.18.0/sifive/riscv64-unknown-elf-toolchain-10.2.0-2020.12.8/bin/../lib/gcc/riscv64-unknown-elf/10.2.0/../../../../riscv64-unknown-elf/lib/rv32imac/ilp32\libc_nano.a(lib_a-puts.o)
                0x000000002040195e                _puts_r
 .text.puts     0x0000000020401a38        0xc c:/freedomstudio-4.18.0/sifive/riscv64-unknown-elf-toolchain-10.2.0-2020.12.8/bin/../lib/gcc/riscv64-unknown-elf/10.2.0/../../../../riscv64-unknown-elf/lib/rv32imac/ilp32\libc_nano.a(lib_a-puts.o)
                0x0000000020401a38                puts
 .text._sbrk_r  0x0000000020401a44       0x30 c:/freedomstudio-4.18.0/sifive/riscv64-unknown-elf-toolchain-10.2.0-2020.12.8/bin/../lib/gcc/riscv64-unknown-elf/10.2.0/../../../../riscv64-unknown-elf/lib/rv32imac/ilp32\libc_nano.a(lib_a-sbrkr.o)
                0x0000000020401a44                _sbrk_r
 .text._times_r
                0x0000000020401a74        0x6 c:/freedomstudio-4.18.0/sifive/riscv64-unknown-elf-toolchain-10.2.0-2020.12.8/bin/../lib/gcc/riscv64-unknown-elf/10.2.0/../../../../riscv64-unknown-elf/lib/rv32imac/ilp32\libc_nano.a(lib_a-timesr.o)
                0x0000000020401a74                _times_r
 .text.__swbuf_r
                0x0000000020401a7a       0xc0 c:/freedomstudio-4.18.0/sifive/riscv64-unknown-elf-toolchain-10.2.0-2020.12.8/bin/../lib/gcc/riscv64-unknown-elf/10.2.0/../../../../riscv64-unknown-elf/lib/rv32imac/ilp32\libc_nano.a(lib_a-wbuf.o)
                0x0000000020401a7a                __swbuf_r
 .text.__swsetup_r
                0x0000000020401b3a      0x10a c:/freedomstudio-4.18.0/sifive/riscv64-unknown-elf-toolchain-10.2.0-2020.12.8/bin/../lib/gcc/riscv64-unknown-elf/10.2.0/../../../../riscv64-unknown-elf/lib/rv32imac/ilp32\libc_nano.a(lib_a-wsetup.o)
                0x0000000020401b3a                __swsetup_r
 .text.__sflush_r
                0x0000000020401c44      0x146 c:/freedomstudio-4.18.0/sifive/riscv64-unknown-elf-toolchain-10.2.0-2020.12.8/bin/../lib/gcc/riscv64-unknown-elf/10.2.0/../../../../riscv64-unknown-elf/lib/rv32imac/ilp32\libc_nano.a(lib_a-fflush.o)
                0x0000000020401c44                __sflush_r
 .text._fflush_r
                0x0000000020401d8a       0x64 c:/freedomstudio-4.18.0/sifive/riscv64-unknown-elf-toolchain-10.2.0-2020.12.8/bin/../lib/gcc/riscv64-unknown-elf/10.2.0/../../../../riscv64-unknown-elf/lib/rv32imac/ilp32\libc_nano.a(lib_a-fflush.o)
                0x0000000020401d8a                _fflush_r
 .text.std      0x0000000020401dee       0x68 c:/freedomstudio-4.18.0/sifive/riscv64-unknown-elf-toolchain-10.2.0-2020.12.8/bin/../lib/gcc/riscv64-unknown-elf/10.2.0/../../../../riscv64-unknown-elf/lib/rv32imac/ilp32\libc_nano.a(lib_a-findfp.o)
 .text._cleanup_r
                0x0000000020401e56        0xa c:/freedomstudio-4.18.0/sifive/riscv64-unknown-elf-toolchain-10.2.0-2020.12.8/bin/../lib/gcc/riscv64-unknown-elf/10.2.0/../../../../riscv64-unknown-elf/lib/rv32imac/ilp32\libc_nano.a(lib_a-findfp.o)
                0x0000000020401e56                _cleanup_r
 .text.__sfmoreglue
                0x0000000020401e60       0x46 c:/freedomstudio-4.18.0/sifive/riscv64-unknown-elf-toolchain-10.2.0-2020.12.8/bin/../lib/gcc/riscv64-unknown-elf/10.2.0/../../../../riscv64-unknown-elf/lib/rv32imac/ilp32\libc_nano.a(lib_a-findfp.o)
                0x0000000020401e60                __sfmoreglue
 .text.__sinit  0x0000000020401ea6       0x6a c:/freedomstudio-4.18.0/sifive/riscv64-unknown-elf-toolchain-10.2.0-2020.12.8/bin/../lib/gcc/riscv64-unknown-elf/10.2.0/../../../../riscv64-unknown-elf/lib/rv32imac/ilp32\libc_nano.a(lib_a-findfp.o)
                0x0000000020401ea6                __sinit
 .text.__sfp    0x0000000020401f10       0x9c c:/freedomstudio-4.18.0/sifive/riscv64-unknown-elf-toolchain-10.2.0-2020.12.8/bin/../lib/gcc/riscv64-unknown-elf/10.2.0/../../../../riscv64-unknown-elf/lib/rv32imac/ilp32\libc_nano.a(lib_a-findfp.o)
                0x0000000020401f10                __sfp
 .text._fwalk_reent
                0x0000000020401fac       0x6a c:/freedomstudio-4.18.0/sifive/riscv64-unknown-elf-toolchain-10.2.0-2020.12.8/bin/../lib/gcc/riscv64-unknown-elf/10.2.0/../../../../riscv64-unknown-elf/lib/rv32imac/ilp32\libc_nano.a(lib_a-fwalk.o)
                0x0000000020401fac                _fwalk_reent
 .text.__swhatbuf_r
                0x0000000020402016       0x5a c:/freedomstudio-4.18.0/sifive/riscv64-unknown-elf-toolchain-10.2.0-2020.12.8/bin/../lib/gcc/riscv64-unknown-elf/10.2.0/../../../../riscv64-unknown-elf/lib/rv32imac/ilp32\libc_nano.a(lib_a-makebuf.o)
                0x0000000020402016                __swhatbuf_r
 .text.__smakebuf_r
                0x0000000020402070       0x9e c:/freedomstudio-4.18.0/sifive/riscv64-unknown-elf-toolchain-10.2.0-2020.12.8/bin/../lib/gcc/riscv64-unknown-elf/10.2.0/../../../../riscv64-unknown-elf/lib/rv32imac/ilp32\libc_nano.a(lib_a-makebuf.o)
                0x0000000020402070                __smakebuf_r
 .text          0x000000002040210e       0xa8 c:/freedomstudio-4.18.0/sifive/riscv64-unknown-elf-toolchain-10.2.0-2020.12.8/bin/../lib/gcc/riscv64-unknown-elf/10.2.0/../../../../riscv64-unknown-elf/lib/rv32imac/ilp32\libc_nano.a(lib_a-memset.o)
                0x000000002040210e                memset
 .text.__malloc_lock
                0x00000000204021b6        0x2 c:/freedomstudio-4.18.0/sifive/riscv64-unknown-elf-toolchain-10.2.0-2020.12.8/bin/../lib/gcc/riscv64-unknown-elf/10.2.0/../../../../riscv64-unknown-elf/lib/rv32imac/ilp32\libc_nano.a(lib_a-mlock.o)
                0x00000000204021b6                __malloc_lock
 .text.__malloc_unlock
                0x00000000204021b8        0x2 c:/freedomstudio-4.18.0/sifive/riscv64-unknown-elf-toolchain-10.2.0-2020.12.8/bin/../lib/gcc/riscv64-unknown-elf/10.2.0/../../../../riscv64-unknown-elf/lib/rv32imac/ilp32\libc_nano.a(lib_a-mlock.o)
                0x00000000204021b8                __malloc_unlock
 .text.__sfputc_r
                0x00000000204021ba       0x2a c:/freedomstudio-4.18.0/sifive/riscv64-unknown-elf-toolchain-10.2.0-2020.12.8/bin/../lib/gcc/riscv64-unknown-elf/10.2.0/../../../../riscv64-unknown-elf/lib/rv32imac/ilp32\libc_nano.a(lib_a-nano-vfprintf.o)
 .text.__sfputs_r
                0x00000000204021e4       0x42 c:/freedomstudio-4.18.0/sifive/riscv64-unknown-elf-toolchain-10.2.0-2020.12.8/bin/../lib/gcc/riscv64-unknown-elf/10.2.0/../../../../riscv64-unknown-elf/lib/rv32imac/ilp32\libc_nano.a(lib_a-nano-vfprintf.o)
                0x00000000204021e4                __sfputs_r
 .text._vfprintf_r
                0x0000000020402226      0x294 c:/freedomstudio-4.18.0/sifive/riscv64-unknown-elf-toolchain-10.2.0-2020.12.8/bin/../lib/gcc/riscv64-unknown-elf/10.2.0/../../../../riscv64-unknown-elf/lib/rv32imac/ilp32\libc_nano.a(lib_a-nano-vfprintf.o)
                0x0000000020402226                _vfprintf_r
                0x0000000020402226                _vfiprintf_r
 .text.__sread  0x00000000204024ba       0x30 c:/freedomstudio-4.18.0/sifive/riscv64-unknown-elf-toolchain-10.2.0-2020.12.8/bin/../lib/gcc/riscv64-unknown-elf/10.2.0/../../../../riscv64-unknown-elf/lib/rv32imac/ilp32\libc_nano.a(lib_a-stdio.o)
                0x00000000204024ba                __sread
 .text.__swrite
                0x00000000204024ea       0x4e c:/freedomstudio-4.18.0/sifive/riscv64-unknown-elf-toolchain-10.2.0-2020.12.8/bin/../lib/gcc/riscv64-unknown-elf/10.2.0/../../../../riscv64-unknown-elf/lib/rv32imac/ilp32\libc_nano.a(lib_a-stdio.o)
                0x00000000204024ea                __swrite
 .text.__sseek  0x0000000020402538       0x36 c:/freedomstudio-4.18.0/sifive/riscv64-unknown-elf-toolchain-10.2.0-2020.12.8/bin/../lib/gcc/riscv64-unknown-elf/10.2.0/../../../../riscv64-unknown-elf/lib/rv32imac/ilp32\libc_nano.a(lib_a-stdio.o)
                0x0000000020402538                __sseek
 .text.__sclose
                0x000000002040256e        0x6 c:/freedomstudio-4.18.0/sifive/riscv64-unknown-elf-toolchain-10.2.0-2020.12.8/bin/../lib/gcc/riscv64-unknown-elf/10.2.0/../../../../riscv64-unknown-elf/lib/rv32imac/ilp32\libc_nano.a(lib_a-stdio.o)
                0x000000002040256e                __sclose
 .text._write_r
                0x0000000020402574       0x34 c:/freedomstudio-4.18.0/sifive/riscv64-unknown-elf-toolchain-10.2.0-2020.12.8/bin/../lib/gcc/riscv64-unknown-elf/10.2.0/../../../../riscv64-unknown-elf/lib/rv32imac/ilp32\libc_nano.a(lib_a-writer.o)
                0x0000000020402574                _write_r
 .text._close_r
                0x00000000204025a8       0x2e c:/freedomstudio-4.18.0/sifive/riscv64-unknown-elf-toolchain-10.2.0-2020.12.8/bin/../lib/gcc/riscv64-unknown-elf/10.2.0/../../../../riscv64-unknown-elf/lib/rv32imac/ilp32\libc_nano.a(lib_a-closer.o)
                0x00000000204025a8                _close_r
 .text._fstat_r
                0x00000000204025d6       0x30 c:/freedomstudio-4.18.0/sifive/riscv64-unknown-elf-toolchain-10.2.0-2020.12.8/bin/../lib/gcc/riscv64-unknown-elf/10.2.0/../../../../riscv64-unknown-elf/lib/rv32imac/ilp32\libc_nano.a(lib_a-fstatr.o)
                0x00000000204025d6                _fstat_r
 .text._isatty_r
                0x0000000020402606       0x2e c:/freedomstudio-4.18.0/sifive/riscv64-unknown-elf-toolchain-10.2.0-2020.12.8/bin/../lib/gcc/riscv64-unknown-elf/10.2.0/../../../../riscv64-unknown-elf/lib/rv32imac/ilp32\libc_nano.a(lib_a-isattyr.o)
                0x0000000020402606                _isatty_r
 .text._lseek_r
                0x0000000020402634       0x32 c:/freedomstudio-4.18.0/sifive/riscv64-unknown-elf-toolchain-10.2.0-2020.12.8/bin/../lib/gcc/riscv64-unknown-elf/10.2.0/../../../../riscv64-unknown-elf/lib/rv32imac/ilp32\libc_nano.a(lib_a-lseekr.o)
                0x0000000020402634                _lseek_r
 .text.memchr   0x0000000020402666       0x1a c:/freedomstudio-4.18.0/sifive/riscv64-unknown-elf-toolchain-10.2.0-2020.12.8/bin/../lib/gcc/riscv64-unknown-elf/10.2.0/../../../../riscv64-unknown-elf/lib/rv32imac/ilp32\libc_nano.a(lib_a-memchr.o)
                0x0000000020402666                memchr
 .text._printf_common
                0x0000000020402680      0x10c c:/freedomstudio-4.18.0/sifive/riscv64-unknown-elf-toolchain-10.2.0-2020.12.8/bin/../lib/gcc/riscv64-unknown-elf/10.2.0/../../../../riscv64-unknown-elf/lib/rv32imac/ilp32\libc_nano.a(lib_a-nano-vfprintf_i.o)
                0x0000000020402680                _printf_common
 .text._printf_i
                0x000000002040278c      0x270 c:/freedomstudio-4.18.0/sifive/riscv64-unknown-elf-toolchain-10.2.0-2020.12.8/bin/../lib/gcc/riscv64-unknown-elf/10.2.0/../../../../riscv64-unknown-elf/lib/rv32imac/ilp32\libc_nano.a(lib_a-nano-vfprintf_i.o)
                0x000000002040278c                _printf_i
 .text._read_r  0x00000000204029fc       0x32 c:/freedomstudio-4.18.0/sifive/riscv64-unknown-elf-toolchain-10.2.0-2020.12.8/bin/../lib/gcc/riscv64-unknown-elf/10.2.0/../../../../riscv64-unknown-elf/lib/rv32imac/ilp32\libc_nano.a(lib_a-readr.o)
                0x00000000204029fc                _read_r
 .text._close   0x0000000020402a2e       0x22 C:/Users/jjrh/Dropbox/Telecom/Tesis/Source/kernel_sifive/kernel_semaphore/bsp/install/lib/debug/\libmetal-gloss.a(sys_close.o)
                0x0000000020402a2e                _close
 .text._fstat   0x0000000020402a50       0x26 C:/Users/jjrh/Dropbox/Telecom/Tesis/Source/kernel_sifive/kernel_semaphore/bsp/install/lib/debug/\libmetal-gloss.a(sys_fstat.o)
                0x0000000020402a50                _fstat
 .text._isatty  0x0000000020402a76       0x20 C:/Users/jjrh/Dropbox/Telecom/Tesis/Source/kernel_sifive/kernel_semaphore/bsp/install/lib/debug/\libmetal-gloss.a(sys_isatty.o)
                0x0000000020402a76                _isatty
 .text._lseek   0x0000000020402a96       0x2a C:/Users/jjrh/Dropbox/Telecom/Tesis/Source/kernel_sifive/kernel_semaphore/bsp/install/lib/debug/\libmetal-gloss.a(sys_lseek.o)
                0x0000000020402a96                _lseek
 .text._read    0x0000000020402ac0       0x2a C:/Users/jjrh/Dropbox/Telecom/Tesis/Source/kernel_sifive/kernel_semaphore/bsp/install/lib/debug/\libmetal-gloss.a(sys_read.o)
                0x0000000020402ac0                _read
 .text._sbrk    0x0000000020402aea       0x8a C:/Users/jjrh/Dropbox/Telecom/Tesis/Source/kernel_sifive/kernel_semaphore/bsp/install/lib/debug/\libmetal-gloss.a(sys_sbrk.o)
                0x0000000020402aea                _sbrk
 .text.muldiv   0x0000000020402b74       0xe0 C:/Users/jjrh/Dropbox/Telecom/Tesis/Source/kernel_sifive/kernel_semaphore/bsp/install/lib/debug/\libmetal-gloss.a(sys_times.o)
 .text._times   0x0000000020402c54       0x8e C:/Users/jjrh/Dropbox/Telecom/Tesis/Source/kernel_sifive/kernel_semaphore/bsp/install/lib/debug/\libmetal-gloss.a(sys_times.o)
                0x0000000020402c54                _times
                0x0000000020402c54                times
 .text._write   0x0000000020402ce2       0x70 C:/Users/jjrh/Dropbox/Telecom/Tesis/Source/kernel_sifive/kernel_semaphore/bsp/install/lib/debug/\libmetal-gloss.a(sys_write.o)
                0x0000000020402ce2                _write
                0x0000000020402ce2                write
 .text.atexit   0x0000000020402d52        0xa c:/freedomstudio-4.18.0/sifive/riscv64-unknown-elf-toolchain-10.2.0-2020.12.8/bin/../lib/gcc/riscv64-unknown-elf/10.2.0/../../../../riscv64-unknown-elf/lib/rv32imac/ilp32\libc_nano.a(lib_a-atexit.o)
                0x0000000020402d52                atexit
 .text.__errno  0x0000000020402d5c        0xa c:/freedomstudio-4.18.0/sifive/riscv64-unknown-elf-toolchain-10.2.0-2020.12.8/bin/../lib/gcc/riscv64-unknown-elf/10.2.0/../../../../riscv64-unknown-elf/lib/rv32imac/ilp32\libc_nano.a(lib_a-errno.o)
                0x0000000020402d5c                __errno
 .text.exit     0x0000000020402d66       0x2a c:/freedomstudio-4.18.0/sifive/riscv64-unknown-elf-toolchain-10.2.0-2020.12.8/bin/../lib/gcc/riscv64-unknown-elf/10.2.0/../../../../riscv64-unknown-elf/lib/rv32imac/ilp32\libc_nano.a(lib_a-exit.o)
                0x0000000020402d66                exit
 .text.__libc_fini_array
                0x0000000020402d90       0x36 c:/freedomstudio-4.18.0/sifive/riscv64-unknown-elf-toolchain-10.2.0-2020.12.8/bin/../lib/gcc/riscv64-unknown-elf/10.2.0/../../../../riscv64-unknown-elf/lib/rv32imac/ilp32\libc_nano.a(lib_a-fini.o)
                0x0000000020402d90                __libc_fini_array
 .text.__libc_init_array
                0x0000000020402dc6       0x5e c:/freedomstudio-4.18.0/sifive/riscv64-unknown-elf-toolchain-10.2.0-2020.12.8/bin/../lib/gcc/riscv64-unknown-elf/10.2.0/../../../../riscv64-unknown-elf/lib/rv32imac/ilp32\libc_nano.a(lib_a-init.o)
                0x0000000020402dc6                __libc_init_array
 .text.__register_exitproc
                0x0000000020402e24       0x7c c:/freedomstudio-4.18.0/sifive/riscv64-unknown-elf-toolchain-10.2.0-2020.12.8/bin/../lib/gcc/riscv64-unknown-elf/10.2.0/../../../../riscv64-unknown-elf/lib/rv32imac/ilp32\libc_nano.a(lib_a-__atexit.o)
                0x0000000020402e24                __register_exitproc
 .text.__call_exitprocs
                0x0000000020402ea0       0xc8 c:/freedomstudio-4.18.0/sifive/riscv64-unknown-elf-toolchain-10.2.0-2020.12.8/bin/../lib/gcc/riscv64-unknown-elf/10.2.0/../../../../riscv64-unknown-elf/lib/rv32imac/ilp32\libc_nano.a(lib_a-__call_atexit.o)
                0x0000000020402ea0                __call_exitprocs
 .text          0x0000000020402f68      0x360 c:/freedomstudio-4.18.0/sifive/riscv64-unknown-elf-toolchain-10.2.0-2020.12.8/bin/../lib/gcc/riscv64-unknown-elf/10.2.0/rv32imac/ilp32\libgcc.a(_udivdi3.o)
                0x0000000020402f68                __udivdi3
 .text          0x00000000204032c8      0x340 c:/freedomstudio-4.18.0/sifive/riscv64-unknown-elf-toolchain-10.2.0-2020.12.8/bin/../lib/gcc/riscv64-unknown-elf/10.2.0/rv32imac/ilp32\libgcc.a(_umoddi3.o)
                0x00000000204032c8                __umoddi3
 .text.metal_cpu_get_timer
                0x0000000020403608       0x2a C:/Users/jjrh/Dropbox/Telecom/Tesis/Source/kernel_sifive/kernel_semaphore/bsp/install/lib/debug/\libmetal.a(cpu.o)
                0x0000000020403608                metal_cpu_get_timer
 .text.metal_cpu_get_timebase
                0x0000000020403632       0x2a C:/Users/jjrh/Dropbox/Telecom/Tesis/Source/kernel_sifive/kernel_semaphore/bsp/install/lib/debug/\libmetal.a(cpu.o)
                0x0000000020403632                metal_cpu_get_timebase
 .text.metal_cpu_interrupt_controller
                0x000000002040365c       0x26 C:/Users/jjrh/Dropbox/Telecom/Tesis/Source/kernel_sifive/kernel_semaphore/bsp/install/lib/debug/\libmetal.a(cpu.o)
                0x000000002040365c                metal_cpu_interrupt_controller
 .text.metal_cpu_get
                0x0000000020403682       0x2e C:/Users/jjrh/Dropbox/Telecom/Tesis/Source/kernel_sifive/kernel_semaphore/bsp/install/lib/debug/\libmetal.a(cpu.o)
                0x0000000020403682                metal_cpu_get
 .text.metal_cpu_get_current_hartid
                0x00000000204036b0       0x1a C:/Users/jjrh/Dropbox/Telecom/Tesis/Source/kernel_sifive/kernel_semaphore/bsp/install/lib/debug/\libmetal.a(cpu.o)
                0x00000000204036b0                metal_cpu_get_current_hartid
 .text.metal_init
                0x00000000204036ca       0x78 C:/Users/jjrh/Dropbox/Telecom/Tesis/Source/kernel_sifive/kernel_semaphore/bsp/install/lib/debug/\libmetal.a(init.o)
                0x00000000204036ca                metal_init
 .text.metal_fini
                0x0000000020403742       0x78 C:/Users/jjrh/Dropbox/Telecom/Tesis/Source/kernel_sifive/kernel_semaphore/bsp/install/lib/debug/\libmetal.a(init.o)
                0x0000000020403742                metal_fini
 .text.metal_init_run
                0x00000000204037ba       0x14 C:/Users/jjrh/Dropbox/Telecom/Tesis/Source/kernel_sifive/kernel_semaphore/bsp/install/lib/debug/\libmetal.a(init.o)
                0x00000000204037ba                metal_init_run
 .text.metal_fini_run
                0x00000000204037ce       0x14 C:/Users/jjrh/Dropbox/Telecom/Tesis/Source/kernel_sifive/kernel_semaphore/bsp/install/lib/debug/\libmetal.a(init.o)
                0x00000000204037ce                metal_fini_run
 .text.metal_timer_get_cyclecount
                0x00000000204037e2       0x44 C:/Users/jjrh/Dropbox/Telecom/Tesis/Source/kernel_sifive/kernel_semaphore/bsp/install/lib/debug/\libmetal.a(timer.o)
                0x00000000204037e2                metal_timer_get_cyclecount
 .text.metal_timer_get_timebase_frequency
                0x0000000020403826       0x44 C:/Users/jjrh/Dropbox/Telecom/Tesis/Source/kernel_sifive/kernel_semaphore/bsp/install/lib/debug/\libmetal.a(timer.o)
                0x0000000020403826                metal_timer_get_timebase_frequency
 .text.metal_tty_putc
                0x000000002040386a       0x26 C:/Users/jjrh/Dropbox/Telecom/Tesis/Source/kernel_sifive/kernel_semaphore/bsp/install/lib/debug/\libmetal.a(tty.o)
                0x000000002040386a                metal_tty_putc
 .text.metal_uart_init
                0x0000000020403890       0x2c C:/Users/jjrh/Dropbox/Telecom/Tesis/Source/kernel_sifive/kernel_semaphore/bsp/install/lib/debug/\libmetal.a(uart.o)
                0x0000000020403890                metal_uart_init
 .text.metal_uart_putc
                0x00000000204038bc       0x2e C:/Users/jjrh/Dropbox/Telecom/Tesis/Source/kernel_sifive/kernel_semaphore/bsp/install/lib/debug/\libmetal.a(uart.o)
                0x00000000204038bc                metal_uart_putc
 .text.metal_uart_set_baud_rate
                0x00000000204038ea       0x2e C:/Users/jjrh/Dropbox/Telecom/Tesis/Source/kernel_sifive/kernel_semaphore/bsp/install/lib/debug/\libmetal.a(uart.o)
                0x00000000204038ea                metal_uart_set_baud_rate
 .text.__metal_driver_sifive_clint0_control_base
                0x0000000020403918       0x2a C:/Users/jjrh/Dropbox/Telecom/Tesis/Source/kernel_sifive/kernel_semaphore/bsp/install/lib/debug/\libmetal.a(riscv_clint0.o)
 .text.__metal_driver_sifive_clint0_num_interrupts
                0x0000000020403942       0x28 C:/Users/jjrh/Dropbox/Telecom/Tesis/Source/kernel_sifive/kernel_semaphore/bsp/install/lib/debug/\libmetal.a(riscv_clint0.o)
 .text.__metal_driver_sifive_clint0_interrupt_parents
                0x000000002040396a       0x3c C:/Users/jjrh/Dropbox/Telecom/Tesis/Source/kernel_sifive/kernel_semaphore/bsp/install/lib/debug/\libmetal.a(riscv_clint0.o)
 .text.__metal_driver_sifive_clint0_interrupt_lines
                0x00000000204039a6       0x30 C:/Users/jjrh/Dropbox/Telecom/Tesis/Source/kernel_sifive/kernel_semaphore/bsp/install/lib/debug/\libmetal.a(riscv_clint0.o)
 .text.__metal_clint0_mtime_get
                0x00000000204039d6       0x9a C:/Users/jjrh/Dropbox/Telecom/Tesis/Source/kernel_sifive/kernel_semaphore/bsp/install/lib/debug/\libmetal.a(riscv_clint0.o)
                0x00000000204039d6                __metal_clint0_mtime_get
 .text.__metal_driver_riscv_clint0_mtimecmp_set
                0x0000000020403a70       0x96 C:/Users/jjrh/Dropbox/Telecom/Tesis/Source/kernel_sifive/kernel_semaphore/bsp/install/lib/debug/\libmetal.a(riscv_clint0.o)
                0x0000000020403a70                __metal_driver_riscv_clint0_mtimecmp_set
 .text._get_cpu_intc
                0x0000000020403b06       0x36 C:/Users/jjrh/Dropbox/Telecom/Tesis/Source/kernel_sifive/kernel_semaphore/bsp/install/lib/debug/\libmetal.a(riscv_clint0.o)
 .text.__metal_driver_riscv_clint0_init
                0x0000000020403b3c       0x88 C:/Users/jjrh/Dropbox/Telecom/Tesis/Source/kernel_sifive/kernel_semaphore/bsp/install/lib/debug/\libmetal.a(riscv_clint0.o)
                0x0000000020403b3c                __metal_driver_riscv_clint0_init
 .text.__metal_driver_riscv_clint0_register
                0x0000000020403bc4       0xda C:/Users/jjrh/Dropbox/Telecom/Tesis/Source/kernel_sifive/kernel_semaphore/bsp/install/lib/debug/\libmetal.a(riscv_clint0.o)
                0x0000000020403bc4                __metal_driver_riscv_clint0_register
 .text.__metal_driver_riscv_clint0_vector_register
                0x0000000020403c9e       0x28 C:/Users/jjrh/Dropbox/Telecom/Tesis/Source/kernel_sifive/kernel_semaphore/bsp/install/lib/debug/\libmetal.a(riscv_clint0.o)
                0x0000000020403c9e                __metal_driver_riscv_clint0_vector_register
 .text.__metal_driver_riscv_clint0_get_vector_mode
                0x0000000020403cc6       0x1c C:/Users/jjrh/Dropbox/Telecom/Tesis/Source/kernel_sifive/kernel_semaphore/bsp/install/lib/debug/\libmetal.a(riscv_clint0.o)
                0x0000000020403cc6                __metal_driver_riscv_clint0_get_vector_mode
 .text.__metal_driver_riscv_clint0_set_vector_mode
                0x0000000020403ce2       0x58 C:/Users/jjrh/Dropbox/Telecom/Tesis/Source/kernel_sifive/kernel_semaphore/bsp/install/lib/debug/\libmetal.a(riscv_clint0.o)
                0x0000000020403ce2                __metal_driver_riscv_clint0_set_vector_mode
 .text.__metal_driver_riscv_clint0_enable
                0x0000000020403d3a       0xb6 C:/Users/jjrh/Dropbox/Telecom/Tesis/Source/kernel_sifive/kernel_semaphore/bsp/install/lib/debug/\libmetal.a(riscv_clint0.o)
                0x0000000020403d3a                __metal_driver_riscv_clint0_enable
 .text.__metal_driver_riscv_clint0_disable
                0x0000000020403df0       0xb8 C:/Users/jjrh/Dropbox/Telecom/Tesis/Source/kernel_sifive/kernel_semaphore/bsp/install/lib/debug/\libmetal.a(riscv_clint0.o)
                0x0000000020403df0                __metal_driver_riscv_clint0_disable
 .text.__metal_driver_riscv_clint0_command_request
                0x0000000020403ea8      0x140 C:/Users/jjrh/Dropbox/Telecom/Tesis/Source/kernel_sifive/kernel_semaphore/bsp/install/lib/debug/\libmetal.a(riscv_clint0.o)
                0x0000000020403ea8                __metal_driver_riscv_clint0_command_request
 .text.__metal_driver_riscv_clint0_clear_interrupt
                0x0000000020403fe8       0x34 C:/Users/jjrh/Dropbox/Telecom/Tesis/Source/kernel_sifive/kernel_semaphore/bsp/install/lib/debug/\libmetal.a(riscv_clint0.o)
                0x0000000020403fe8                __metal_driver_riscv_clint0_clear_interrupt
 .text.__metal_driver_riscv_clint0_set_interrupt
                0x000000002040401c       0x34 C:/Users/jjrh/Dropbox/Telecom/Tesis/Source/kernel_sifive/kernel_semaphore/bsp/install/lib/debug/\libmetal.a(riscv_clint0.o)
                0x000000002040401c                __metal_driver_riscv_clint0_set_interrupt
 .text.__metal_driver_cpu_hartid
                0x0000000020404050       0x24 C:/Users/jjrh/Dropbox/Telecom/Tesis/Source/kernel_sifive/kernel_semaphore/bsp/install/lib/debug/\libmetal.a(riscv_cpu.o)
 .text.__metal_driver_cpu_timebase
                0x0000000020404074       0x2a C:/Users/jjrh/Dropbox/Telecom/Tesis/Source/kernel_sifive/kernel_semaphore/bsp/install/lib/debug/\libmetal.a(riscv_cpu.o)
 .text.__metal_driver_cpu_interrupt_controller
                0x000000002040409e       0x2a C:/Users/jjrh/Dropbox/Telecom/Tesis/Source/kernel_sifive/kernel_semaphore/bsp/install/lib/debug/\libmetal.a(riscv_cpu.o)
 .text.__metal_driver_cpu_buserror
                0x00000000204040c8       0x24 C:/Users/jjrh/Dropbox/Telecom/Tesis/Source/kernel_sifive/kernel_semaphore/bsp/install/lib/debug/\libmetal.a(riscv_cpu.o)
 .text.__metal_driver_cpu_get
                0x00000000204040ec       0x30 C:/Users/jjrh/Dropbox/Telecom/Tesis/Source/kernel_sifive/kernel_semaphore/bsp/install/lib/debug/\libmetal.a(riscv_cpu.o)
                0x00000000204040ec                __metal_driver_cpu_get
 .text.__metal_myhart_id
                0x000000002040411c       0x1a C:/Users/jjrh/Dropbox/Telecom/Tesis/Source/kernel_sifive/kernel_semaphore/bsp/install/lib/debug/\libmetal.a(riscv_cpu.o)
                0x000000002040411c                __metal_myhart_id
 .text.__metal_interrupt_global_enable
                0x0000000020404136       0x18 C:/Users/jjrh/Dropbox/Telecom/Tesis/Source/kernel_sifive/kernel_semaphore/bsp/install/lib/debug/\libmetal.a(riscv_cpu.o)
                0x0000000020404136                __metal_interrupt_global_enable
 .text.__metal_interrupt_global_disable
                0x000000002040414e       0x18 C:/Users/jjrh/Dropbox/Telecom/Tesis/Source/kernel_sifive/kernel_semaphore/bsp/install/lib/debug/\libmetal.a(riscv_cpu.o)
                0x000000002040414e                __metal_interrupt_global_disable
 .text.__metal_interrupt_software_enable
                0x0000000020404166       0x18 C:/Users/jjrh/Dropbox/Telecom/Tesis/Source/kernel_sifive/kernel_semaphore/bsp/install/lib/debug/\libmetal.a(riscv_cpu.o)
                0x0000000020404166                __metal_interrupt_software_enable
 .text.__metal_interrupt_software_disable
                0x000000002040417e       0x18 C:/Users/jjrh/Dropbox/Telecom/Tesis/Source/kernel_sifive/kernel_semaphore/bsp/install/lib/debug/\libmetal.a(riscv_cpu.o)
                0x000000002040417e                __metal_interrupt_software_disable
 .text.__metal_interrupt_timer_enable
                0x0000000020404196       0x1a C:/Users/jjrh/Dropbox/Telecom/Tesis/Source/kernel_sifive/kernel_semaphore/bsp/install/lib/debug/\libmetal.a(riscv_cpu.o)
                0x0000000020404196                __metal_interrupt_timer_enable
 .text.__metal_interrupt_timer_disable
                0x00000000204041b0       0x1a C:/Users/jjrh/Dropbox/Telecom/Tesis/Source/kernel_sifive/kernel_semaphore/bsp/install/lib/debug/\libmetal.a(riscv_cpu.o)
                0x00000000204041b0                __metal_interrupt_timer_disable
 .text.__metal_interrupt_external_enable
                0x00000000204041ca       0x1c C:/Users/jjrh/Dropbox/Telecom/Tesis/Source/kernel_sifive/kernel_semaphore/bsp/install/lib/debug/\libmetal.a(riscv_cpu.o)
                0x00000000204041ca                __metal_interrupt_external_enable
 .text.__metal_interrupt_external_disable
                0x00000000204041e6       0x1c C:/Users/jjrh/Dropbox/Telecom/Tesis/Source/kernel_sifive/kernel_semaphore/bsp/install/lib/debug/\libmetal.a(riscv_cpu.o)
                0x00000000204041e6                __metal_interrupt_external_disable
 .text.__metal_interrupt_local_enable
                0x0000000020404202       0x2c C:/Users/jjrh/Dropbox/Telecom/Tesis/Source/kernel_sifive/kernel_semaphore/bsp/install/lib/debug/\libmetal.a(riscv_cpu.o)
                0x0000000020404202                __metal_interrupt_local_enable
 .text.__metal_interrupt_local_disable
                0x000000002040422e       0x2c C:/Users/jjrh/Dropbox/Telecom/Tesis/Source/kernel_sifive/kernel_semaphore/bsp/install/lib/debug/\libmetal.a(riscv_cpu.o)
                0x000000002040422e                __metal_interrupt_local_disable
 .text.__metal_default_exception_handler
                0x000000002040425a       0x18 C:/Users/jjrh/Dropbox/Telecom/Tesis/Source/kernel_sifive/kernel_semaphore/bsp/install/lib/debug/\libmetal.a(riscv_cpu.o)
                0x000000002040425a                __metal_default_exception_handler
 .text.__metal_default_interrupt_handler
                0x0000000020404272       0x18 C:/Users/jjrh/Dropbox/Telecom/Tesis/Source/kernel_sifive/kernel_semaphore/bsp/install/lib/debug/\libmetal.a(riscv_cpu.o)
                0x0000000020404272                __metal_default_interrupt_handler
 .text.metal_interrupt_vector_handler
                0x000000002040428a       0x2e C:/Users/jjrh/Dropbox/Telecom/Tesis/Source/kernel_sifive/kernel_semaphore/bsp/install/lib/debug/\libmetal.a(riscv_cpu.o)
                0x000000002040428a                metal_interrupt_vector_handler
 .text.metal_software_interrupt_vector_handler
                0x00000000204042b8       0x92 C:/Users/jjrh/Dropbox/Telecom/Tesis/Source/kernel_sifive/kernel_semaphore/bsp/install/lib/debug/\libmetal.a(riscv_cpu.o)
                0x00000000204042b8                metal_software_interrupt_vector_handler
 .text.__metal_default_sw_handler
                0x000000002040434a       0x68 C:/Users/jjrh/Dropbox/Telecom/Tesis/Source/kernel_sifive/kernel_semaphore/bsp/install/lib/debug/\libmetal.a(riscv_cpu.o)
                0x000000002040434a                __metal_default_sw_handler
 .text.metal_timer_interrupt_vector_handler
                0x00000000204043b2       0x92 C:/Users/jjrh/Dropbox/Telecom/Tesis/Source/kernel_sifive/kernel_semaphore/bsp/install/lib/debug/\libmetal.a(riscv_cpu.o)
                0x00000000204043b2                metal_timer_interrupt_vector_handler
 .text.__metal_default_beu_handler
                0x0000000020404444       0x16 C:/Users/jjrh/Dropbox/Telecom/Tesis/Source/kernel_sifive/kernel_semaphore/bsp/install/lib/debug/\libmetal.a(riscv_cpu.o)
                0x0000000020404444                __metal_default_beu_handler
 .text.__metal_default_timer_handler
                0x000000002040445a       0x68 C:/Users/jjrh/Dropbox/Telecom/Tesis/Source/kernel_sifive/kernel_semaphore/bsp/install/lib/debug/\libmetal.a(riscv_cpu.o)
                0x000000002040445a                __metal_default_timer_handler
 *fill*         0x00000000204044c2       0x3e 
 .text.__metal_exception_handler
                0x0000000020404500      0x1fa C:/Users/jjrh/Dropbox/Telecom/Tesis/Source/kernel_sifive/kernel_semaphore/bsp/install/lib/debug/\libmetal.a(riscv_cpu.o)
                0x0000000020404500                __metal_exception_handler
 .text.metal_lc0_interrupt_vector_handler
                0x00000000204046fa       0x96 C:/Users/jjrh/Dropbox/Telecom/Tesis/Source/kernel_sifive/kernel_semaphore/bsp/install/lib/debug/\libmetal.a(riscv_cpu.o)
                0x00000000204046fa                metal_lc0_interrupt_vector_handler
 .text.metal_lc1_interrupt_vector_handler
                0x0000000020404790       0x96 C:/Users/jjrh/Dropbox/Telecom/Tesis/Source/kernel_sifive/kernel_semaphore/bsp/install/lib/debug/\libmetal.a(riscv_cpu.o)
                0x0000000020404790                metal_lc1_interrupt_vector_handler
 .text.metal_lc2_interrupt_vector_handler
                0x0000000020404826       0x96 C:/Users/jjrh/Dropbox/Telecom/Tesis/Source/kernel_sifive/kernel_semaphore/bsp/install/lib/debug/\libmetal.a(riscv_cpu.o)
                0x0000000020404826                metal_lc2_interrupt_vector_handler
 .text.metal_lc3_interrupt_vector_handler
                0x00000000204048bc       0x96 C:/Users/jjrh/Dropbox/Telecom/Tesis/Source/kernel_sifive/kernel_semaphore/bsp/install/lib/debug/\libmetal.a(riscv_cpu.o)
                0x00000000204048bc                metal_lc3_interrupt_vector_handler
 .text.metal_lc4_interrupt_vector_handler
                0x0000000020404952       0x96 C:/Users/jjrh/Dropbox/Telecom/Tesis/Source/kernel_sifive/kernel_semaphore/bsp/install/lib/debug/\libmetal.a(riscv_cpu.o)
                0x0000000020404952                metal_lc4_interrupt_vector_handler
 .text.metal_lc5_interrupt_vector_handler
                0x00000000204049e8       0x96 C:/Users/jjrh/Dropbox/Telecom/Tesis/Source/kernel_sifive/kernel_semaphore/bsp/install/lib/debug/\libmetal.a(riscv_cpu.o)
                0x00000000204049e8                metal_lc5_interrupt_vector_handler
 .text.metal_lc6_interrupt_vector_handler
                0x0000000020404a7e       0x96 C:/Users/jjrh/Dropbox/Telecom/Tesis/Source/kernel_sifive/kernel_semaphore/bsp/install/lib/debug/\libmetal.a(riscv_cpu.o)
                0x0000000020404a7e                metal_lc6_interrupt_vector_handler
 .text.metal_lc7_interrupt_vector_handler
                0x0000000020404b14       0x96 C:/Users/jjrh/Dropbox/Telecom/Tesis/Source/kernel_sifive/kernel_semaphore/bsp/install/lib/debug/\libmetal.a(riscv_cpu.o)
                0x0000000020404b14                metal_lc7_interrupt_vector_handler
 .text.metal_lc8_interrupt_vector_handler
                0x0000000020404baa       0x96 C:/Users/jjrh/Dropbox/Telecom/Tesis/Source/kernel_sifive/kernel_semaphore/bsp/install/lib/debug/\libmetal.a(riscv_cpu.o)
                0x0000000020404baa                metal_lc8_interrupt_vector_handler
 .text.metal_lc9_interrupt_vector_handler
                0x0000000020404c40       0x96 C:/Users/jjrh/Dropbox/Telecom/Tesis/Source/kernel_sifive/kernel_semaphore/bsp/install/lib/debug/\libmetal.a(riscv_cpu.o)
                0x0000000020404c40                metal_lc9_interrupt_vector_handler
 .text.metal_lc10_interrupt_vector_handler
                0x0000000020404cd6       0x96 C:/Users/jjrh/Dropbox/Telecom/Tesis/Source/kernel_sifive/kernel_semaphore/bsp/install/lib/debug/\libmetal.a(riscv_cpu.o)
                0x0000000020404cd6                metal_lc10_interrupt_vector_handler
 .text.metal_lc11_interrupt_vector_handler
                0x0000000020404d6c       0x96 C:/Users/jjrh/Dropbox/Telecom/Tesis/Source/kernel_sifive/kernel_semaphore/bsp/install/lib/debug/\libmetal.a(riscv_cpu.o)
                0x0000000020404d6c                metal_lc11_interrupt_vector_handler
 .text.metal_lc12_interrupt_vector_handler
                0x0000000020404e02       0x96 C:/Users/jjrh/Dropbox/Telecom/Tesis/Source/kernel_sifive/kernel_semaphore/bsp/install/lib/debug/\libmetal.a(riscv_cpu.o)
                0x0000000020404e02                metal_lc12_interrupt_vector_handler
 .text.metal_lc13_interrupt_vector_handler
                0x0000000020404e98       0x96 C:/Users/jjrh/Dropbox/Telecom/Tesis/Source/kernel_sifive/kernel_semaphore/bsp/install/lib/debug/\libmetal.a(riscv_cpu.o)
                0x0000000020404e98                metal_lc13_interrupt_vector_handler
 .text.metal_lc14_interrupt_vector_handler
                0x0000000020404f2e       0x96 C:/Users/jjrh/Dropbox/Telecom/Tesis/Source/kernel_sifive/kernel_semaphore/bsp/install/lib/debug/\libmetal.a(riscv_cpu.o)
                0x0000000020404f2e                metal_lc14_interrupt_vector_handler
 .text.metal_lc15_interrupt_vector_handler
                0x0000000020404fc4       0x96 C:/Users/jjrh/Dropbox/Telecom/Tesis/Source/kernel_sifive/kernel_semaphore/bsp/install/lib/debug/\libmetal.a(riscv_cpu.o)
                0x0000000020404fc4                metal_lc15_interrupt_vector_handler
 .text.__metal_controller_interrupt_vector_mode
                0x000000002040505a       0x58 C:/Users/jjrh/Dropbox/Telecom/Tesis/Source/kernel_sifive/kernel_semaphore/bsp/install/lib/debug/\libmetal.a(riscv_cpu.o)
                0x000000002040505a                __metal_controller_interrupt_vector_mode
 .text.__metal_controller_interrupt_vector
                0x00000000204050b2       0xb2 C:/Users/jjrh/Dropbox/Telecom/Tesis/Source/kernel_sifive/kernel_semaphore/bsp/install/lib/debug/\libmetal.a(riscv_cpu.o)
                0x00000000204050b2                __metal_controller_interrupt_vector
 .text.__metal_valid_interrupt_id
                0x0000000020405164       0x58 C:/Users/jjrh/Dropbox/Telecom/Tesis/Source/kernel_sifive/kernel_semaphore/bsp/install/lib/debug/\libmetal.a(riscv_cpu.o)
                0x0000000020405164                __metal_valid_interrupt_id
 .text.__metal_local_interrupt_enable
                0x00000000204051bc       0xbc C:/Users/jjrh/Dropbox/Telecom/Tesis/Source/kernel_sifive/kernel_semaphore/bsp/install/lib/debug/\libmetal.a(riscv_cpu.o)
                0x00000000204051bc                __metal_local_interrupt_enable
 .text.__metal_exception_register
                0x0000000020405278       0x4e C:/Users/jjrh/Dropbox/Telecom/Tesis/Source/kernel_sifive/kernel_semaphore/bsp/install/lib/debug/\libmetal.a(riscv_cpu.o)
                0x0000000020405278                __metal_exception_register
 .text.__metal_driver_riscv_cpu_controller_interrupt_init
                0x00000000204052c6       0xe4 C:/Users/jjrh/Dropbox/Telecom/Tesis/Source/kernel_sifive/kernel_semaphore/bsp/install/lib/debug/\libmetal.a(riscv_cpu.o)
                0x00000000204052c6                __metal_driver_riscv_cpu_controller_interrupt_init
 .text.__metal_driver_riscv_cpu_controller_interrupt_register
                0x00000000204053aa      0x1e2 C:/Users/jjrh/Dropbox/Telecom/Tesis/Source/kernel_sifive/kernel_semaphore/bsp/install/lib/debug/\libmetal.a(riscv_cpu.o)
                0x00000000204053aa                __metal_driver_riscv_cpu_controller_interrupt_register
 .text.__metal_driver_riscv_cpu_controller_interrupt_enable
                0x000000002040558c       0x2c C:/Users/jjrh/Dropbox/Telecom/Tesis/Source/kernel_sifive/kernel_semaphore/bsp/install/lib/debug/\libmetal.a(riscv_cpu.o)
                0x000000002040558c                __metal_driver_riscv_cpu_controller_interrupt_enable
 .text.__metal_driver_riscv_cpu_controller_interrupt_disable
                0x00000000204055b8       0x2c C:/Users/jjrh/Dropbox/Telecom/Tesis/Source/kernel_sifive/kernel_semaphore/bsp/install/lib/debug/\libmetal.a(riscv_cpu.o)
                0x00000000204055b8                __metal_driver_riscv_cpu_controller_interrupt_disable
 .text.__metal_driver_riscv_cpu_controller_get_vector_mode
                0x00000000204055e4       0x1c C:/Users/jjrh/Dropbox/Telecom/Tesis/Source/kernel_sifive/kernel_semaphore/bsp/install/lib/debug/\libmetal.a(riscv_cpu.o)
                0x00000000204055e4                __metal_driver_riscv_cpu_controller_get_vector_mode
 .text.__metal_driver_riscv_cpu_controller_set_vector_mode
                0x0000000020405600       0x54 C:/Users/jjrh/Dropbox/Telecom/Tesis/Source/kernel_sifive/kernel_semaphore/bsp/install/lib/debug/\libmetal.a(riscv_cpu.o)
                0x0000000020405600                __metal_driver_riscv_cpu_controller_set_vector_mode
 .text.__metal_driver_riscv_cpu_controller_command_request
                0x0000000020405654       0x1c C:/Users/jjrh/Dropbox/Telecom/Tesis/Source/kernel_sifive/kernel_semaphore/bsp/install/lib/debug/\libmetal.a(riscv_cpu.o)
                0x0000000020405654                __metal_driver_riscv_cpu_controller_command_request
 .text.__metal_driver_cpu_mcycle_get
                0x0000000020405670       0x70 C:/Users/jjrh/Dropbox/Telecom/Tesis/Source/kernel_sifive/kernel_semaphore/bsp/install/lib/debug/\libmetal.a(riscv_cpu.o)
                0x0000000020405670                __metal_driver_cpu_mcycle_get
 .text.__metal_driver_cpu_timebase_get
                0x00000000204056e0       0x46 C:/Users/jjrh/Dropbox/Telecom/Tesis/Source/kernel_sifive/kernel_semaphore/bsp/install/lib/debug/\libmetal.a(riscv_cpu.o)
                0x00000000204056e0                __metal_driver_cpu_timebase_get
 .text.__metal_driver_cpu_mtime_get
                0x0000000020405726       0x66 C:/Users/jjrh/Dropbox/Telecom/Tesis/Source/kernel_sifive/kernel_semaphore/bsp/install/lib/debug/\libmetal.a(riscv_cpu.o)
                0x0000000020405726                __metal_driver_cpu_mtime_get
 .text.__metal_driver_cpu_mtimecmp_set
                0x000000002040578c       0x76 C:/Users/jjrh/Dropbox/Telecom/Tesis/Source/kernel_sifive/kernel_semaphore/bsp/install/lib/debug/\libmetal.a(riscv_cpu.o)
                0x000000002040578c                __metal_driver_cpu_mtimecmp_set
 .text.__metal_driver_cpu_timer_controller_interrupt
                0x0000000020405802       0x1a C:/Users/jjrh/Dropbox/Telecom/Tesis/Source/kernel_sifive/kernel_semaphore/bsp/install/lib/debug/\libmetal.a(riscv_cpu.o)
                0x0000000020405802                __metal_driver_cpu_timer_controller_interrupt
 .text.__metal_driver_cpu_get_timer_interrupt_id
                0x000000002040581c       0x14 C:/Users/jjrh/Dropbox/Telecom/Tesis/Source/kernel_sifive/kernel_semaphore/bsp/install/lib/debug/\libmetal.a(riscv_cpu.o)
                0x000000002040581c                __metal_driver_cpu_get_timer_interrupt_id
 .text.__metal_driver_cpu_sw_controller_interrupt
                0x0000000020405830       0x1a C:/Users/jjrh/Dropbox/Telecom/Tesis/Source/kernel_sifive/kernel_semaphore/bsp/install/lib/debug/\libmetal.a(riscv_cpu.o)
                0x0000000020405830                __metal_driver_cpu_sw_controller_interrupt
 .text.__metal_driver_cpu_get_sw_interrupt_id
                0x000000002040584a       0x14 C:/Users/jjrh/Dropbox/Telecom/Tesis/Source/kernel_sifive/kernel_semaphore/bsp/install/lib/debug/\libmetal.a(riscv_cpu.o)
                0x000000002040584a                __metal_driver_cpu_get_sw_interrupt_id
 .text.__metal_driver_cpu_set_sw_ipi
                0x000000002040585e       0x62 C:/Users/jjrh/Dropbox/Telecom/Tesis/Source/kernel_sifive/kernel_semaphore/bsp/install/lib/debug/\libmetal.a(riscv_cpu.o)
                0x000000002040585e                __metal_driver_cpu_set_sw_ipi
 .text.__metal_driver_cpu_clear_sw_ipi
                0x00000000204058c0       0x62 C:/Users/jjrh/Dropbox/Telecom/Tesis/Source/kernel_sifive/kernel_semaphore/bsp/install/lib/debug/\libmetal.a(riscv_cpu.o)
                0x00000000204058c0                __metal_driver_cpu_clear_sw_ipi
 .text.__metal_driver_cpu_get_msip
                0x0000000020405922       0x60 C:/Users/jjrh/Dropbox/Telecom/Tesis/Source/kernel_sifive/kernel_semaphore/bsp/install/lib/debug/\libmetal.a(riscv_cpu.o)
                0x0000000020405922                __metal_driver_cpu_get_msip
 .text.__metal_driver_cpu_controller_interrupt
                0x0000000020405982       0x20 C:/Users/jjrh/Dropbox/Telecom/Tesis/Source/kernel_sifive/kernel_semaphore/bsp/install/lib/debug/\libmetal.a(riscv_cpu.o)
                0x0000000020405982                __metal_driver_cpu_controller_interrupt
 .text.__metal_driver_cpu_exception_register
                0x00000000204059a2       0x46 C:/Users/jjrh/Dropbox/Telecom/Tesis/Source/kernel_sifive/kernel_semaphore/bsp/install/lib/debug/\libmetal.a(riscv_cpu.o)
                0x00000000204059a2                __metal_driver_cpu_exception_register
 .text.__metal_driver_cpu_get_instruction_length
                0x00000000204059e8       0x2e C:/Users/jjrh/Dropbox/Telecom/Tesis/Source/kernel_sifive/kernel_semaphore/bsp/install/lib/debug/\libmetal.a(riscv_cpu.o)
                0x00000000204059e8                __metal_driver_cpu_get_instruction_length
 .text.__metal_driver_cpu_get_exception_pc
                0x0000000020405a16       0x1e C:/Users/jjrh/Dropbox/Telecom/Tesis/Source/kernel_sifive/kernel_semaphore/bsp/install/lib/debug/\libmetal.a(riscv_cpu.o)
                0x0000000020405a16                __metal_driver_cpu_get_exception_pc
 .text.__metal_driver_cpu_set_exception_pc
                0x0000000020405a34       0x20 C:/Users/jjrh/Dropbox/Telecom/Tesis/Source/kernel_sifive/kernel_semaphore/bsp/install/lib/debug/\libmetal.a(riscv_cpu.o)
                0x0000000020405a34                __metal_driver_cpu_set_exception_pc
 .text.__metal_driver_cpu_get_buserror
                0x0000000020405a54       0x20 C:/Users/jjrh/Dropbox/Telecom/Tesis/Source/kernel_sifive/kernel_semaphore/bsp/install/lib/debug/\libmetal.a(riscv_cpu.o)
                0x0000000020405a54                __metal_driver_cpu_get_buserror
 .text.__metal_driver_sifive_plic0_control_base
                0x0000000020405a74       0x2a C:/Users/jjrh/Dropbox/Telecom/Tesis/Source/kernel_sifive/kernel_semaphore/bsp/install/lib/debug/\libmetal.a(riscv_plic0.o)
 .text.__metal_driver_sifive_plic0_num_interrupts
                0x0000000020405a9e       0x28 C:/Users/jjrh/Dropbox/Telecom/Tesis/Source/kernel_sifive/kernel_semaphore/bsp/install/lib/debug/\libmetal.a(riscv_plic0.o)
 .text.__metal_driver_sifive_plic0_max_priority
                0x0000000020405ac6       0x28 C:/Users/jjrh/Dropbox/Telecom/Tesis/Source/kernel_sifive/kernel_semaphore/bsp/install/lib/debug/\libmetal.a(riscv_plic0.o)
 .text.__metal_driver_sifive_plic0_interrupt_parents
                0x0000000020405aee       0x28 C:/Users/jjrh/Dropbox/Telecom/Tesis/Source/kernel_sifive/kernel_semaphore/bsp/install/lib/debug/\libmetal.a(riscv_plic0.o)
 .text.__metal_driver_sifive_plic0_interrupt_lines
                0x0000000020405b16       0x22 C:/Users/jjrh/Dropbox/Telecom/Tesis/Source/kernel_sifive/kernel_semaphore/bsp/install/lib/debug/\libmetal.a(riscv_plic0.o)
 .text.__metal_driver_sifive_plic0_context_ids
                0x0000000020405b38       0x1e C:/Users/jjrh/Dropbox/Telecom/Tesis/Source/kernel_sifive/kernel_semaphore/bsp/install/lib/debug/\libmetal.a(riscv_plic0.o)
 .text.__metal_plic0_claim_interrupt
                0x0000000020405b56       0x3c C:/Users/jjrh/Dropbox/Telecom/Tesis/Source/kernel_sifive/kernel_semaphore/bsp/install/lib/debug/\libmetal.a(riscv_plic0.o)
                0x0000000020405b56                __metal_plic0_claim_interrupt
 .text.__metal_plic0_complete_interrupt
                0x0000000020405b92       0x46 C:/Users/jjrh/Dropbox/Telecom/Tesis/Source/kernel_sifive/kernel_semaphore/bsp/install/lib/debug/\libmetal.a(riscv_plic0.o)
                0x0000000020405b92                __metal_plic0_complete_interrupt
 .text.__metal_plic0_set_threshold
                0x0000000020405bd8       0x46 C:/Users/jjrh/Dropbox/Telecom/Tesis/Source/kernel_sifive/kernel_semaphore/bsp/install/lib/debug/\libmetal.a(riscv_plic0.o)
                0x0000000020405bd8                __metal_plic0_set_threshold
 .text.__metal_plic0_get_threshold
                0x0000000020405c1e       0x3a C:/Users/jjrh/Dropbox/Telecom/Tesis/Source/kernel_sifive/kernel_semaphore/bsp/install/lib/debug/\libmetal.a(riscv_plic0.o)
                0x0000000020405c1e                __metal_plic0_get_threshold
 .text.__metal_driver_riscv_plic0_set_priority
                0x0000000020405c58       0x62 C:/Users/jjrh/Dropbox/Telecom/Tesis/Source/kernel_sifive/kernel_semaphore/bsp/install/lib/debug/\libmetal.a(riscv_plic0.o)
                0x0000000020405c58                __metal_driver_riscv_plic0_set_priority
 .text.__metal_driver_riscv_plic0_get_priority
                0x0000000020405cba       0x34 C:/Users/jjrh/Dropbox/Telecom/Tesis/Source/kernel_sifive/kernel_semaphore/bsp/install/lib/debug/\libmetal.a(riscv_plic0.o)
                0x0000000020405cba                __metal_driver_riscv_plic0_get_priority
 .text.__metal_plic0_enable
                0x0000000020405cee       0xa4 C:/Users/jjrh/Dropbox/Telecom/Tesis/Source/kernel_sifive/kernel_semaphore/bsp/install/lib/debug/\libmetal.a(riscv_plic0.o)
                0x0000000020405cee                __metal_plic0_enable
 .text.__metal_plic0_default_handler
                0x0000000020405d92       0x18 C:/Users/jjrh/Dropbox/Telecom/Tesis/Source/kernel_sifive/kernel_semaphore/bsp/install/lib/debug/\libmetal.a(riscv_plic0.o)
                0x0000000020405d92                __metal_plic0_default_handler
 .text.__metal_plic0_handler
                0x0000000020405daa       0xac C:/Users/jjrh/Dropbox/Telecom/Tesis/Source/kernel_sifive/kernel_semaphore/bsp/install/lib/debug/\libmetal.a(riscv_plic0.o)
                0x0000000020405daa                __metal_plic0_handler
 .text.__metal_driver_riscv_plic0_init
                0x0000000020405e56      0x15a C:/Users/jjrh/Dropbox/Telecom/Tesis/Source/kernel_sifive/kernel_semaphore/bsp/install/lib/debug/\libmetal.a(riscv_plic0.o)
                0x0000000020405e56                __metal_driver_riscv_plic0_init
 .text.__metal_driver_riscv_plic0_register
                0x0000000020405fb0       0xc2 C:/Users/jjrh/Dropbox/Telecom/Tesis/Source/kernel_sifive/kernel_semaphore/bsp/install/lib/debug/\libmetal.a(riscv_plic0.o)
                0x0000000020405fb0                __metal_driver_riscv_plic0_register
 .text.__metal_driver_riscv_plic0_enable
                0x0000000020406072       0x50 C:/Users/jjrh/Dropbox/Telecom/Tesis/Source/kernel_sifive/kernel_semaphore/bsp/install/lib/debug/\libmetal.a(riscv_plic0.o)
                0x0000000020406072                __metal_driver_riscv_plic0_enable
 .text.__metal_driver_riscv_plic0_disable
                0x00000000204060c2       0x50 C:/Users/jjrh/Dropbox/Telecom/Tesis/Source/kernel_sifive/kernel_semaphore/bsp/install/lib/debug/\libmetal.a(riscv_plic0.o)
                0x00000000204060c2                __metal_driver_riscv_plic0_disable
 .text.__metal_driver_riscv_plic0_set_threshold
                0x0000000020406112       0x30 C:/Users/jjrh/Dropbox/Telecom/Tesis/Source/kernel_sifive/kernel_semaphore/bsp/install/lib/debug/\libmetal.a(riscv_plic0.o)
                0x0000000020406112                __metal_driver_riscv_plic0_set_threshold
 .text.__metal_driver_riscv_plic0_get_threshold
                0x0000000020406142       0x28 C:/Users/jjrh/Dropbox/Telecom/Tesis/Source/kernel_sifive/kernel_semaphore/bsp/install/lib/debug/\libmetal.a(riscv_plic0.o)
                0x0000000020406142                __metal_driver_riscv_plic0_get_threshold
 .text.__metal_driver_riscv_plic0_affinity_enable
                0x000000002040616a       0x9c C:/Users/jjrh/Dropbox/Telecom/Tesis/Source/kernel_sifive/kernel_semaphore/bsp/install/lib/debug/\libmetal.a(riscv_plic0.o)
                0x000000002040616a                __metal_driver_riscv_plic0_affinity_enable
 .text.__metal_driver_riscv_plic0_affinity_disable
                0x0000000020406206       0x9c C:/Users/jjrh/Dropbox/Telecom/Tesis/Source/kernel_sifive/kernel_semaphore/bsp/install/lib/debug/\libmetal.a(riscv_plic0.o)
                0x0000000020406206                __metal_driver_riscv_plic0_affinity_disable
 .text.__metal_driver_riscv_plic0_affinity_set_threshold
                0x00000000204062a2       0x74 C:/Users/jjrh/Dropbox/Telecom/Tesis/Source/kernel_sifive/kernel_semaphore/bsp/install/lib/debug/\libmetal.a(riscv_plic0.o)
                0x00000000204062a2                __metal_driver_riscv_plic0_affinity_set_threshold
 .text.__metal_driver_riscv_plic0_affinity_get_threshold
                0x0000000020406316       0x28 C:/Users/jjrh/Dropbox/Telecom/Tesis/Source/kernel_sifive/kernel_semaphore/bsp/install/lib/debug/\libmetal.a(riscv_plic0.o)
                0x0000000020406316                __metal_driver_riscv_plic0_affinity_get_threshold
 .text.__metal_driver_sifive_fe310_g000_hfrosc_ref
                0x000000002040633e       0x1a C:/Users/jjrh/Dropbox/Telecom/Tesis/Source/kernel_sifive/kernel_semaphore/bsp/install/lib/debug/\libmetal.a(sifive_fe310-g000_hfrosc.o)
 .text.__metal_driver_sifive_fe310_g000_hfrosc_config_base
                0x0000000020406358       0x16 C:/Users/jjrh/Dropbox/Telecom/Tesis/Source/kernel_sifive/kernel_semaphore/bsp/install/lib/debug/\libmetal.a(sifive_fe310-g000_hfrosc.o)
 .text.__metal_driver_sifive_fe310_g000_hfrosc_config_offset
                0x000000002040636e       0x14 C:/Users/jjrh/Dropbox/Telecom/Tesis/Source/kernel_sifive/kernel_semaphore/bsp/install/lib/debug/\libmetal.a(sifive_fe310-g000_hfrosc.o)
 .text.__metal_driver_sifive_fe310_g000_prci_vtable
                0x0000000020406382       0x16 C:/Users/jjrh/Dropbox/Telecom/Tesis/Source/kernel_sifive/kernel_semaphore/bsp/install/lib/debug/\libmetal.a(sifive_fe310-g000_hfrosc.o)
 .text.__metal_driver_sifive_fe310_g000_hfrosc_get_rate_hz
                0x0000000020406398       0x84 C:/Users/jjrh/Dropbox/Telecom/Tesis/Source/kernel_sifive/kernel_semaphore/bsp/install/lib/debug/\libmetal.a(sifive_fe310-g000_hfrosc.o)
                0x0000000020406398                __metal_driver_sifive_fe310_g000_hfrosc_get_rate_hz
 .text.__metal_driver_sifive_fe310_g000_hfrosc_set_rate_hz
                0x000000002040641c       0x22 C:/Users/jjrh/Dropbox/Telecom/Tesis/Source/kernel_sifive/kernel_semaphore/bsp/install/lib/debug/\libmetal.a(sifive_fe310-g000_hfrosc.o)
                0x000000002040641c                __metal_driver_sifive_fe310_g000_hfrosc_set_rate_hz
 .text.__metal_driver_sifive_fe310_g000_hfxosc_ref
                0x000000002040643e       0x1a C:/Users/jjrh/Dropbox/Telecom/Tesis/Source/kernel_sifive/kernel_semaphore/bsp/install/lib/debug/\libmetal.a(sifive_fe310-g000_hfxosc.o)
 .text.__metal_driver_sifive_fe310_g000_hfxosc_config_base
                0x0000000020406458       0x16 C:/Users/jjrh/Dropbox/Telecom/Tesis/Source/kernel_sifive/kernel_semaphore/bsp/install/lib/debug/\libmetal.a(sifive_fe310-g000_hfxosc.o)
 .text.__metal_driver_sifive_fe310_g000_hfxosc_config_offset
                0x000000002040646e       0x14 C:/Users/jjrh/Dropbox/Telecom/Tesis/Source/kernel_sifive/kernel_semaphore/bsp/install/lib/debug/\libmetal.a(sifive_fe310-g000_hfxosc.o)
 .text.__metal_driver_sifive_fe310_g000_prci_vtable
                0x0000000020406482       0x16 C:/Users/jjrh/Dropbox/Telecom/Tesis/Source/kernel_sifive/kernel_semaphore/bsp/install/lib/debug/\libmetal.a(sifive_fe310-g000_hfxosc.o)
 .text.__metal_driver_sifive_fe310_g000_hfxosc_get_rate_hz
                0x0000000020406498       0x74 C:/Users/jjrh/Dropbox/Telecom/Tesis/Source/kernel_sifive/kernel_semaphore/bsp/install/lib/debug/\libmetal.a(sifive_fe310-g000_hfxosc.o)
                0x0000000020406498                __metal_driver_sifive_fe310_g000_hfxosc_get_rate_hz
 .text.__metal_driver_sifive_fe310_g000_hfxosc_set_rate_hz
                0x000000002040650c       0x22 C:/Users/jjrh/Dropbox/Telecom/Tesis/Source/kernel_sifive/kernel_semaphore/bsp/install/lib/debug/\libmetal.a(sifive_fe310-g000_hfxosc.o)
                0x000000002040650c                __metal_driver_sifive_fe310_g000_hfxosc_set_rate_hz
 .text.__metal_driver_sifive_fe310_g000_pll_pllsel0
                0x000000002040652e       0x1a C:/Users/jjrh/Dropbox/Telecom/Tesis/Source/kernel_sifive/kernel_semaphore/bsp/install/lib/debug/\libmetal.a(sifive_fe310-g000_pll.o)
 .text.__metal_driver_sifive_fe310_g000_pll_pllref
                0x0000000020406548       0x1a C:/Users/jjrh/Dropbox/Telecom/Tesis/Source/kernel_sifive/kernel_semaphore/bsp/install/lib/debug/\libmetal.a(sifive_fe310-g000_pll.o)
 .text.__metal_driver_sifive_fe310_g000_pll_divider_base
                0x0000000020406562       0x16 C:/Users/jjrh/Dropbox/Telecom/Tesis/Source/kernel_sifive/kernel_semaphore/bsp/install/lib/debug/\libmetal.a(sifive_fe310-g000_pll.o)
 .text.__metal_driver_sifive_fe310_g000_pll_divider_offset
                0x0000000020406578       0x14 C:/Users/jjrh/Dropbox/Telecom/Tesis/Source/kernel_sifive/kernel_semaphore/bsp/install/lib/debug/\libmetal.a(sifive_fe310-g000_pll.o)
 .text.__metal_driver_sifive_fe310_g000_pll_config_base
                0x000000002040658c       0x12 C:/Users/jjrh/Dropbox/Telecom/Tesis/Source/kernel_sifive/kernel_semaphore/bsp/install/lib/debug/\libmetal.a(sifive_fe310-g000_pll.o)
 .text.__metal_driver_sifive_fe310_g000_pll_config_offset
                0x000000002040659e       0x10 C:/Users/jjrh/Dropbox/Telecom/Tesis/Source/kernel_sifive/kernel_semaphore/bsp/install/lib/debug/\libmetal.a(sifive_fe310-g000_pll.o)
 .text.__metal_driver_sifive_fe310_g000_pll_init_rate
                0x00000000204065ae       0x16 C:/Users/jjrh/Dropbox/Telecom/Tesis/Source/kernel_sifive/kernel_semaphore/bsp/install/lib/debug/\libmetal.a(sifive_fe310-g000_pll.o)
 .text.__metal_driver_sifive_fe310_g000_prci_base
                0x00000000204065c4       0x12 C:/Users/jjrh/Dropbox/Telecom/Tesis/Source/kernel_sifive/kernel_semaphore/bsp/install/lib/debug/\libmetal.a(sifive_fe310-g000_pll.o)
 .text.__metal_driver_sifive_fe310_g000_prci_vtable
                0x00000000204065d6       0x16 C:/Users/jjrh/Dropbox/Telecom/Tesis/Source/kernel_sifive/kernel_semaphore/bsp/install/lib/debug/\libmetal.a(sifive_fe310-g000_pll.o)
 .text.get_pll_config_freq
                0x00000000204065ec       0x4e C:/Users/jjrh/Dropbox/Telecom/Tesis/Source/kernel_sifive/kernel_semaphore/bsp/install/lib/debug/\libmetal.a(sifive_fe310-g000_pll.o)
 .text.__metal_driver_sifive_fe310_g000_pll_init
                0x000000002040663a       0xa4 C:/Users/jjrh/Dropbox/Telecom/Tesis/Source/kernel_sifive/kernel_semaphore/bsp/install/lib/debug/\libmetal.a(sifive_fe310-g000_pll.o)
                0x000000002040663a                __metal_driver_sifive_fe310_g000_pll_init
 .text.__metal_driver_sifive_fe310_g000_pll_get_rate_hz
                0x00000000204066de      0x17c C:/Users/jjrh/Dropbox/Telecom/Tesis/Source/kernel_sifive/kernel_semaphore/bsp/install/lib/debug/\libmetal.a(sifive_fe310-g000_pll.o)
                0x00000000204066de                __metal_driver_sifive_fe310_g000_pll_get_rate_hz
 .text.find_closest_config
                0x000000002040685a       0xac C:/Users/jjrh/Dropbox/Telecom/Tesis/Source/kernel_sifive/kernel_semaphore/bsp/install/lib/debug/\libmetal.a(sifive_fe310-g000_pll.o)
 .text.configure_pll
                0x0000000020406906      0x1b0 C:/Users/jjrh/Dropbox/Telecom/Tesis/Source/kernel_sifive/kernel_semaphore/bsp/install/lib/debug/\libmetal.a(sifive_fe310-g000_pll.o)
 .text.__metal_driver_sifive_fe310_g000_pll_set_rate_hz
                0x0000000020406ab6      0x166 C:/Users/jjrh/Dropbox/Telecom/Tesis/Source/kernel_sifive/kernel_semaphore/bsp/install/lib/debug/\libmetal.a(sifive_fe310-g000_pll.o)
                0x0000000020406ab6                __metal_driver_sifive_fe310_g000_pll_set_rate_hz
 .text.__metal_driver_sifive_fe310_g000_prci_base
                0x0000000020406c1c       0x12 C:/Users/jjrh/Dropbox/Telecom/Tesis/Source/kernel_sifive/kernel_semaphore/bsp/install/lib/debug/\libmetal.a(sifive_fe310-g000_prci.o)
 .text.__metal_driver_sifive_fe310_g000_prci_get_reg
                0x0000000020406c2e       0x2e C:/Users/jjrh/Dropbox/Telecom/Tesis/Source/kernel_sifive/kernel_semaphore/bsp/install/lib/debug/\libmetal.a(sifive_fe310-g000_prci.o)
                0x0000000020406c2e                __metal_driver_sifive_fe310_g000_prci_get_reg
 .text.__metal_driver_sifive_fe310_g000_prci_set_reg
                0x0000000020406c5c       0x38 C:/Users/jjrh/Dropbox/Telecom/Tesis/Source/kernel_sifive/kernel_semaphore/bsp/install/lib/debug/\libmetal.a(sifive_fe310-g000_prci.o)
                0x0000000020406c5c                __metal_driver_sifive_fe310_g000_prci_set_reg
 .text.__metal_driver_sifive_gpio0_base
                0x0000000020406c94       0x26 C:/Users/jjrh/Dropbox/Telecom/Tesis/Source/kernel_sifive/kernel_semaphore/bsp/install/lib/debug/\libmetal.a(sifive_gpio0.o)
 .text.__metal_driver_sifive_gpio0_interrupt_parent
                0x0000000020406cba       0x2a C:/Users/jjrh/Dropbox/Telecom/Tesis/Source/kernel_sifive/kernel_semaphore/bsp/install/lib/debug/\libmetal.a(sifive_gpio0.o)
 .text.__metal_driver_sifive_gpio0_interrupt_lines
                0x0000000020406ce4      0x1b4 C:/Users/jjrh/Dropbox/Telecom/Tesis/Source/kernel_sifive/kernel_semaphore/bsp/install/lib/debug/\libmetal.a(sifive_gpio0.o)
 .text.__metal_driver_sifive_gpio0_enable_input
                0x0000000020406e98       0x40 C:/Users/jjrh/Dropbox/Telecom/Tesis/Source/kernel_sifive/kernel_semaphore/bsp/install/lib/debug/\libmetal.a(sifive_gpio0.o)
                0x0000000020406e98                __metal_driver_sifive_gpio0_enable_input
 .text.__metal_driver_sifive_gpio0_disable_input
                0x0000000020406ed8       0x46 C:/Users/jjrh/Dropbox/Telecom/Tesis/Source/kernel_sifive/kernel_semaphore/bsp/install/lib/debug/\libmetal.a(sifive_gpio0.o)
                0x0000000020406ed8                __metal_driver_sifive_gpio0_disable_input
 .text.__metal_driver_sifive_gpio0_input
                0x0000000020406f1e       0x2a C:/Users/jjrh/Dropbox/Telecom/Tesis/Source/kernel_sifive/kernel_semaphore/bsp/install/lib/debug/\libmetal.a(sifive_gpio0.o)
                0x0000000020406f1e                __metal_driver_sifive_gpio0_input
 .text.__metal_driver_sifive_gpio0_output
                0x0000000020406f48       0x2c C:/Users/jjrh/Dropbox/Telecom/Tesis/Source/kernel_sifive/kernel_semaphore/bsp/install/lib/debug/\libmetal.a(sifive_gpio0.o)
                0x0000000020406f48                __metal_driver_sifive_gpio0_output
 .text.__metal_driver_sifive_gpio0_disable_output
                0x0000000020406f74       0x46 C:/Users/jjrh/Dropbox/Telecom/Tesis/Source/kernel_sifive/kernel_semaphore/bsp/install/lib/debug/\libmetal.a(sifive_gpio0.o)
                0x0000000020406f74                __metal_driver_sifive_gpio0_disable_output
 .text.__metal_driver_sifive_gpio0_enable_output
                0x0000000020406fba       0x40 C:/Users/jjrh/Dropbox/Telecom/Tesis/Source/kernel_sifive/kernel_semaphore/bsp/install/lib/debug/\libmetal.a(sifive_gpio0.o)
                0x0000000020406fba                __metal_driver_sifive_gpio0_enable_output
 .text.__metal_driver_sifive_gpio0_output_set
                0x0000000020406ffa       0x40 C:/Users/jjrh/Dropbox/Telecom/Tesis/Source/kernel_sifive/kernel_semaphore/bsp/install/lib/debug/\libmetal.a(sifive_gpio0.o)
                0x0000000020406ffa                __metal_driver_sifive_gpio0_output_set
 .text.__metal_driver_sifive_gpio0_output_clear
                0x000000002040703a       0x46 C:/Users/jjrh/Dropbox/Telecom/Tesis/Source/kernel_sifive/kernel_semaphore/bsp/install/lib/debug/\libmetal.a(sifive_gpio0.o)
                0x000000002040703a                __metal_driver_sifive_gpio0_output_clear
 .text.__metal_driver_sifive_gpio0_output_toggle
                0x0000000020407080       0x40 C:/Users/jjrh/Dropbox/Telecom/Tesis/Source/kernel_sifive/kernel_semaphore/bsp/install/lib/debug/\libmetal.a(sifive_gpio0.o)
                0x0000000020407080                __metal_driver_sifive_gpio0_output_toggle
 .text.__metal_driver_sifive_gpio0_enable_io
                0x00000000204070c0       0x62 C:/Users/jjrh/Dropbox/Telecom/Tesis/Source/kernel_sifive/kernel_semaphore/bsp/install/lib/debug/\libmetal.a(sifive_gpio0.o)
                0x00000000204070c0                __metal_driver_sifive_gpio0_enable_io
 .text.__metal_driver_sifive_gpio0_disable_io
                0x0000000020407122       0x4a C:/Users/jjrh/Dropbox/Telecom/Tesis/Source/kernel_sifive/kernel_semaphore/bsp/install/lib/debug/\libmetal.a(sifive_gpio0.o)
                0x0000000020407122                __metal_driver_sifive_gpio0_disable_io
 .text.__metal_driver_sifive_gpio0_config_int
                0x000000002040716c      0x206 C:/Users/jjrh/Dropbox/Telecom/Tesis/Source/kernel_sifive/kernel_semaphore/bsp/install/lib/debug/\libmetal.a(sifive_gpio0.o)
                0x000000002040716c                __metal_driver_sifive_gpio0_config_int
 .text.__metal_driver_sifive_gpio0_clear_int
                0x0000000020407372      0x188 C:/Users/jjrh/Dropbox/Telecom/Tesis/Source/kernel_sifive/kernel_semaphore/bsp/install/lib/debug/\libmetal.a(sifive_gpio0.o)
                0x0000000020407372                __metal_driver_sifive_gpio0_clear_int
 .text.__metal_driver_gpio_interrupt_controller
                0x00000000204074fa       0x20 C:/Users/jjrh/Dropbox/Telecom/Tesis/Source/kernel_sifive/kernel_semaphore/bsp/install/lib/debug/\libmetal.a(sifive_gpio0.o)
                0x00000000204074fa                __metal_driver_gpio_interrupt_controller
 .text.__metal_driver_gpio_get_interrupt_id
                0x000000002040751a       0x2e C:/Users/jjrh/Dropbox/Telecom/Tesis/Source/kernel_sifive/kernel_semaphore/bsp/install/lib/debug/\libmetal.a(sifive_gpio0.o)
                0x000000002040751a                __metal_driver_gpio_get_interrupt_id
 .text.__metal_driver_sifive_test0_base
                0x0000000020407548       0x26 C:/Users/jjrh/Dropbox/Telecom/Tesis/Source/kernel_sifive/kernel_semaphore/bsp/install/lib/debug/\libmetal.a(sifive_test0.o)
 .text.__metal_driver_sifive_test0_exit
                0x000000002040756e       0x4a C:/Users/jjrh/Dropbox/Telecom/Tesis/Source/kernel_sifive/kernel_semaphore/bsp/install/lib/debug/\libmetal.a(sifive_test0.o)
                0x000000002040756e                __metal_driver_sifive_test0_exit
 .text.__metal_driver_sifive_uart0_control_base
                0x00000000204075b8       0x2a C:/Users/jjrh/Dropbox/Telecom/Tesis/Source/kernel_sifive/kernel_semaphore/bsp/install/lib/debug/\libmetal.a(sifive_uart0.o)
 .text.__metal_driver_sifive_uart0_interrupt_parent
                0x00000000204075e2       0x2e C:/Users/jjrh/Dropbox/Telecom/Tesis/Source/kernel_sifive/kernel_semaphore/bsp/install/lib/debug/\libmetal.a(sifive_uart0.o)
 .text.__metal_driver_sifive_uart0_interrupt_line
                0x0000000020407610       0x28 C:/Users/jjrh/Dropbox/Telecom/Tesis/Source/kernel_sifive/kernel_semaphore/bsp/install/lib/debug/\libmetal.a(sifive_uart0.o)
 .text.__metal_driver_sifive_uart0_clock
                0x0000000020407638       0x2e C:/Users/jjrh/Dropbox/Telecom/Tesis/Source/kernel_sifive/kernel_semaphore/bsp/install/lib/debug/\libmetal.a(sifive_uart0.o)
 .text.__metal_driver_sifive_uart0_pinmux
                0x0000000020407666       0x2a C:/Users/jjrh/Dropbox/Telecom/Tesis/Source/kernel_sifive/kernel_semaphore/bsp/install/lib/debug/\libmetal.a(sifive_uart0.o)
 .text.__metal_driver_sifive_uart0_pinmux_output_selector
                0x0000000020407690       0x28 C:/Users/jjrh/Dropbox/Telecom/Tesis/Source/kernel_sifive/kernel_semaphore/bsp/install/lib/debug/\libmetal.a(sifive_uart0.o)
 .text.__metal_driver_sifive_uart0_pinmux_source_selector
                0x00000000204076b8       0x2a C:/Users/jjrh/Dropbox/Telecom/Tesis/Source/kernel_sifive/kernel_semaphore/bsp/install/lib/debug/\libmetal.a(sifive_uart0.o)
 .text.__metal_driver_sifive_uart0_interrupt_controller
                0x00000000204076e2       0x20 C:/Users/jjrh/Dropbox/Telecom/Tesis/Source/kernel_sifive/kernel_semaphore/bsp/install/lib/debug/\libmetal.a(sifive_uart0.o)
                0x00000000204076e2                __metal_driver_sifive_uart0_interrupt_controller
 .text.__metal_driver_sifive_uart0_get_interrupt_id
                0x0000000020407702       0x20 C:/Users/jjrh/Dropbox/Telecom/Tesis/Source/kernel_sifive/kernel_semaphore/bsp/install/lib/debug/\libmetal.a(sifive_uart0.o)
                0x0000000020407702                __metal_driver_sifive_uart0_get_interrupt_id
 .text.__metal_driver_sifive_uart0_tx_interrupt_enable
                0x0000000020407722       0x3a C:/Users/jjrh/Dropbox/Telecom/Tesis/Source/kernel_sifive/kernel_semaphore/bsp/install/lib/debug/\libmetal.a(sifive_uart0.o)
                0x0000000020407722                __metal_driver_sifive_uart0_tx_interrupt_enable
 .text.__metal_driver_sifive_uart0_tx_interrupt_disable
                0x000000002040775c       0x38 C:/Users/jjrh/Dropbox/Telecom/Tesis/Source/kernel_sifive/kernel_semaphore/bsp/install/lib/debug/\libmetal.a(sifive_uart0.o)
                0x000000002040775c                __metal_driver_sifive_uart0_tx_interrupt_disable
 .text.__metal_driver_sifive_uart0_rx_interrupt_enable
                0x0000000020407794       0x3a C:/Users/jjrh/Dropbox/Telecom/Tesis/Source/kernel_sifive/kernel_semaphore/bsp/install/lib/debug/\libmetal.a(sifive_uart0.o)
                0x0000000020407794                __metal_driver_sifive_uart0_rx_interrupt_enable
 .text.__metal_driver_sifive_uart0_rx_interrupt_disable
                0x00000000204077ce       0x38 C:/Users/jjrh/Dropbox/Telecom/Tesis/Source/kernel_sifive/kernel_semaphore/bsp/install/lib/debug/\libmetal.a(sifive_uart0.o)
                0x00000000204077ce                __metal_driver_sifive_uart0_rx_interrupt_disable
 .text.__metal_driver_sifive_uart0_txready
                0x0000000020407806       0x30 C:/Users/jjrh/Dropbox/Telecom/Tesis/Source/kernel_sifive/kernel_semaphore/bsp/install/lib/debug/\libmetal.a(sifive_uart0.o)
                0x0000000020407806                __metal_driver_sifive_uart0_txready
 .text.__metal_driver_sifive_uart0_set_tx_watermark
                0x0000000020407836       0x4a C:/Users/jjrh/Dropbox/Telecom/Tesis/Source/kernel_sifive/kernel_semaphore/bsp/install/lib/debug/\libmetal.a(sifive_uart0.o)
                0x0000000020407836                __metal_driver_sifive_uart0_set_tx_watermark
 .text.__metal_driver_sifive_uart0_get_tx_watermark
                0x0000000020407880       0x30 C:/Users/jjrh/Dropbox/Telecom/Tesis/Source/kernel_sifive/kernel_semaphore/bsp/install/lib/debug/\libmetal.a(sifive_uart0.o)
                0x0000000020407880                __metal_driver_sifive_uart0_get_tx_watermark
 .text.__metal_driver_sifive_uart0_set_rx_watermark
                0x00000000204078b0       0x4a C:/Users/jjrh/Dropbox/Telecom/Tesis/Source/kernel_sifive/kernel_semaphore/bsp/install/lib/debug/\libmetal.a(sifive_uart0.o)
                0x00000000204078b0                __metal_driver_sifive_uart0_set_rx_watermark
 .text.__metal_driver_sifive_uart0_get_rx_watermark
                0x00000000204078fa       0x30 C:/Users/jjrh/Dropbox/Telecom/Tesis/Source/kernel_sifive/kernel_semaphore/bsp/install/lib/debug/\libmetal.a(sifive_uart0.o)
                0x00000000204078fa                __metal_driver_sifive_uart0_get_rx_watermark
 .text.__metal_driver_sifive_uart0_putc
                0x000000002040792a       0x42 C:/Users/jjrh/Dropbox/Telecom/Tesis/Source/kernel_sifive/kernel_semaphore/bsp/install/lib/debug/\libmetal.a(sifive_uart0.o)
                0x000000002040792a                __metal_driver_sifive_uart0_putc
 .text.__metal_driver_sifive_uart0_getc
                0x000000002040796c       0x56 C:/Users/jjrh/Dropbox/Telecom/Tesis/Source/kernel_sifive/kernel_semaphore/bsp/install/lib/debug/\libmetal.a(sifive_uart0.o)
                0x000000002040796c                __metal_driver_sifive_uart0_getc
 .text.__metal_driver_sifive_uart0_get_baud_rate
                0x00000000204079c2       0x20 C:/Users/jjrh/Dropbox/Telecom/Tesis/Source/kernel_sifive/kernel_semaphore/bsp/install/lib/debug/\libmetal.a(sifive_uart0.o)
                0x00000000204079c2                __metal_driver_sifive_uart0_get_baud_rate
 .text.__metal_driver_sifive_uart0_set_baud_rate
                0x00000000204079e2       0xa0 C:/Users/jjrh/Dropbox/Telecom/Tesis/Source/kernel_sifive/kernel_semaphore/bsp/install/lib/debug/\libmetal.a(sifive_uart0.o)
                0x00000000204079e2                __metal_driver_sifive_uart0_set_baud_rate
 .text.pre_rate_change_callback_func
                0x0000000020407a82       0xda C:/Users/jjrh/Dropbox/Telecom/Tesis/Source/kernel_sifive/kernel_semaphore/bsp/install/lib/debug/\libmetal.a(sifive_uart0.o)
 .text.post_rate_change_callback_func
                0x0000000020407b5c       0x30 C:/Users/jjrh/Dropbox/Telecom/Tesis/Source/kernel_sifive/kernel_semaphore/bsp/install/lib/debug/\libmetal.a(sifive_uart0.o)
 .text.__metal_driver_sifive_uart0_init
                0x0000000020407b8c       0xd2 C:/Users/jjrh/Dropbox/Telecom/Tesis/Source/kernel_sifive/kernel_semaphore/bsp/install/lib/debug/\libmetal.a(sifive_uart0.o)
                0x0000000020407b8c                __metal_driver_sifive_uart0_init
 .text._metal_clock_call_all_callbacks
                0x0000000020407c5e       0x42 C:/Users/jjrh/Dropbox/Telecom/Tesis/Source/kernel_sifive/kernel_semaphore/bsp/install/lib/debug/\libmetal.a(clock.o)
                0x0000000020407c5e                _metal_clock_call_all_callbacks
 .text._metal_clock_append_to_callbacks
                0x0000000020407ca0       0x54 C:/Users/jjrh/Dropbox/Telecom/Tesis/Source/kernel_sifive/kernel_semaphore/bsp/install/lib/debug/\libmetal.a(clock.o)
                0x0000000020407ca0                _metal_clock_append_to_callbacks
 .text.metal_clock_get_rate_hz
                0x0000000020407cf4       0x26 C:/Users/jjrh/Dropbox/Telecom/Tesis/Source/kernel_sifive/kernel_semaphore/bsp/install/lib/debug/\libmetal.a(clock.o)
                0x0000000020407cf4                metal_clock_get_rate_hz
 .text.metal_clock_set_rate_hz
                0x0000000020407d1a       0x4c C:/Users/jjrh/Dropbox/Telecom/Tesis/Source/kernel_sifive/kernel_semaphore/bsp/install/lib/debug/\libmetal.a(clock.o)
                0x0000000020407d1a                metal_clock_set_rate_hz
 .text.metal_clock_register_pre_rate_change_callback
                0x0000000020407d66       0x32 C:/Users/jjrh/Dropbox/Telecom/Tesis/Source/kernel_sifive/kernel_semaphore/bsp/install/lib/debug/\libmetal.a(clock.o)