Archive member included to satisfy reference by file (symbol)

c:/freedomstudio/sifive/riscv64-unknown-elf-toolchain-10.2.0-2020.12.8/bin/../lib/gcc/riscv64-unknown-elf/10.2.0/../../../../riscv64-unknown-elf/lib/rv32imac/ilp32\libc_nano.a(lib_a-malloc.o)
                              C:\Users\jjrh\AppData\Local\Temp\ccwl5kM1.o (malloc)
c:/freedomstudio/sifive/riscv64-unknown-elf-toolchain-10.2.0-2020.12.8/bin/../lib/gcc/riscv64-unknown-elf/10.2.0/../../../../riscv64-unknown-elf/lib/rv32imac/ilp32\libc_nano.a(lib_a-nano-freer.o)
                              c:/freedomstudio/sifive/riscv64-unknown-elf-toolchain-10.2.0-2020.12.8/bin/../lib/gcc/riscv64-unknown-elf/10.2.0/../../../../riscv64-unknown-elf/lib/rv32imac/ilp32\libc_nano.a(lib_a-malloc.o) (_free_r)
c:/freedomstudio/sifive/riscv64-unknown-elf-toolchain-10.2.0-2020.12.8/bin/../lib/gcc/riscv64-unknown-elf/10.2.0/../../../../riscv64-unknown-elf/lib/rv32imac/ilp32\libc_nano.a(lib_a-nano-mallocr.o)
                              c:/freedomstudio/sifive/riscv64-unknown-elf-toolchain-10.2.0-2020.12.8/bin/../lib/gcc/riscv64-unknown-elf/10.2.0/../../../../riscv64-unknown-elf/lib/rv32imac/ilp32\libc_nano.a(lib_a-malloc.o) (_malloc_r)
c:/freedomstudio/sifive/riscv64-unknown-elf-toolchain-10.2.0-2020.12.8/bin/../lib/gcc/riscv64-unknown-elf/10.2.0/../../../../riscv64-unknown-elf/lib/rv32imac/ilp32\libc_nano.a(lib_a-printf.o)
                              C:\Users\jjrh\AppData\Local\Temp\ccwl5kM1.o (printf)
c:/freedomstudio/sifive/riscv64-unknown-elf-toolchain-10.2.0-2020.12.8/bin/../lib/gcc/riscv64-unknown-elf/10.2.0/../../../../riscv64-unknown-elf/lib/rv32imac/ilp32\libc_nano.a(lib_a-puts.o)
                              C:\Users\jjrh\AppData\Local\Temp\ccpAnwzY.o (puts)
c:/freedomstudio/sifive/riscv64-unknown-elf-toolchain-10.2.0-2020.12.8/bin/../lib/gcc/riscv64-unknown-elf/10.2.0/../../../../riscv64-unknown-elf/lib/rv32imac/ilp32\libc_nano.a(lib_a-sbrkr.o)
                              c:/freedomstudio/sifive/riscv64-unknown-elf-toolchain-10.2.0-2020.12.8/bin/../lib/gcc/riscv64-unknown-elf/10.2.0/../../../../riscv64-unknown-elf/lib/rv32imac/ilp32\libc_nano.a(lib_a-nano-mallocr.o) (_sbrk_r)
c:/freedomstudio/sifive/riscv64-unknown-elf-toolchain-10.2.0-2020.12.8/bin/../lib/gcc/riscv64-unknown-elf/10.2.0/../../../../riscv64-unknown-elf/lib/rv32imac/ilp32\libc_nano.a(lib_a-wbuf.o)
                              c:/freedomstudio/sifive/riscv64-unknown-elf-toolchain-10.2.0-2020.12.8/bin/../lib/gcc/riscv64-unknown-elf/10.2.0/../../../../riscv64-unknown-elf/lib/rv32imac/ilp32\libc_nano.a(lib_a-puts.o) (__swbuf_r)
c:/freedomstudio/sifive/riscv64-unknown-elf-toolchain-10.2.0-2020.12.8/bin/../lib/gcc/riscv64-unknown-elf/10.2.0/../../../../riscv64-unknown-elf/lib/rv32imac/ilp32\libc_nano.a(lib_a-wsetup.o)
                              c:/freedomstudio/sifive/riscv64-unknown-elf-toolchain-10.2.0-2020.12.8/bin/../lib/gcc/riscv64-unknown-elf/10.2.0/../../../../riscv64-unknown-elf/lib/rv32imac/ilp32\libc_nano.a(lib_a-puts.o) (__swsetup_r)
c:/freedomstudio/sifive/riscv64-unknown-elf-toolchain-10.2.0-2020.12.8/bin/../lib/gcc/riscv64-unknown-elf/10.2.0/../../../../riscv64-unknown-elf/lib/rv32imac/ilp32\libc_nano.a(lib_a-fflush.o)
                              c:/freedomstudio/sifive/riscv64-unknown-elf-toolchain-10.2.0-2020.12.8/bin/../lib/gcc/riscv64-unknown-elf/10.2.0/../../../../riscv64-unknown-elf/lib/rv32imac/ilp32\libc_nano.a(lib_a-wbuf.o) (_fflush_r)
c:/freedomstudio/sifive/riscv64-unknown-elf-toolchain-10.2.0-2020.12.8/bin/../lib/gcc/riscv64-unknown-elf/10.2.0/../../../../riscv64-unknown-elf/lib/rv32imac/ilp32\libc_nano.a(lib_a-findfp.o)
                              c:/freedomstudio/sifive/riscv64-unknown-elf-toolchain-10.2.0-2020.12.8/bin/../lib/gcc/riscv64-unknown-elf/10.2.0/../../../../riscv64-unknown-elf/lib/rv32imac/ilp32\libc_nano.a(lib_a-printf.o) (__sinit)
c:/freedomstudio/sifive/riscv64-unknown-elf-toolchain-10.2.0-2020.12.8/bin/../lib/gcc/riscv64-unknown-elf/10.2.0/../../../../riscv64-unknown-elf/lib/rv32imac/ilp32\libc_nano.a(lib_a-fwalk.o)
                              c:/freedomstudio/sifive/riscv64-unknown-elf-toolchain-10.2.0-2020.12.8/bin/../lib/gcc/riscv64-unknown-elf/10.2.0/../../../../riscv64-unknown-elf/lib/rv32imac/ilp32\libc_nano.a(lib_a-findfp.o) (_fwalk)
c:/freedomstudio/sifive/riscv64-unknown-elf-toolchain-10.2.0-2020.12.8/bin/../lib/gcc/riscv64-unknown-elf/10.2.0/../../../../riscv64-unknown-elf/lib/rv32imac/ilp32\libc_nano.a(lib_a-impure.o)
                              c:/freedomstudio/sifive/riscv64-unknown-elf-toolchain-10.2.0-2020.12.8/bin/../lib/gcc/riscv64-unknown-elf/10.2.0/../../../../riscv64-unknown-elf/lib/rv32imac/ilp32\libc_nano.a(lib_a-fflush.o) (_global_impure_ptr)
c:/freedomstudio/sifive/riscv64-unknown-elf-toolchain-10.2.0-2020.12.8/bin/../lib/gcc/riscv64-unknown-elf/10.2.0/../../../../riscv64-unknown-elf/lib/rv32imac/ilp32\libc_nano.a(lib_a-makebuf.o)
[...]
Memory Configuration

Name             Origin             Length             Attributes
ram              0x0000000080000000 0x0000000000400000 axrwl
rom              0x0000000020400000 0x000000001fc00000 xrl !aw
*default*        0x0000000000000000 0xffffffffffffffff

Linker script and memory map

LOAD C:\Users\jjrh\AppData\Local\Temp\ccqzJ634.o
LOAD C:\Users\jjrh\AppData\Local\Temp\ccpAnwzY.o
LOAD C:\Users\jjrh\AppData\Local\Temp\ccwl5kM1.o
LOAD C:\Users\jjrh\AppData\Local\Temp\cc8FhEZ3.o
LOAD C:\Users\jjrh\AppData\Local\Temp\cco3KCZb.o
LOAD C:\Users\jjrh\AppData\Local\Temp\ccA0JFCo.o
START GROUP
LOAD c:/freedomstudio/sifive/riscv64-unknown-elf-toolchain-10.2.0-2020.12.8/bin/../lib/gcc/riscv64-unknown-elf/10.2.0/../../../../riscv64-unknown-elf/lib/rv32imac/ilp32\libc_nano.a
LOAD c:/freedomstudio/sifive/riscv64-unknown-elf-toolchain-10.2.0-2020.12.8/bin/../lib/gcc/riscv64-unknown-elf/10.2.0/rv32imac/ilp32\libgcc.a
LOAD c:/freedomstudio/sifive/riscv64-unknown-elf-toolchain-10.2.0-2020.12.8/bin/../lib/gcc/riscv64-unknown-elf/10.2.0/../../../../riscv64-unknown-elf/lib/rv32imac/ilp32\libm_nano.a
LOAD C:/wsFreedomStudio/kernel_sifive_semaphore/bsp/install/lib/debug/\libmetal.a
LOAD C:/wsFreedomStudio/kernel_sifive_semaphore/bsp/install/lib/debug/\libmetal-gloss.a
END GROUP
                0x0000000000000400                __stack_size = DEFINED (__stack_size)?__stack_size:0x400
                [!provide]                        PROVIDE (__stack_size = __stack_size)
                0x0000000000000800                __heap_size = DEFINED (__heap_size)?__heap_size:0x800
                0x0000000000000000                PROVIDE (__metal_boot_hart = 0x0)
                0x0000000000000001                PROVIDE (__metal_chicken_bit = 0x1)
                0x0000000000000000                PROVIDE (__metal_eccscrub_bit = 0x0)
                [!provide]                        PROVIDE (metal_dtim_0_memory_start = 0x80000000)
                [!provide]                        PROVIDE (metal_dtim_0_memory_end = 0x80010000)

.init           0x0000000020400000      0x2dc
 *(.text.metal.init.enter)
 .text.metal.init.enter
                0x0000000020400000       0x88 C:/wsFreedomStudio/kernel_sifive_semaphore/bsp/install/lib/debug/\libmetal.a(entry.o)
                0x0000000020400000                _enter
 *(.text.metal.init.*)
 .text.metal.init.__register_frame_info
                0x0000000020400088        0x2 C:/wsFreedomStudio/kernel_sifive_semaphore/bsp/install/lib/debug/\libmetal.a(entry.o)
                0x0000000020400088                __register_frame_info
 .text.metal.init.scrub
                0x000000002040008a       0xa8 C:/wsFreedomStudio/kernel_sifive_semaphore/bsp/install/lib/debug/\libmetal.a(scrub.o)
                0x000000002040008a                metal_mem_scrub
                0x00000000204000cc                __metal_before_start
 *fill*         0x0000000020400132        0x2 
 .text.metal.init.trapvec
                0x0000000020400134        0xe C:/wsFreedomStudio/kernel_sifive_semaphore/bsp/install/lib/debug/\libmetal.a(trap.o)
                0x0000000020400134                early_trap_vector
 *(SORT_NONE(.init))
 .init          0x0000000020400142        0xe C:/wsFreedomStudio/kernel_sifive_semaphore/bsp/install/lib/debug/\libmetal.a(synchronize_harts.o)
                0x0000000020400142                __metal_synchronize_harts
 *(.text.libgloss.start)
 .text.libgloss.start
                0x0000000020400150      0x18c C:/wsFreedomStudio/kernel_sifive_semaphore/bsp/install/lib/debug/\libmetal-gloss.a(crt0.o)
                0x0000000020400150                _start
                0x00000000204002ba                _fini
                0x00000000204002ba                _init
                0x00000000204002bc                secondary_main

.fini
 *(SORT_NONE(.fini))

.preinit_array  0x00000000204002e0        0x0
                0x00000000204002e0                PROVIDE (__preinit_array_start = .)
 *(.preinit_array)
                0x00000000204002e0                PROVIDE (__preinit_array_end = .)

.init_array     0x00000000204002e0        0xc
                0x00000000204002e0                PROVIDE (__init_array_start = .)
 *(SORT_BY_INIT_PRIORITY(.init_array.*) SORT_BY_INIT_PRIORITY(.ctors.*))
 *(.init_array EXCLUDE_FILE(*crtend?.o *crtend.o *crtbegin?.o *crtbegin.o) .ctors)
                0x00000000204002e0                PROVIDE (__init_array_end = .)
                0x00000000204002e0                PROVIDE (metal_constructors_start = .)
 *(SORT_BY_INIT_PRIORITY(.metal.init_array.*))
 .metal.init_array.5000
                0x00000000204002e0        0x4 C:/wsFreedomStudio/kernel_sifive_semaphore/bsp/install/lib/debug/\libmetal.a(tty.o)
                0x00000000204002e0                _metal_tty_init_ptr
 .metal.init_array.5000
                0x00000000204002e4        0x8 C:/wsFreedomStudio/kernel_sifive_semaphore/bsp/install/lib/debug/\libmetal.a(sifive_fe310-g000_pll.o)
                0x00000000204002e4                _metal_sifive_fe310_g000_pll_init_ptr
                0x00000000204002e8                _use_hfxosc_ptr
 *(.metal.init_array)
                0x00000000204002ec                PROVIDE (metal_constructors_end = .)

.fini_array     0x00000000204002f0        0x0
                0x00000000204002f0                PROVIDE (__fini_array_start = .)
 *(SORT_BY_INIT_PRIORITY(.fini_array.*) SORT_BY_INIT_PRIORITY(.dtors.*))
 *(.fini_array EXCLUDE_FILE(*crtend?.o *crtend.o *crtbegin?.o *crtbegin.o) .dtors)
                0x00000000204002f0                PROVIDE (__fini_array_end = .)
                0x00000000204002f0                PROVIDE (metal_destructors_start = .)
 *(SORT_BY_INIT_PRIORITY(.metal.fini_array.*))
 *(.metal.fini_array)
                0x00000000204002f0                PROVIDE (metal_destructors_end = .)

.ctors          0x00000000204002ec       0x7a
 *crtbegin.o(.ctors)
 *crtbegin?.o(.ctors)
 *(EXCLUDE_FILE(*crtend?.o *crtend.o) .ctors)
 *(SORT_BY_NAME(.ctors.*))
 *(.ctors)
 *(.metal.ctors .metal.ctors.*)
 .metal.ctors   0x00000000204002ec       0x24 C:/wsFreedomStudio/kernel_sifive_semaphore/bsp/install/lib/debug/\libmetal.a(tty.o)
                0x00000000204002ec                metal_tty_init
 .metal.ctors   0x0000000020400310       0x56 C:/wsFreedomStudio/kernel_sifive_semaphore/bsp/install/lib/debug/\libmetal.a(sifive_fe310-g000_pll.o)
                0x0000000020400310                metal_sifive_fe310_g000_pll_init
                0x000000002040033c                use_hfxosc

.dtors
 *crtbegin.o(.dtors)
 *crtbegin?.o(.dtors)
 *(EXCLUDE_FILE(*crtend?.o *crtend.o) .dtors)
 *(SORT_BY_NAME(.dtors.*))
 *(.dtors)
 *(.metal.dtors .metal.dtors.*)

.rodata         0x0000000020400368      0xc90
 *(.rdata)
 *(.rodata .rodata.*)
 .rodata        0x0000000020400368        0xe C:\Users\jjrh\AppData\Local\Temp\ccpAnwzY.o
 *fill*         0x0000000020400376        0x2 
 .rodata        0x0000000020400378       0x18 C:\Users\jjrh\AppData\Local\Temp\cc8FhEZ3.o
 .rodata.__sf_fake_stderr
                0x0000000020400390       0x20 c:/freedomstudio/sifive/riscv64-unknown-elf-toolchain-10.2.0-2020.12.8/bin/../lib/gcc/riscv64-unknown-elf/10.2.0/../../../../riscv64-unknown-elf/lib/rv32imac/ilp32\libc_nano.a(lib_a-findfp.o)
                0x0000000020400390                __sf_fake_stderr
 .rodata.__sf_fake_stdin
                0x00000000204003b0       0x20 c:/freedomstudio/sifive/riscv64-unknown-elf-toolchain-10.2.0-2020.12.8/bin/../lib/gcc/riscv64-unknown-elf/10.2.0/../../../../riscv64-unknown-elf/lib/rv32imac/ilp32\libc_nano.a(lib_a-findfp.o)
                0x00000000204003b0                __sf_fake_stdin
 .rodata.__sf_fake_stdout
                0x00000000204003d0       0x20 c:/freedomstudio/sifive/riscv64-unknown-elf-toolchain-10.2.0-2020.12.8/bin/../lib/gcc/riscv64-unknown-elf/10.2.0/../../../../riscv64-unknown-elf/lib/rv32imac/ilp32\libc_nano.a(lib_a-findfp.o)
                0x00000000204003d0                __sf_fake_stdout
 .rodata._vfprintf_r.str1.4
                0x00000000204003f0       0x13 c:/freedomstudio/sifive/riscv64-unknown-elf-toolchain-10.2.0-2020.12.8/bin/../lib/gcc/riscv64-unknown-elf/10.2.0/../../../../riscv64-unknown-elf/lib/rv32imac/ilp32\libc_nano.a(lib_a-nano-vfprintf.o)
 *fill*         0x0000000020400403        0x1 
 .rodata._printf_i.str1.4
                0x0000000020400404       0x25 c:/freedomstudio/sifive/riscv64-unknown-elf-toolchain-10.2.0-2020.12.8/bin/../lib/gcc/riscv64-unknown-elf/10.2.0/../../../../riscv64-unknown-elf/lib/rv32imac/ilp32\libc_nano.a(lib_a-nano-vfprintf_i.o)
 *fill*         0x0000000020400429        0x3 
 .rodata._printf_i
                0x000000002040042c       0x58 c:/freedomstudio/sifive/riscv64-unknown-elf-toolchain-10.2.0-2020.12.8/bin/../lib/gcc/riscv64-unknown-elf/10.2.0/../../../../riscv64-unknown-elf/lib/rv32imac/ilp32\libc_nano.a(lib_a-nano-vfprintf_i.o)
 .rodata.libgloss.start
                0x0000000020400484       0x11 C:/wsFreedomStudio/kernel_sifive_semaphore/bsp/install/lib/debug/\libmetal-gloss.a(crt0.o)
 *fill*         0x0000000020400495        0x3 
 .rodata.__metal_driver_vtable_riscv_clint0
                0x0000000020400498       0x64 C:/wsFreedomStudio/kernel_sifive_semaphore/bsp/install/lib/debug/\libmetal.a(riscv_clint0.o)
                0x0000000020400498                __metal_driver_vtable_riscv_clint0
 .rodata.__metal_local_interrupt_enable
                0x00000000204004fc       0x80 C:/wsFreedomStudio/kernel_sifive_semaphore/bsp/install/lib/debug/\libmetal.a(riscv_cpu.o)
 .rodata.__metal_driver_vtable_riscv_cpu_intc
                0x000000002040057c       0x64 C:/wsFreedomStudio/kernel_sifive_semaphore/bsp/install/lib/debug/\libmetal.a(riscv_cpu.o)
                0x000000002040057c                __metal_driver_vtable_riscv_cpu_intc
 .rodata.__metal_driver_vtable_cpu
                0x00000000204005e0       0x44 C:/wsFreedomStudio/kernel_sifive_semaphore/bsp/install/lib/debug/\libmetal.a(riscv_cpu.o)
                0x00000000204005e0                __metal_driver_vtable_cpu
 .rodata.__metal_driver_vtable_riscv_plic0
                0x0000000020400624       0x64 C:/wsFreedomStudio/kernel_sifive_semaphore/bsp/install/lib/debug/\libmetal.a(riscv_plic0.o)
                0x0000000020400624                __metal_driver_vtable_riscv_plic0
 .rodata.pll_configs
                0x0000000020400688      0x880 C:/wsFreedomStudio/kernel_sifive_semaphore/bsp/install/lib/debug/\libmetal.a(sifive_fe310-g000_pll.o)
 .rodata.__metal_driver_vtable_sifive_fe310_g000_pll
                0x0000000020400f08        0xc C:/wsFreedomStudio/kernel_sifive_semaphore/bsp/install/lib/debug/\libmetal.a(sifive_fe310-g000_pll.o)
                0x0000000020400f08                __metal_driver_vtable_sifive_fe310_g000_pll
 .rodata.__metal_driver_sifive_gpio0_config_int
                0x0000000020400f14       0x20 C:/wsFreedomStudio/kernel_sifive_semaphore/bsp/install/lib/debug/\libmetal.a(sifive_gpio0.o)
 .rodata.__metal_driver_sifive_gpio0_clear_int
                0x0000000020400f34       0x20 C:/wsFreedomStudio/kernel_sifive_semaphore/bsp/install/lib/debug/\libmetal.a(sifive_gpio0.o)
 .rodata.__metal_driver_vtable_sifive_gpio0
                0x0000000020400f54       0x3c C:/wsFreedomStudio/kernel_sifive_semaphore/bsp/install/lib/debug/\libmetal.a(sifive_gpio0.o)
                0x0000000020400f54                __metal_driver_vtable_sifive_gpio0
 .rodata.__metal_driver_vtable_sifive_uart0
                0x0000000020400f90       0x40 C:/wsFreedomStudio/kernel_sifive_semaphore/bsp/install/lib/debug/\libmetal.a(sifive_uart0.o)
                0x0000000020400f90                __metal_driver_vtable_sifive_uart0
 *(.gnu.linkonce.r.*)
                0x0000000020400fd0                . = ALIGN (0x8)
 *fill*         0x0000000020400fd0        0x0 
 *(.srodata.cst16)
 *(.srodata.cst8)
 *(.srodata.cst4)
 *(.srodata.cst2)
 *(.srodata .srodata.*)
 .srodata._global_impure_ptr
                0x0000000020400fd0        0x4 c:/freedomstudio/sifive/riscv64-unknown-elf-toolchain-10.2.0-2020.12.8/bin/../lib/gcc/riscv64-unknown-elf/10.2.0/../../../../riscv64-unknown-elf/lib/rv32imac/ilp32\libc_nano.a(lib_a-impure.o)
                0x0000000020400fd0                _global_impure_ptr
 .srodata.__metal_driver_vtable_sifive_fe310_g000_hfrosc
                0x0000000020400fd4        0x8 C:/wsFreedomStudio/kernel_sifive_semaphore/bsp/install/lib/debug/\libmetal.a(sifive_fe310-g000_hfrosc.o)
                0x0000000020400fd4                __metal_driver_vtable_sifive_fe310_g000_hfrosc
 .srodata.__metal_driver_vtable_sifive_fe310_g000_hfxosc
                0x0000000020400fdc        0x8 C:/wsFreedomStudio/kernel_sifive_semaphore/bsp/install/lib/debug/\libmetal.a(sifive_fe310-g000_hfxosc.o)
                0x0000000020400fdc                __metal_driver_vtable_sifive_fe310_g000_hfxosc
 .srodata.__metal_driver_vtable_sifive_fe310_g000_prci
                0x0000000020400fe4        0x8 C:/wsFreedomStudio/kernel_sifive_semaphore/bsp/install/lib/debug/\libmetal.a(sifive_fe310-g000_prci.o)
                0x0000000020400fe4                __metal_driver_vtable_sifive_fe310_g000_prci
 .srodata.__metal_driver_vtable_sifive_test0
                0x0000000020400fec        0x4 C:/wsFreedomStudio/kernel_sifive_semaphore/bsp/install/lib/debug/\libmetal.a(sifive_test0.o)
                0x0000000020400fec                __metal_driver_vtable_sifive_test0
 .srodata.__metal_driver_vtable_fixed_clock
                0x0000000020400ff0        0x8 C:/wsFreedomStudio/kernel_sifive_semaphore/bsp/install/lib/debug/\libmetal.a(fixed-clock.o)
                0x0000000020400ff0                __metal_driver_vtable_fixed_clock

.itim           0x0000000080000000        0x0 load address 0x0000000020400ff8
 *(.itim .itim.*)
                0x0000000020400ff8                PROVIDE (metal_segment_itim_source_start = LOADADDR (.itim))
                0x0000000080000000                PROVIDE (metal_segment_itim_target_start = ADDR (.itim))
                0x0000000080000000                PROVIDE (metal_segment_itim_target_end = (ADDR (.itim) + SIZEOF (.itim)))

.lim            0x0000000080000000        0x0 load address 0x0000000020400ff8
 *(.lim .lim.*)
                0x0000000020400ff8                PROVIDE (metal_segment_lim_source_start = LOADADDR (.lim))
                0x0000000080000000                PROVIDE (metal_segment_lim_target_start = ADDR (.lim))
                0x0000000080000000                PROVIDE (metal_segment_lim_target_end = (ADDR (.lim) + SIZEOF (.lim)))

.text           0x0000000020401000     0x643a
 *(.text.unlikely .text.unlikely.*)
 *(.text.startup .text.startup.*)
 *(.text .text.*)
 .text.r_mie    0x0000000020401000       0x1a C:\Users\jjrh\AppData\Local\Temp\ccqzJ634.o
 .text.w_mie    0x000000002040101a       0x1a C:\Users\jjrh\AppData\Local\Temp\ccqzJ634.o
 .text.w_mtvec  0x0000000020401034       0x1a C:\Users\jjrh\AppData\Local\Temp\ccqzJ634.o
 .text.intr_on  0x000000002040104e       0x2e C:\Users\jjrh\AppData\Local\Temp\ccqzJ634.o
 .text.intr_off
                0x000000002040107c       0x26 C:\Users\jjrh\AppData\Local\Temp\ccqzJ634.o
 .text.osKernelStackInit
                0x00000000204010a2       0x3a C:\Users\jjrh\AppData\Local\Temp\ccqzJ634.o
                0x00000000204010a2                osKernelStackInit
 .text.osKernelAddThreads
                0x00000000204010dc       0x74 C:\Users\jjrh\AppData\Local\Temp\ccqzJ634.o
                0x00000000204010dc                osKernelAddThreads
 .text.osKernelLaunch
                0x0000000020401150       0x16 C:\Users\jjrh\AppData\Local\Temp\ccqzJ634.o
                0x0000000020401150                osKernelLaunch
 .text.system_init
                0x0000000020401166       0x20 C:\Users\jjrh\AppData\Local\Temp\ccqzJ634.o
                0x0000000020401166                system_init
 .text.timer_init
                0x0000000020401186       0x4a C:\Users\jjrh\AppData\Local\Temp\ccqzJ634.o
                0x0000000020401186                timer_init
 .text.osSchedulerRoundRobin
                0x00000000204011d0       0x18 C:\Users\jjrh\AppData\Local\Temp\ccqzJ634.o
                0x00000000204011d0                osSchedulerRoundRobin
 .text.task     0x00000000204011e8       0x2a C:\Users\jjrh\AppData\Local\Temp\ccpAnwzY.o
                0x00000000204011e8                task
 .text.task1    0x0000000020401212       0x2a C:\Users\jjrh\AppData\Local\Temp\ccpAnwzY.o
                0x0000000020401212                task1
 .text.main     0x000000002040123c       0x42 C:\Users\jjrh\AppData\Local\Temp\ccpAnwzY.o
                0x000000002040123c                main
 .text.handle_interrupt
                0x000000002040127e       0x7c C:\Users\jjrh\AppData\Local\Temp\cc8FhEZ3.o
                0x000000002040127e                handle_interrupt
 .text.handle_exception
                0x00000000204012fa       0xa2 C:\Users\jjrh\AppData\Local\Temp\cc8FhEZ3.o
                0x00000000204012fa                handle_exception
 .text.handle_trap
                0x000000002040139c       0x42 C:\Users\jjrh\AppData\Local\Temp\cc8FhEZ3.o
                0x000000002040139c                handle_trap
 .text.r_mie    0x00000000204013de       0x1a C:\Users\jjrh\AppData\Local\Temp\cco3KCZb.o
 .text.w_mie    0x00000000204013f8       0x1a C:\Users\jjrh\AppData\Local\Temp\cco3KCZb.o
 .text.intr_on  0x0000000020401412       0x2e C:\Users\jjrh\AppData\Local\Temp\cco3KCZb.o
 .text.intr_off
                0x0000000020401440       0x26 C:\Users\jjrh\AppData\Local\Temp\cco3KCZb.o
 .text.osSemaphoreInit
                0x0000000020401466       0x20 C:\Users\jjrh\AppData\Local\Temp\cco3KCZb.o
                0x0000000020401466                osSemaphoreInit
 .text.osSignalSet
                0x0000000020401486       0x2a C:\Users\jjrh\AppData\Local\Temp\cco3KCZb.o
                0x0000000020401486                osSignalSet
 .text.osSignalWait
                0x00000000204014b0       0x3a C:\Users\jjrh\AppData\Local\Temp\cco3KCZb.o
                0x00000000204014b0                osSignalWait
 *fill*         0x00000000204014ea        0x2 
 .text          0x00000000204014ec       0xb6 C:\Users\jjrh\AppData\Local\Temp\ccA0JFCo.o
                0x00000000204014ec                osSchedulerLaunch
                0x0000000020401500                switch_to
 .text._free_r  0x00000000204015a2       0xa6 c:/freedomstudio/sifive/riscv64-unknown-elf-toolchain-10.2.0-2020.12.8/bin/../lib/gcc/riscv64-unknown-elf/10.2.0/../../../../riscv64-unknown-elf/lib/rv32imac/ilp32\libc_nano.a(lib_a-nano-freer.o)
                0x00000000204015a2                _free_r
 .text._malloc_r
                0x0000000020401648       0xde c:/freedomstudio/sifive/riscv64-unknown-elf-toolchain-10.2.0-2020.12.8/bin/../lib/gcc/riscv64-unknown-elf/10.2.0/../../../../riscv64-unknown-elf/lib/rv32imac/ilp32\libc_nano.a(lib_a-nano-mallocr.o)
                0x0000000020401648                _malloc_r
 .text.printf   0x0000000020401726       0x3e c:/freedomstudio/sifive/riscv64-unknown-elf-toolchain-10.2.0-2020.12.8/bin/../lib/gcc/riscv64-unknown-elf/10.2.0/../../../../riscv64-unknown-elf/lib/rv32imac/ilp32\libc_nano.a(lib_a-printf.o)
                0x0000000020401726                iprintf
                0x0000000020401726                printf
 .text._puts_r  0x0000000020401764       0xda c:/freedomstudio/sifive/riscv64-unknown-elf-toolchain-10.2.0-2020.12.8/bin/../lib/gcc/riscv64-unknown-elf/10.2.0/../../../../riscv64-unknown-elf/lib/rv32imac/ilp32\libc_nano.a(lib_a-puts.o)
                0x0000000020401764                _puts_r
 .text.puts     0x000000002040183e        0xc c:/freedomstudio/sifive/riscv64-unknown-elf-toolchain-10.2.0-2020.12.8/bin/../lib/gcc/riscv64-unknown-elf/10.2.0/../../../../riscv64-unknown-elf/lib/rv32imac/ilp32\libc_nano.a(lib_a-puts.o)
                0x000000002040183e                puts
 .text._sbrk_r  0x000000002040184a       0x30 c:/freedomstudio/sifive/riscv64-unknown-elf-toolchain-10.2.0-2020.12.8/bin/../lib/gcc/riscv64-unknown-elf/10.2.0/../../../../riscv64-unknown-elf/lib/rv32imac/ilp32\libc_nano.a(lib_a-sbrkr.o)
                0x000000002040184a                _sbrk_r
 .text.__swbuf_r
                0x000000002040187a       0xc0 c:/freedomstudio/sifive/riscv64-unknown-elf-toolchain-10.2.0-2020.12.8/bin/../lib/gcc/riscv64-unknown-elf/10.2.0/../../../../riscv64-unknown-elf/lib/rv32imac/ilp32\libc_nano.a(lib_a-wbuf.o)
                0x000000002040187a                __swbuf_r
 .text.__swsetup_r
                0x000000002040193a      0x10a c:/freedomstudio/sifive/riscv64-unknown-elf-toolchain-10.2.0-2020.12.8/bin/../lib/gcc/riscv64-unknown-elf/10.2.0/../../../../riscv64-unknown-elf/lib/rv32imac/ilp32\libc_nano.a(lib_a-wsetup.o)
                0x000000002040193a                __swsetup_r
 .text.__sflush_r
                0x0000000020401a44      0x146 c:/freedomstudio/sifive/riscv64-unknown-elf-toolchain-10.2.0-2020.12.8/bin/../lib/gcc/riscv64-unknown-elf/10.2.0/../../../../riscv64-unknown-elf/lib/rv32imac/ilp32\libc_nano.a(lib_a-fflush.o)
                0x0000000020401a44                __sflush_r
 .text._fflush_r
                0x0000000020401b8a       0x64 c:/freedomstudio/sifive/riscv64-unknown-elf-toolchain-10.2.0-2020.12.8/bin/../lib/gcc/riscv64-unknown-elf/10.2.0/../../../../riscv64-unknown-elf/lib/rv32imac/ilp32\libc_nano.a(lib_a-fflush.o)
                0x0000000020401b8a                _fflush_r
 .text.std      0x0000000020401bee       0x68 c:/freedomstudio/sifive/riscv64-unknown-elf-toolchain-10.2.0-2020.12.8/bin/../lib/gcc/riscv64-unknown-elf/10.2.0/../../../../riscv64-unknown-elf/lib/rv32imac/ilp32\libc_nano.a(lib_a-findfp.o)
 .text._cleanup_r
                0x0000000020401c56        0xa c:/freedomstudio/sifive/riscv64-unknown-elf-toolchain-10.2.0-2020.12.8/bin/../lib/gcc/riscv64-unknown-elf/10.2.0/../../../../riscv64-unknown-elf/lib/rv32imac/ilp32\libc_nano.a(lib_a-findfp.o)
                0x0000000020401c56                _cleanup_r
 .text.__sfmoreglue
                0x0000000020401c60       0x46 c:/freedomstudio/sifive/riscv64-unknown-elf-toolchain-10.2.0-2020.12.8/bin/../lib/gcc/riscv64-unknown-elf/10.2.0/../../../../riscv64-unknown-elf/lib/rv32imac/ilp32\libc_nano.a(lib_a-findfp.o)
                0x0000000020401c60                __sfmoreglue
 .text.__sinit  0x0000000020401ca6       0x6a c:/freedomstudio/sifive/riscv64-unknown-elf-toolchain-10.2.0-2020.12.8/bin/../lib/gcc/riscv64-unknown-elf/10.2.0/../../../../riscv64-unknown-elf/lib/rv32imac/ilp32\libc_nano.a(lib_a-findfp.o)
                0x0000000020401ca6                __sinit
 .text.__sfp    0x0000000020401d10       0x9c c:/freedomstudio/sifive/riscv64-unknown-elf-toolchain-10.2.0-2020.12.8/bin/../lib/gcc/riscv64-unknown-elf/10.2.0/../../../../riscv64-unknown-elf/lib/rv32imac/ilp32\libc_nano.a(lib_a-findfp.o)
                0x0000000020401d10                __sfp
 .text._fwalk_reent
                0x0000000020401dac       0x6a c:/freedomstudio/sifive/riscv64-unknown-elf-toolchain-10.2.0-2020.12.8/bin/../lib/gcc/riscv64-unknown-elf/10.2.0/../../../../riscv64-unknown-elf/lib/rv32imac/ilp32\libc_nano.a(lib_a-fwalk.o)
                0x0000000020401dac                _fwalk_reent
 .text.__swhatbuf_r
                0x0000000020401e16       0x5a c:/freedomstudio/sifive/riscv64-unknown-elf-toolchain-10.2.0-2020.12.8/bin/../lib/gcc/riscv64-unknown-elf/10.2.0/../../../../riscv64-unknown-elf/lib/rv32imac/ilp32\libc_nano.a(lib_a-makebuf.o)
                0x0000000020401e16                __swhatbuf_r
 .text.__smakebuf_r
                0x0000000020401e70       0x9e c:/freedomstudio/sifive/riscv64-unknown-elf-toolchain-10.2.0-2020.12.8/bin/../lib/gcc/riscv64-unknown-elf/10.2.0/../../../../riscv64-unknown-elf/lib/rv32imac/ilp32\libc_nano.a(lib_a-makebuf.o)
                0x0000000020401e70                __smakebuf_r
 .text          0x0000000020401f0e       0xa8 c:/freedomstudio/sifive/riscv64-unknown-elf-toolchain-10.2.0-2020.12.8/bin/../lib/gcc/riscv64-unknown-elf/10.2.0/../../../../riscv64-unknown-elf/lib/rv32imac/ilp32\libc_nano.a(lib_a-memset.o)
                0x0000000020401f0e                memset
 .text.__malloc_lock
                0x0000000020401fb6        0x2 c:/freedomstudio/sifive/riscv64-unknown-elf-toolchain-10.2.0-2020.12.8/bin/../lib/gcc/riscv64-unknown-elf/10.2.0/../../../../riscv64-unknown-elf/lib/rv32imac/ilp32\libc_nano.a(lib_a-mlock.o)
                0x0000000020401fb6                __malloc_lock
 .text.__malloc_unlock
                0x0000000020401fb8        0x2 c:/freedomstudio/sifive/riscv64-unknown-elf-toolchain-10.2.0-2020.12.8/bin/../lib/gcc/riscv64-unknown-elf/10.2.0/../../../../riscv64-unknown-elf/lib/rv32imac/ilp32\libc_nano.a(lib_a-mlock.o)
                0x0000000020401fb8                __malloc_unlock
 .text.__sfputc_r
                0x0000000020401fba       0x2a c:/freedomstudio/sifive/riscv64-unknown-elf-toolchain-10.2.0-2020.12.8/bin/../lib/gcc/riscv64-unknown-elf/10.2.0/../../../../riscv64-unknown-elf/lib/rv32imac/ilp32\libc_nano.a(lib_a-nano-vfprintf.o)
 .text.__sfputs_r
                0x0000000020401fe4       0x42 c:/freedomstudio/sifive/riscv64-unknown-elf-toolchain-10.2.0-2020.12.8/bin/../lib/gcc/riscv64-unknown-elf/10.2.0/../../../../riscv64-unknown-elf/lib/rv32imac/ilp32\libc_nano.a(lib_a-nano-vfprintf.o)
                0x0000000020401fe4                __sfputs_r
 .text._vfprintf_r
                0x0000000020402026      0x294 c:/freedomstudio/sifive/riscv64-unknown-elf-toolchain-10.2.0-2020.12.8/bin/../lib/gcc/riscv64-unknown-elf/10.2.0/../../../../riscv64-unknown-elf/lib/rv32imac/ilp32\libc_nano.a(lib_a-nano-vfprintf.o)
                0x0000000020402026                _vfprintf_r
                0x0000000020402026                _vfiprintf_r
 .text.__sread  0x00000000204022ba       0x30 c:/freedomstudio/sifive/riscv64-unknown-elf-toolchain-10.2.0-2020.12.8/bin/../lib/gcc/riscv64-unknown-elf/10.2.0/../../../../riscv64-unknown-elf/lib/rv32imac/ilp32\libc_nano.a(lib_a-stdio.o)
                0x00000000204022ba                __sread
 .text.__swrite
                0x00000000204022ea       0x4e c:/freedomstudio/sifive/riscv64-unknown-elf-toolchain-10.2.0-2020.12.8/bin/../lib/gcc/riscv64-unknown-elf/10.2.0/../../../../riscv64-unknown-elf/lib/rv32imac/ilp32\libc_nano.a(lib_a-stdio.o)
                0x00000000204022ea                __swrite
 .text.__sseek  0x0000000020402338       0x36 c:/freedomstudio/sifive/riscv64-unknown-elf-toolchain-10.2.0-2020.12.8/bin/../lib/gcc/riscv64-unknown-elf/10.2.0/../../../../riscv64-unknown-elf/lib/rv32imac/ilp32\libc_nano.a(lib_a-stdio.o)
                0x0000000020402338                __sseek
 .text.__sclose
                0x000000002040236e        0x6 c:/freedomstudio/sifive/riscv64-unknown-elf-toolchain-10.2.0-2020.12.8/bin/../lib/gcc/riscv64-unknown-elf/10.2.0/../../../../riscv64-unknown-elf/lib/rv32imac/ilp32\libc_nano.a(lib_a-stdio.o)
                0x000000002040236e                __sclose
 .text._write_r
                0x0000000020402374       0x32 c:/freedomstudio/sifive/riscv64-unknown-elf-toolchain-10.2.0-2020.12.8/bin/../lib/gcc/riscv64-unknown-elf/10.2.0/../../../../riscv64-unknown-elf/lib/rv32imac/ilp32\libc_nano.a(lib_a-writer.o)
                0x0000000020402374                _write_r
 .text._close_r
                0x00000000204023a6       0x2e c:/freedomstudio/sifive/riscv64-unknown-elf-toolchain-10.2.0-2020.12.8/bin/../lib/gcc/riscv64-unknown-elf/10.2.0/../../../../riscv64-unknown-elf/lib/rv32imac/ilp32\libc_nano.a(lib_a-closer.o)
                0x00000000204023a6                _close_r
 .text._fstat_r
                0x00000000204023d4       0x30 c:/freedomstudio/sifive/riscv64-unknown-elf-toolchain-10.2.0-2020.12.8/bin/../lib/gcc/riscv64-unknown-elf/10.2.0/../../../../riscv64-unknown-elf/lib/rv32imac/ilp32\libc_nano.a(lib_a-fstatr.o)
                0x00000000204023d4                _fstat_r
 .text._isatty_r
                0x0000000020402404       0x2e c:/freedomstudio/sifive/riscv64-unknown-elf-toolchain-10.2.0-2020.12.8/bin/../lib/gcc/riscv64-unknown-elf/10.2.0/../../../../riscv64-unknown-elf/lib/rv32imac/ilp32\libc_nano.a(lib_a-isattyr.o)
                0x0000000020402404                _isatty_r
 .text._lseek_r
                0x0000000020402432       0x32 c:/freedomstudio/sifive/riscv64-unknown-elf-toolchain-10.2.0-2020.12.8/bin/../lib/gcc/riscv64-unknown-elf/10.2.0/../../../../riscv64-unknown-elf/lib/rv32imac/ilp32\libc_nano.a(lib_a-lseekr.o)
                0x0000000020402432                _lseek_r
 .text.memchr   0x0000000020402464       0x1a c:/freedomstudio/sifive/riscv64-unknown-elf-toolchain-10.2.0-2020.12.8/bin/../lib/gcc/riscv64-unknown-elf/10.2.0/../../../../riscv64-unknown-elf/lib/rv32imac/ilp32\libc_nano.a(lib_a-memchr.o)
                0x0000000020402464                memchr
 .text._printf_common
                0x000000002040247e      0x10c c:/freedomstudio/sifive/riscv64-unknown-elf-toolchain-10.2.0-2020.12.8/bin/../lib/gcc/riscv64-unknown-elf/10.2.0/../../../../riscv64-unknown-elf/lib/rv32imac/ilp32\libc_nano.a(lib_a-nano-vfprintf_i.o)
                0x000000002040247e                _printf_common
 .text._printf_i
                0x000000002040258a      0x270 c:/freedomstudio/sifive/riscv64-unknown-elf-toolchain-10.2.0-2020.12.8/bin/../lib/gcc/riscv64-unknown-elf/10.2.0/../../../../riscv64-unknown-elf/lib/rv32imac/ilp32\libc_nano.a(lib_a-nano-vfprintf_i.o)
                0x000000002040258a                _printf_i
 .text._read_r  0x00000000204027fa       0x32 c:/freedomstudio/sifive/riscv64-unknown-elf-toolchain-10.2.0-2020.12.8/bin/../lib/gcc/riscv64-unknown-elf/10.2.0/../../../../riscv64-unknown-elf/lib/rv32imac/ilp32\libc_nano.a(lib_a-readr.o)
                0x00000000204027fa                _read_r
 .text._close   0x000000002040282c       0x22 C:/wsFreedomStudio/kernel_sifive_semaphore/bsp/install/lib/debug/\libmetal-gloss.a(sys_close.o)
                0x000000002040282c                _close
 .text._fstat   0x000000002040284e       0x26 C:/wsFreedomStudio/kernel_sifive_semaphore/bsp/install/lib/debug/\libmetal-gloss.a(sys_fstat.o)
                0x000000002040284e                _fstat
 .text._isatty  0x0000000020402874       0x20 C:/wsFreedomStudio/kernel_sifive_semaphore/bsp/install/lib/debug/\libmetal-gloss.a(sys_isatty.o)
                0x0000000020402874                _isatty
 .text._lseek   0x0000000020402894       0x2a C:/wsFreedomStudio/kernel_sifive_semaphore/bsp/install/lib/debug/\libmetal-gloss.a(sys_lseek.o)
                0x0000000020402894                _lseek
 .text._read    0x00000000204028be       0x2a C:/wsFreedomStudio/kernel_sifive_semaphore/bsp/install/lib/debug/\libmetal-gloss.a(sys_read.o)
                0x00000000204028be                _read
 .text._sbrk    0x00000000204028e8       0x8a C:/wsFreedomStudio/kernel_sifive_semaphore/bsp/install/lib/debug/\libmetal-gloss.a(sys_sbrk.o)
                0x00000000204028e8                _sbrk
 .text._write   0x0000000020402972       0x6e C:/wsFreedomStudio/kernel_sifive_semaphore/bsp/install/lib/debug/\libmetal-gloss.a(sys_write.o)
                0x0000000020402972                _write
                0x0000000020402972                write
 .text.atexit   0x00000000204029e0        0xa c:/freedomstudio/sifive/riscv64-unknown-elf-toolchain-10.2.0-2020.12.8/bin/../lib/gcc/riscv64-unknown-elf/10.2.0/../../../../riscv64-unknown-elf/lib/rv32imac/ilp32\libc_nano.a(lib_a-atexit.o)
                0x00000000204029e0                atexit
 .text.__errno  0x00000000204029ea        0xa c:/freedomstudio/sifive/riscv64-unknown-elf-toolchain-10.2.0-2020.12.8/bin/../lib/gcc/riscv64-unknown-elf/10.2.0/../../../../riscv64-unknown-elf/lib/rv32imac/ilp32\libc_nano.a(lib_a-errno.o)
                0x00000000204029ea                __errno
 .text.exit     0x00000000204029f4       0x2a c:/freedomstudio/sifive/riscv64-unknown-elf-toolchain-10.2.0-2020.12.8/bin/../lib/gcc/riscv64-unknown-elf/10.2.0/../../../../riscv64-unknown-elf/lib/rv32imac/ilp32\libc_nano.a(lib_a-exit.o)
                0x00000000204029f4                exit
 .text.__libc_fini_array
                0x0000000020402a1e       0x36 c:/freedomstudio/sifive/riscv64-unknown-elf-toolchain-10.2.0-2020.12.8/bin/../lib/gcc/riscv64-unknown-elf/10.2.0/../../../../riscv64-unknown-elf/lib/rv32imac/ilp32\libc_nano.a(lib_a-fini.o)
                0x0000000020402a1e                __libc_fini_array
 .text.__libc_init_array
                0x0000000020402a54       0x5e c:/freedomstudio/sifive/riscv64-unknown-elf-toolchain-10.2.0-2020.12.8/bin/../lib/gcc/riscv64-unknown-elf/10.2.0/../../../../riscv64-unknown-elf/lib/rv32imac/ilp32\libc_nano.a(lib_a-init.o)
                0x0000000020402a54                __libc_init_array
 .text.__register_exitproc
                0x0000000020402ab2       0x7c c:/freedomstudio/sifive/riscv64-unknown-elf-toolchain-10.2.0-2020.12.8/bin/../lib/gcc/riscv64-unknown-elf/10.2.0/../../../../riscv64-unknown-elf/lib/rv32imac/ilp32\libc_nano.a(lib_a-__atexit.o)
                0x0000000020402ab2                __register_exitproc
 .text.__call_exitprocs
                0x0000000020402b2e       0xc8 c:/freedomstudio/sifive/riscv64-unknown-elf-toolchain-10.2.0-2020.12.8/bin/../lib/gcc/riscv64-unknown-elf/10.2.0/../../../../riscv64-unknown-elf/lib/rv32imac/ilp32\libc_nano.a(lib_a-__call_atexit.o)
                0x0000000020402b2e                __call_exitprocs
 .text.metal_init
                0x0000000020402bf6       0x78 C:/wsFreedomStudio/kernel_sifive_semaphore/bsp/install/lib/debug/\libmetal.a(init.o)
                0x0000000020402bf6                metal_init
 .text.metal_fini
                0x0000000020402c6e       0x78 C:/wsFreedomStudio/kernel_sifive_semaphore/bsp/install/lib/debug/\libmetal.a(init.o)
                0x0000000020402c6e                metal_fini
 .text.metal_init_run
                0x0000000020402ce6       0x14 C:/wsFreedomStudio/kernel_sifive_semaphore/bsp/install/lib/debug/\libmetal.a(init.o)
                0x0000000020402ce6                metal_init_run
 .text.metal_fini_run
                0x0000000020402cfa       0x14 C:/wsFreedomStudio/kernel_sifive_semaphore/bsp/install/lib/debug/\libmetal.a(init.o)
                0x0000000020402cfa                metal_fini_run
 .text.metal_tty_putc
                0x0000000020402d0e       0x26 C:/wsFreedomStudio/kernel_sifive_semaphore/bsp/install/lib/debug/\libmetal.a(tty.o)
                0x0000000020402d0e                metal_tty_putc
 .text.metal_uart_init
                0x0000000020402d34       0x2c C:/wsFreedomStudio/kernel_sifive_semaphore/bsp/install/lib/debug/\libmetal.a(uart.o)
                0x0000000020402d34                metal_uart_init
 .text.metal_uart_putc
                0x0000000020402d60       0x2e C:/wsFreedomStudio/kernel_sifive_semaphore/bsp/install/lib/debug/\libmetal.a(uart.o)
                0x0000000020402d60                metal_uart_putc
 .text.metal_uart_set_baud_rate
                0x0000000020402d8e       0x2e C:/wsFreedomStudio/kernel_sifive_semaphore/bsp/install/lib/debug/\libmetal.a(uart.o)
                0x0000000020402d8e                metal_uart_set_baud_rate
 .text.__metal_driver_sifive_clint0_control_base
                0x0000000020402dbc       0x2a C:/wsFreedomStudio/kernel_sifive_semaphore/bsp/install/lib/debug/\libmetal.a(riscv_clint0.o)
 .text.__metal_driver_sifive_clint0_num_interrupts
                0x0000000020402de6       0x28 C:/wsFreedomStudio/kernel_sifive_semaphore/bsp/install/lib/debug/\libmetal.a(riscv_clint0.o)
 .text.__metal_driver_sifive_clint0_interrupt_parents
                0x0000000020402e0e       0x3c C:/wsFreedomStudio/kernel_sifive_semaphore/bsp/install/lib/debug/\libmetal.a(riscv_clint0.o)
 .text.__metal_driver_sifive_clint0_interrupt_lines
                0x0000000020402e4a       0x30 C:/wsFreedomStudio/kernel_sifive_semaphore/bsp/install/lib/debug/\libmetal.a(riscv_clint0.o)
 .text.__metal_clint0_mtime_get
                0x0000000020402e7a       0x9a C:/wsFreedomStudio/kernel_sifive_semaphore/bsp/install/lib/debug/\libmetal.a(riscv_clint0.o)
                0x0000000020402e7a                __metal_clint0_mtime_get
 .text.__metal_driver_riscv_clint0_mtimecmp_set
                0x0000000020402f14       0x96 C:/wsFreedomStudio/kernel_sifive_semaphore/bsp/install/lib/debug/\libmetal.a(riscv_clint0.o)
                0x0000000020402f14                __metal_driver_riscv_clint0_mtimecmp_set
 .text._get_cpu_intc
                0x0000000020402faa       0x36 C:/wsFreedomStudio/kernel_sifive_semaphore/bsp/install/lib/debug/\libmetal.a(riscv_clint0.o)
 .text.__metal_driver_riscv_clint0_init
                0x0000000020402fe0       0x88 C:/wsFreedomStudio/kernel_sifive_semaphore/bsp/install/lib/debug/\libmetal.a(riscv_clint0.o)
                0x0000000020402fe0                __metal_driver_riscv_clint0_init
 .text.__metal_driver_riscv_clint0_register
                0x0000000020403068       0xda C:/wsFreedomStudio/kernel_sifive_semaphore/bsp/install/lib/debug/\libmetal.a(riscv_clint0.o)
                0x0000000020403068                __metal_driver_riscv_clint0_register
 .text.__metal_driver_riscv_clint0_vector_register
                0x0000000020403142       0x28 C:/wsFreedomStudio/kernel_sifive_semaphore/bsp/install/lib/debug/\libmetal.a(riscv_clint0.o)
                0x0000000020403142                __metal_driver_riscv_clint0_vector_register
 .text.__metal_driver_riscv_clint0_get_vector_mode
                0x000000002040316a       0x1c C:/wsFreedomStudio/kernel_sifive_semaphore/bsp/install/lib/debug/\libmetal.a(riscv_clint0.o)
                0x000000002040316a                __metal_driver_riscv_clint0_get_vector_mode
 .text.__metal_driver_riscv_clint0_set_vector_mode
                0x0000000020403186       0x58 C:/wsFreedomStudio/kernel_sifive_semaphore/bsp/install/lib/debug/\libmetal.a(riscv_clint0.o)
                0x0000000020403186                __metal_driver_riscv_clint0_set_vector_mode
 .text.__metal_driver_riscv_clint0_enable
                0x00000000204031de       0xb2 C:/wsFreedomStudio/kernel_sifive_semaphore/bsp/install/lib/debug/\libmetal.a(riscv_clint0.o)
                0x00000000204031de                __metal_driver_riscv_clint0_enable
 .text.__metal_driver_riscv_clint0_disable
                0x0000000020403290       0xb8 C:/wsFreedomStudio/kernel_sifive_semaphore/bsp/install/lib/debug/\libmetal.a(riscv_clint0.o)
                0x0000000020403290                __metal_driver_riscv_clint0_disable
 .text.__metal_driver_riscv_clint0_command_request
                0x0000000020403348      0x140 C:/wsFreedomStudio/kernel_sifive_semaphore/bsp/install/lib/debug/\libmetal.a(riscv_clint0.o)
                0x0000000020403348                __metal_driver_riscv_clint0_command_request
 .text.__metal_driver_riscv_clint0_clear_interrupt
                0x0000000020403488       0x34 C:/wsFreedomStudio/kernel_sifive_semaphore/bsp/install/lib/debug/\libmetal.a(riscv_clint0.o)
                0x0000000020403488                __metal_driver_riscv_clint0_clear_interrupt
 .text.__metal_driver_riscv_clint0_set_interrupt
                0x00000000204034bc       0x34 C:/wsFreedomStudio/kernel_sifive_semaphore/bsp/install/lib/debug/\libmetal.a(riscv_clint0.o)
                0x00000000204034bc                __metal_driver_riscv_clint0_set_interrupt
 .text.__metal_driver_cpu_hartid
                0x00000000204034f0       0x24 C:/wsFreedomStudio/kernel_sifive_semaphore/bsp/install/lib/debug/\libmetal.a(riscv_cpu.o)
 .text.__metal_driver_cpu_timebase
                0x0000000020403514       0x2a C:/wsFreedomStudio/kernel_sifive_semaphore/bsp/install/lib/debug/\libmetal.a(riscv_cpu.o)
 .text.__metal_driver_cpu_interrupt_controller
                0x000000002040353e       0x2a C:/wsFreedomStudio/kernel_sifive_semaphore/bsp/install/lib/debug/\libmetal.a(riscv_cpu.o)
 .text.__metal_driver_cpu_buserror
                0x0000000020403568       0x24 C:/wsFreedomStudio/kernel_sifive_semaphore/bsp/install/lib/debug/\libmetal.a(riscv_cpu.o)
 .text.__metal_driver_cpu_get
                0x000000002040358c       0x30 C:/wsFreedomStudio/kernel_sifive_semaphore/bsp/install/lib/debug/\libmetal.a(riscv_cpu.o)
                0x000000002040358c                __metal_driver_cpu_get
 .text.__metal_myhart_id
                0x00000000204035bc       0x1a C:/wsFreedomStudio/kernel_sifive_semaphore/bsp/install/lib/debug/\libmetal.a(riscv_cpu.o)
                0x00000000204035bc                __metal_myhart_id
 .text.__metal_interrupt_global_enable
                0x00000000204035d6       0x18 C:/wsFreedomStudio/kernel_sifive_semaphore/bsp/install/lib/debug/\libmetal.a(riscv_cpu.o)
                0x00000000204035d6                __metal_interrupt_global_enable
 .text.__metal_interrupt_global_disable
                0x00000000204035ee       0x18 C:/wsFreedomStudio/kernel_sifive_semaphore/bsp/install/lib/debug/\libmetal.a(riscv_cpu.o)
                0x00000000204035ee                __metal_interrupt_global_disable
 .text.__metal_interrupt_software_enable
                0x0000000020403606       0x18 C:/wsFreedomStudio/kernel_sifive_semaphore/bsp/install/lib/debug/\libmetal.a(riscv_cpu.o)
                0x0000000020403606                __metal_interrupt_software_enable
 .text.__metal_interrupt_software_disable
                0x000000002040361e       0x18 C:/wsFreedomStudio/kernel_sifive_semaphore/bsp/install/lib/debug/\libmetal.a(riscv_cpu.o)
                0x000000002040361e                __metal_interrupt_software_disable
 .text.__metal_interrupt_timer_enable
                0x0000000020403636       0x1a C:/wsFreedomStudio/kernel_sifive_semaphore/bsp/install/lib/debug/\libmetal.a(riscv_cpu.o)
                0x0000000020403636                __metal_interrupt_timer_enable
 .text.__metal_interrupt_timer_disable
                0x0000000020403650       0x1a C:/wsFreedomStudio/kernel_sifive_semaphore/bsp/install/lib/debug/\libmetal.a(riscv_cpu.o)
                0x0000000020403650                __metal_interrupt_timer_disable
 .text.__metal_interrupt_external_enable
                0x000000002040366a       0x1c C:/wsFreedomStudio/kernel_sifive_semaphore/bsp/install/lib/debug/\libmetal.a(riscv_cpu.o)
                0x000000002040366a                __metal_interrupt_external_enable
 .text.__metal_interrupt_external_disable
                0x0000000020403686       0x1c C:/wsFreedomStudio/kernel_sifive_semaphore/bsp/install/lib/debug/\libmetal.a(riscv_cpu.o)
                0x0000000020403686                __metal_interrupt_external_disable
 .text.__metal_interrupt_local_enable
                0x00000000204036a2       0x2c C:/wsFreedomStudio/kernel_sifive_semaphore/bsp/install/lib/debug/\libmetal.a(riscv_cpu.o)
                0x00000000204036a2                __metal_interrupt_local_enable
 .text.__metal_interrupt_local_disable
                0x00000000204036ce       0x2c C:/wsFreedomStudio/kernel_sifive_semaphore/bsp/install/lib/debug/\libmetal.a(riscv_cpu.o)
                0x00000000204036ce                __metal_interrupt_local_disable
 .text.__metal_default_exception_handler
                0x00000000204036fa       0x18 C:/wsFreedomStudio/kernel_sifive_semaphore/bsp/install/lib/debug/\libmetal.a(riscv_cpu.o)
                0x00000000204036fa                __metal_default_exception_handler
 .text.__metal_default_interrupt_handler
                0x0000000020403712       0x18 C:/wsFreedomStudio/kernel_sifive_semaphore/bsp/install/lib/debug/\libmetal.a(riscv_cpu.o)
                0x0000000020403712                __metal_default_interrupt_handler
 .text.metal_interrupt_vector_handler
                0x000000002040372a       0x2e C:/wsFreedomStudio/kernel_sifive_semaphore/bsp/install/lib/debug/\libmetal.a(riscv_cpu.o)
                0x000000002040372a                metal_interrupt_vector_handler
 .text.metal_software_interrupt_vector_handler
                0x0000000020403758       0x92 C:/wsFreedomStudio/kernel_sifive_semaphore/bsp/install/lib/debug/\libmetal.a(riscv_cpu.o)
                0x0000000020403758                metal_software_interrupt_vector_handler
 .text.__metal_default_sw_handler
                0x00000000204037ea       0x68 C:/wsFreedomStudio/kernel_sifive_semaphore/bsp/install/lib/debug/\libmetal.a(riscv_cpu.o)
                0x00000000204037ea                __metal_default_sw_handler
 .text.metal_timer_interrupt_vector_handler
                0x0000000020403852       0x92 C:/wsFreedomStudio/kernel_sifive_semaphore/bsp/install/lib/debug/\libmetal.a(riscv_cpu.o)
                0x0000000020403852                metal_timer_interrupt_vector_handler
 .text.__metal_default_beu_handler
                0x00000000204038e4       0x16 C:/wsFreedomStudio/kernel_sifive_semaphore/bsp/install/lib/debug/\libmetal.a(riscv_cpu.o)
                0x00000000204038e4                __metal_default_beu_handler
 .text.__metal_default_timer_handler
                0x00000000204038fa       0x66 C:/wsFreedomStudio/kernel_sifive_semaphore/bsp/install/lib/debug/\libmetal.a(riscv_cpu.o)
                0x00000000204038fa                __metal_default_timer_handler
 *fill*         0x0000000020403960       0x20 
 .text.__metal_exception_handler
                0x0000000020403980      0x1fa C:/wsFreedomStudio/kernel_sifive_semaphore/bsp/install/lib/debug/\libmetal.a(riscv_cpu.o)
                0x0000000020403980                __metal_exception_handler
 .text.metal_lc0_interrupt_vector_handler
                0x0000000020403b7a       0x96 C:/wsFreedomStudio/kernel_sifive_semaphore/bsp/install/lib/debug/\libmetal.a(riscv_cpu.o)
                0x0000000020403b7a                metal_lc0_interrupt_vector_handler
 .text.metal_lc1_interrupt_vector_handler
                0x0000000020403c10       0x96 C:/wsFreedomStudio/kernel_sifive_semaphore/bsp/install/lib/debug/\libmetal.a(riscv_cpu.o)
                0x0000000020403c10                metal_lc1_interrupt_vector_handler
 .text.metal_lc2_interrupt_vector_handler
                0x0000000020403ca6       0x96 C:/wsFreedomStudio/kernel_sifive_semaphore/bsp/install/lib/debug/\libmetal.a(riscv_cpu.o)
                0x0000000020403ca6                metal_lc2_interrupt_vector_handler
 .text.metal_lc3_interrupt_vector_handler
                0x0000000020403d3c       0x96 C:/wsFreedomStudio/kernel_sifive_semaphore/bsp/install/lib/debug/\libmetal.a(riscv_cpu.o)
                0x0000000020403d3c                metal_lc3_interrupt_vector_handler
 .text.metal_lc4_interrupt_vector_handler
                0x0000000020403dd2       0x96 C:/wsFreedomStudio/kernel_sifive_semaphore/bsp/install/lib/debug/\libmetal.a(riscv_cpu.o)
                0x0000000020403dd2                metal_lc4_interrupt_vector_handler
 .text.metal_lc5_interrupt_vector_handler
                0x0000000020403e68       0x96 C:/wsFreedomStudio/kernel_sifive_semaphore/bsp/install/lib/debug/\libmetal.a(riscv_cpu.o)
                0x0000000020403e68                metal_lc5_interrupt_vector_handler
 .text.metal_lc6_interrupt_vector_handler
                0x0000000020403efe       0x96 C:/wsFreedomStudio/kernel_sifive_semaphore/bsp/install/lib/debug/\libmetal.a(riscv_cpu.o)
                0x0000000020403efe                metal_lc6_interrupt_vector_handler
 .text.metal_lc7_interrupt_vector_handler
                0x0000000020403f94       0x96 C:/wsFreedomStudio/kernel_sifive_semaphore/bsp/install/lib/debug/\libmetal.a(riscv_cpu.o)
                0x0000000020403f94                metal_lc7_interrupt_vector_handler
 .text.metal_lc8_interrupt_vector_handler
                0x000000002040402a       0x96 C:/wsFreedomStudio/kernel_sifive_semaphore/bsp/install/lib/debug/\libmetal.a(riscv_cpu.o)
                0x000000002040402a                metal_lc8_interrupt_vector_handler
 .text.metal_lc9_interrupt_vector_handler
                0x00000000204040c0       0x96 C:/wsFreedomStudio/kernel_sifive_semaphore/bsp/install/lib/debug/\libmetal.a(riscv_cpu.o)
                0x00000000204040c0                metal_lc9_interrupt_vector_handler
 .text.metal_lc10_interrupt_vector_handler
                0x0000000020404156       0x96 C:/wsFreedomStudio/kernel_sifive_semaphore/bsp/install/lib/debug/\libmetal.a(riscv_cpu.o)
                0x0000000020404156                metal_lc10_interrupt_vector_handler
 .text.metal_lc11_interrupt_vector_handler
                0x00000000204041ec       0x96 C:/wsFreedomStudio/kernel_sifive_semaphore/bsp/install/lib/debug/\libmetal.a(riscv_cpu.o)
                0x00000000204041ec                metal_lc11_interrupt_vector_handler
 .text.metal_lc12_interrupt_vector_handler
                0x0000000020404282       0x96 C:/wsFreedomStudio/kernel_sifive_semaphore/bsp/install/lib/debug/\libmetal.a(riscv_cpu.o)
                0x0000000020404282                metal_lc12_interrupt_vector_handler
 .text.metal_lc13_interrupt_vector_handler
                0x0000000020404318       0x96 C:/wsFreedomStudio/kernel_sifive_semaphore/bsp/install/lib/debug/\libmetal.a(riscv_cpu.o)
                0x0000000020404318                metal_lc13_interrupt_vector_handler
 .text.metal_lc14_interrupt_vector_handler
                0x00000000204043ae       0x96 C:/wsFreedomStudio/kernel_sifive_semaphore/bsp/install/lib/debug/\libmetal.a(riscv_cpu.o)
                0x00000000204043ae                metal_lc14_interrupt_vector_handler
 .text.metal_lc15_interrupt_vector_handler
                0x0000000020404444       0x96 C:/wsFreedomStudio/kernel_sifive_semaphore/bsp/install/lib/debug/\libmetal.a(riscv_cpu.o)
                0x0000000020404444                metal_lc15_interrupt_vector_handler
 .text.__metal_controller_interrupt_vector_mode
                0x00000000204044da       0x58 C:/wsFreedomStudio/kernel_sifive_semaphore/bsp/install/lib/debug/\libmetal.a(riscv_cpu.o)
                0x00000000204044da                __metal_controller_interrupt_vector_mode
 .text.__metal_controller_interrupt_vector
                0x0000000020404532       0xb2 C:/wsFreedomStudio/kernel_sifive_semaphore/bsp/install/lib/debug/\libmetal.a(riscv_cpu.o)
                0x0000000020404532                __metal_controller_interrupt_vector
 .text.__metal_valid_interrupt_id
                0x00000000204045e4       0x58 C:/wsFreedomStudio/kernel_sifive_semaphore/bsp/install/lib/debug/\libmetal.a(riscv_cpu.o)
                0x00000000204045e4                __metal_valid_interrupt_id
 .text.__metal_local_interrupt_enable
                0x000000002040463c       0xbc C:/wsFreedomStudio/kernel_sifive_semaphore/bsp/install/lib/debug/\libmetal.a(riscv_cpu.o)
                0x000000002040463c                __metal_local_interrupt_enable
 .text.__metal_exception_register
                0x00000000204046f8       0x4e C:/wsFreedomStudio/kernel_sifive_semaphore/bsp/install/lib/debug/\libmetal.a(riscv_cpu.o)
                0x00000000204046f8                __metal_exception_register
 .text.__metal_driver_riscv_cpu_controller_interrupt_init
                0x0000000020404746       0xe4 C:/wsFreedomStudio/kernel_sifive_semaphore/bsp/install/lib/debug/\libmetal.a(riscv_cpu.o)
                0x0000000020404746                __metal_driver_riscv_cpu_controller_interrupt_init
 .text.__metal_driver_riscv_cpu_controller_interrupt_register
                0x000000002040482a      0x1e2 C:/wsFreedomStudio/kernel_sifive_semaphore/bsp/install/lib/debug/\libmetal.a(riscv_cpu.o)
                0x000000002040482a                __metal_driver_riscv_cpu_controller_interrupt_register
 .text.__metal_driver_riscv_cpu_controller_interrupt_enable
                0x0000000020404a0c       0x2c C:/wsFreedomStudio/kernel_sifive_semaphore/bsp/install/lib/debug/\libmetal.a(riscv_cpu.o)
                0x0000000020404a0c                __metal_driver_riscv_cpu_controller_interrupt_enable
 .text.__metal_driver_riscv_cpu_controller_interrupt_disable
                0x0000000020404a38       0x2c C:/wsFreedomStudio/kernel_sifive_semaphore/bsp/install/lib/debug/\libmetal.a(riscv_cpu.o)
                0x0000000020404a38                __metal_driver_riscv_cpu_controller_interrupt_disable
 .text.__metal_driver_riscv_cpu_controller_get_vector_mode
                0x0000000020404a64       0x1c C:/wsFreedomStudio/kernel_sifive_semaphore/bsp/install/lib/debug/\libmetal.a(riscv_cpu.o)
                0x0000000020404a64                __metal_driver_riscv_cpu_controller_get_vector_mode
 .text.__metal_driver_riscv_cpu_controller_set_vector_mode
                0x0000000020404a80       0x54 C:/wsFreedomStudio/kernel_sifive_semaphore/bsp/install/lib/debug/\libmetal.a(riscv_cpu.o)
                0x0000000020404a80                __metal_driver_riscv_cpu_controller_set_vector_mode
 .text.__metal_driver_riscv_cpu_controller_command_request
                0x0000000020404ad4       0x1c C:/wsFreedomStudio/kernel_sifive_semaphore/bsp/install/lib/debug/\libmetal.a(riscv_cpu.o)
                0x0000000020404ad4                __metal_driver_riscv_cpu_controller_command_request
 .text.__metal_driver_cpu_mcycle_get
                0x0000000020404af0       0x70 C:/wsFreedomStudio/kernel_sifive_semaphore/bsp/install/lib/debug/\libmetal.a(riscv_cpu.o)
                0x0000000020404af0                __metal_driver_cpu_mcycle_get
 .text.__metal_driver_cpu_timebase_get
                0x0000000020404b60       0x46 C:/wsFreedomStudio/kernel_sifive_semaphore/bsp/install/lib/debug/\libmetal.a(riscv_cpu.o)
                0x0000000020404b60                __metal_driver_cpu_timebase_get
 .text.__metal_driver_cpu_mtime_get
                0x0000000020404ba6       0x66 C:/wsFreedomStudio/kernel_sifive_semaphore/bsp/install/lib/debug/\libmetal.a(riscv_cpu.o)
                0x0000000020404ba6                __metal_driver_cpu_mtime_get
 .text.__metal_driver_cpu_mtimecmp_set
                0x0000000020404c0c       0x76 C:/wsFreedomStudio/kernel_sifive_semaphore/bsp/install/lib/debug/\libmetal.a(riscv_cpu.o)
                0x0000000020404c0c                __metal_driver_cpu_mtimecmp_set
 .text.__metal_driver_cpu_timer_controller_interrupt
                0x0000000020404c82       0x1a C:/wsFreedomStudio/kernel_sifive_semaphore/bsp/install/lib/debug/\libmetal.a(riscv_cpu.o)
                0x0000000020404c82                __metal_driver_cpu_timer_controller_interrupt
 .text.__metal_driver_cpu_get_timer_interrupt_id
                0x0000000020404c9c       0x14 C:/wsFreedomStudio/kernel_sifive_semaphore/bsp/install/lib/debug/\libmetal.a(riscv_cpu.o)
                0x0000000020404c9c                __metal_driver_cpu_get_timer_interrupt_id
 .text.__metal_driver_cpu_sw_controller_interrupt
                0x0000000020404cb0       0x1a C:/wsFreedomStudio/kernel_sifive_semaphore/bsp/install/lib/debug/\libmetal.a(riscv_cpu.o)
                0x0000000020404cb0                __metal_driver_cpu_sw_controller_interrupt
 .text.__metal_driver_cpu_get_sw_interrupt_id
                0x0000000020404cca       0x14 C:/wsFreedomStudio/kernel_sifive_semaphore/bsp/install/lib/debug/\libmetal.a(riscv_cpu.o)
                0x0000000020404cca                __metal_driver_cpu_get_sw_interrupt_id
 .text.__metal_driver_cpu_set_sw_ipi
                0x0000000020404cde       0x62 C:/wsFreedomStudio/kernel_sifive_semaphore/bsp/install/lib/debug/\libmetal.a(riscv_cpu.o)
                0x0000000020404cde                __metal_driver_cpu_set_sw_ipi
 .text.__metal_driver_cpu_clear_sw_ipi
                0x0000000020404d40       0x62 C:/wsFreedomStudio/kernel_sifive_semaphore/bsp/install/lib/debug/\libmetal.a(riscv_cpu.o)
                0x0000000020404d40                __metal_driver_cpu_clear_sw_ipi
 .text.__metal_driver_cpu_get_msip
                0x0000000020404da2       0x60 C:/wsFreedomStudio/kernel_sifive_semaphore/bsp/install/lib/debug/\libmetal.a(riscv_cpu.o)
                0x0000000020404da2                __metal_driver_cpu_get_msip
 .text.__metal_driver_cpu_controller_interrupt
                0x0000000020404e02       0x20 C:/wsFreedomStudio/kernel_sifive_semaphore/bsp/install/lib/debug/\libmetal.a(riscv_cpu.o)
                0x0000000020404e02                __metal_driver_cpu_controller_interrupt
 .text.__metal_driver_cpu_exception_register
                0x0000000020404e22       0x46 C:/wsFreedomStudio/kernel_sifive_semaphore/bsp/install/lib/debug/\libmetal.a(riscv_cpu.o)
                0x0000000020404e22                __metal_driver_cpu_exception_register
 .text.__metal_driver_cpu_get_instruction_length
                0x0000000020404e68       0x2e C:/wsFreedomStudio/kernel_sifive_semaphore/bsp/install/lib/debug/\libmetal.a(riscv_cpu.o)
                0x0000000020404e68                __metal_driver_cpu_get_instruction_length
 .text.__metal_driver_cpu_get_exception_pc
                0x0000000020404e96       0x1e C:/wsFreedomStudio/kernel_sifive_semaphore/bsp/install/lib/debug/\libmetal.a(riscv_cpu.o)
                0x0000000020404e96                __metal_driver_cpu_get_exception_pc
 .text.__metal_driver_cpu_set_exception_pc
                0x0000000020404eb4       0x20 C:/wsFreedomStudio/kernel_sifive_semaphore/bsp/install/lib/debug/\libmetal.a(riscv_cpu.o)
                0x0000000020404eb4                __metal_driver_cpu_set_exception_pc
 .text.__metal_driver_cpu_get_buserror
                0x0000000020404ed4       0x20 C:/wsFreedomStudio/kernel_sifive_semaphore/bsp/install/lib/debug/\libmetal.a(riscv_cpu.o)
                0x0000000020404ed4                __metal_driver_cpu_get_buserror
 .text.__metal_driver_sifive_plic0_control_base
                0x0000000020404ef4       0x2a C:/wsFreedomStudio/kernel_sifive_semaphore/bsp/install/lib/debug/\libmetal.a(riscv_plic0.o)
 .text.__metal_driver_sifive_plic0_num_interrupts
                0x0000000020404f1e       0x28 C:/wsFreedomStudio/kernel_sifive_semaphore/bsp/install/lib/debug/\libmetal.a(riscv_plic0.o)
 .text.__metal_driver_sifive_plic0_max_priority
                0x0000000020404f46       0x28 C:/wsFreedomStudio/kernel_sifive_semaphore/bsp/install/lib/debug/\libmetal.a(riscv_plic0.o)
 .text.__metal_driver_sifive_plic0_interrupt_parents
                0x0000000020404f6e       0x28 C:/wsFreedomStudio/kernel_sifive_semaphore/bsp/install/lib/debug/\libmetal.a(riscv_plic0.o)
 .text.__metal_driver_sifive_plic0_interrupt_lines
                0x0000000020404f96       0x22 C:/wsFreedomStudio/kernel_sifive_semaphore/bsp/install/lib/debug/\libmetal.a(riscv_plic0.o)
 .text.__metal_driver_sifive_plic0_context_ids
                0x0000000020404fb8       0x1e C:/wsFreedomStudio/kernel_sifive_semaphore/bsp/install/lib/debug/\libmetal.a(riscv_plic0.o)
 .text.__metal_plic0_claim_interrupt
                0x0000000020404fd6       0x3c C:/wsFreedomStudio/kernel_sifive_semaphore/bsp/install/lib/debug/\libmetal.a(riscv_plic0.o)
                0x0000000020404fd6                __metal_plic0_claim_interrupt
 .text.__metal_plic0_complete_interrupt
                0x0000000020405012       0x46 C:/wsFreedomStudio/kernel_sifive_semaphore/bsp/install/lib/debug/\libmetal.a(riscv_plic0.o)
                0x0000000020405012                __metal_plic0_complete_interrupt
 .text.__metal_plic0_set_threshold
                0x0000000020405058       0x46 C:/wsFreedomStudio/kernel_sifive_semaphore/bsp/install/lib/debug/\libmetal.a(riscv_plic0.o)
                0x0000000020405058                __metal_plic0_set_threshold
 .text.__metal_plic0_get_threshold
                0x000000002040509e       0x3a C:/wsFreedomStudio/kernel_sifive_semaphore/bsp/install/lib/debug/\libmetal.a(riscv_plic0.o)
                0x000000002040509e                __metal_plic0_get_threshold
 .text.__metal_driver_riscv_plic0_set_priority
                0x00000000204050d8       0x62 C:/wsFreedomStudio/kernel_sifive_semaphore/bsp/install/lib/debug/\libmetal.a(riscv_plic0.o)
                0x00000000204050d8                __metal_driver_riscv_plic0_set_priority
 .text.__metal_driver_riscv_plic0_get_priority
                0x000000002040513a       0x34 C:/wsFreedomStudio/kernel_sifive_semaphore/bsp/install/lib/debug/\libmetal.a(riscv_plic0.o)
                0x000000002040513a                __metal_driver_riscv_plic0_get_priority
 .text.__metal_plic0_enable
                0x000000002040516e       0xa4 C:/wsFreedomStudio/kernel_sifive_semaphore/bsp/install/lib/debug/\libmetal.a(riscv_plic0.o)
                0x000000002040516e                __metal_plic0_enable
 .text.__metal_plic0_default_handler
                0x0000000020405212       0x18 C:/wsFreedomStudio/kernel_sifive_semaphore/bsp/install/lib/debug/\libmetal.a(riscv_plic0.o)
                0x0000000020405212                __metal_plic0_default_handler
 .text.__metal_plic0_handler
                0x000000002040522a       0xac C:/wsFreedomStudio/kernel_sifive_semaphore/bsp/install/lib/debug/\libmetal.a(riscv_plic0.o)
                0x000000002040522a                __metal_plic0_handler
 .text.__metal_driver_riscv_plic0_init
                0x00000000204052d6      0x15a C:/wsFreedomStudio/kernel_sifive_semaphore/bsp/install/lib/debug/\libmetal.a(riscv_plic0.o)
                0x00000000204052d6                __metal_driver_riscv_plic0_init
 .text.__metal_driver_riscv_plic0_register
                0x0000000020405430       0xc2 C:/wsFreedomStudio/kernel_sifive_semaphore/bsp/install/lib/debug/\libmetal.a(riscv_plic0.o)
                0x0000000020405430                __metal_driver_riscv_plic0_register
 .text.__metal_driver_riscv_plic0_enable
                0x00000000204054f2       0x50 C:/wsFreedomStudio/kernel_sifive_semaphore/bsp/install/lib/debug/\libmetal.a(riscv_plic0.o)
                0x00000000204054f2                __metal_driver_riscv_plic0_enable
 .text.__metal_driver_riscv_plic0_disable
                0x0000000020405542       0x50 C:/wsFreedomStudio/kernel_sifive_semaphore/bsp/install/lib/debug/\libmetal.a(riscv_plic0.o)
                0x0000000020405542                __metal_driver_riscv_plic0_disable
 .text.__metal_driver_riscv_plic0_set_threshold
                0x0000000020405592       0x30 C:/wsFreedomStudio/kernel_sifive_semaphore/bsp/install/lib/debug/\libmetal.a(riscv_plic0.o)
                0x0000000020405592                __metal_driver_riscv_plic0_set_threshold
 .text.__metal_driver_riscv_plic0_get_threshold
                0x00000000204055c2       0x28 C:/wsFreedomStudio/kernel_sifive_semaphore/bsp/install/lib/debug/\libmetal.a(riscv_plic0.o)
                0x00000000204055c2                __metal_driver_riscv_plic0_get_threshold
 .text.__metal_driver_riscv_plic0_affinity_enable
                0x00000000204055ea       0x9c C:/wsFreedomStudio/kernel_sifive_semaphore/bsp/install/lib/debug/\libmetal.a(riscv_plic0.o)
                0x00000000204055ea                __metal_driver_riscv_plic0_affinity_enable
 .text.__metal_driver_riscv_plic0_affinity_disable
                0x0000000020405686       0x9c C:/wsFreedomStudio/kernel_sifive_semaphore/bsp/install/lib/debug/\libmetal.a(riscv_plic0.o)
                0x0000000020405686                __metal_driver_riscv_plic0_affinity_disable
 .text.__metal_driver_riscv_plic0_affinity_set_threshold
                0x0000000020405722       0x74 C:/wsFreedomStudio/kernel_sifive_semaphore/bsp/install/lib/debug/\libmetal.a(riscv_plic0.o)
                0x0000000020405722                __metal_driver_riscv_plic0_affinity_set_threshold
 .text.__metal_driver_riscv_plic0_affinity_get_threshold
                0x0000000020405796       0x28 C:/wsFreedomStudio/kernel_sifive_semaphore/bsp/install/lib/debug/\libmetal.a(riscv_plic0.o)
                0x0000000020405796                __metal_driver_riscv_plic0_affinity_get_threshold
 .text.__metal_driver_sifive_fe310_g000_hfrosc_ref
                0x00000000204057be       0x1a C:/wsFreedomStudio/kernel_sifive_semaphore/bsp/install/lib/debug/\libmetal.a(sifive_fe310-g000_hfrosc.o)
 .text.__metal_driver_sifive_fe310_g000_hfrosc_config_base
                0x00000000204057d8       0x16 C:/wsFreedomStudio/kernel_sifive_semaphore/bsp/install/lib/debug/\libmetal.a(sifive_fe310-g000_hfrosc.o)
 .text.__metal_driver_sifive_fe310_g000_hfrosc_config_offset
                0x00000000204057ee       0x14 C:/wsFreedomStudio/kernel_sifive_semaphore/bsp/install/lib/debug/\libmetal.a(sifive_fe310-g000_hfrosc.o)
 .text.__metal_driver_sifive_fe310_g000_prci_vtable
                0x0000000020405802       0x16 C:/wsFreedomStudio/kernel_sifive_semaphore/bsp/install/lib/debug/\libmetal.a(sifive_fe310-g000_hfrosc.o)
 .text.__metal_driver_sifive_fe310_g000_hfrosc_get_rate_hz
                0x0000000020405818       0x84 C:/wsFreedomStudio/kernel_sifive_semaphore/bsp/install/lib/debug/\libmetal.a(sifive_fe310-g000_hfrosc.o)
                0x0000000020405818                __metal_driver_sifive_fe310_g000_hfrosc_get_rate_hz
 .text.__metal_driver_sifive_fe310_g000_hfrosc_set_rate_hz
                0x000000002040589c       0x22 C:/wsFreedomStudio/kernel_sifive_semaphore/bsp/install/lib/debug/\libmetal.a(sifive_fe310-g000_hfrosc.o)
                0x000000002040589c                __metal_driver_sifive_fe310_g000_hfrosc_set_rate_hz
 .text.__metal_driver_sifive_fe310_g000_hfxosc_ref
                0x00000000204058be       0x1a C:/wsFreedomStudio/kernel_sifive_semaphore/bsp/install/lib/debug/\libmetal.a(sifive_fe310-g000_hfxosc.o)
 .text.__metal_driver_sifive_fe310_g000_hfxosc_config_base
                0x00000000204058d8       0x16 C:/wsFreedomStudio/kernel_sifive_semaphore/bsp/install/lib/debug/\libmetal.a(sifive_fe310-g000_hfxosc.o)
 .text.__metal_driver_sifive_fe310_g000_hfxosc_config_offset
                0x00000000204058ee       0x14 C:/wsFreedomStudio/kernel_sifive_semaphore/bsp/install/lib/debug/\libmetal.a(sifive_fe310-g000_hfxosc.o)
 .text.__metal_driver_sifive_fe310_g000_prci_vtable
                0x0000000020405902       0x16 C:/wsFreedomStudio/kernel_sifive_semaphore/bsp/install/lib/debug/\libmetal.a(sifive_fe310-g000_hfxosc.o)
 .text.__metal_driver_sifive_fe310_g000_hfxosc_get_rate_hz
                0x0000000020405918       0x74 C:/wsFreedomStudio/kernel_sifive_semaphore/bsp/install/lib/debug/\libmetal.a(sifive_fe310-g000_hfxosc.o)
                0x0000000020405918                __metal_driver_sifive_fe310_g000_hfxosc_get_rate_hz
 .text.__metal_driver_sifive_fe310_g000_hfxosc_set_rate_hz
                0x000000002040598c       0x22 C:/wsFreedomStudio/kernel_sifive_semaphore/bsp/install/lib/debug/\libmetal.a(sifive_fe310-g000_hfxosc.o)
                0x000000002040598c                __metal_driver_sifive_fe310_g000_hfxosc_set_rate_hz
 .text.__metal_driver_sifive_fe310_g000_pll_pllsel0
                0x00000000204059ae       0x1a C:/wsFreedomStudio/kernel_sifive_semaphore/bsp/install/lib/debug/\libmetal.a(sifive_fe310-g000_pll.o)
 .text.__metal_driver_sifive_fe310_g000_pll_pllref
                0x00000000204059c8       0x1a C:/wsFreedomStudio/kernel_sifive_semaphore/bsp/install/lib/debug/\libmetal.a(sifive_fe310-g000_pll.o)
 .text.__metal_driver_sifive_fe310_g000_pll_divider_base
                0x00000000204059e2       0x16 C:/wsFreedomStudio/kernel_sifive_semaphore/bsp/install/lib/debug/\libmetal.a(sifive_fe310-g000_pll.o)
 .text.__metal_driver_sifive_fe310_g000_pll_divider_offset
                0x00000000204059f8       0x14 C:/wsFreedomStudio/kernel_sifive_semaphore/bsp/install/lib/debug/\libmetal.a(sifive_fe310-g000_pll.o)
 .text.__metal_driver_sifive_fe310_g000_pll_config_base
                0x0000000020405a0c       0x12 C:/wsFreedomStudio/kernel_sifive_semaphore/bsp/install/lib/debug/\libmetal.a(sifive_fe310-g000_pll.o)
 .text.__metal_driver_sifive_fe310_g000_pll_config_offset
                0x0000000020405a1e       0x10 C:/wsFreedomStudio/kernel_sifive_semaphore/bsp/install/lib/debug/\libmetal.a(sifive_fe310-g000_pll.o)
 .text.__metal_driver_sifive_fe310_g000_pll_init_rate
                0x0000000020405a2e       0x16 C:/wsFreedomStudio/kernel_sifive_semaphore/bsp/install/lib/debug/\libmetal.a(sifive_fe310-g000_pll.o)
 .text.__metal_driver_sifive_fe310_g000_prci_base
                0x0000000020405a44       0x12 C:/wsFreedomStudio/kernel_sifive_semaphore/bsp/install/lib/debug/\libmetal.a(sifive_fe310-g000_pll.o)
 .text.__metal_driver_sifive_fe310_g000_prci_vtable
                0x0000000020405a56       0x16 C:/wsFreedomStudio/kernel_sifive_semaphore/bsp/install/lib/debug/\libmetal.a(sifive_fe310-g000_pll.o)
 .text.get_pll_config_freq
                0x0000000020405a6c       0x4e C:/wsFreedomStudio/kernel_sifive_semaphore/bsp/install/lib/debug/\libmetal.a(sifive_fe310-g000_pll.o)
 .text.__metal_driver_sifive_fe310_g000_pll_init
                0x0000000020405aba       0xa4 C:/wsFreedomStudio/kernel_sifive_semaphore/bsp/install/lib/debug/\libmetal.a(sifive_fe310-g000_pll.o)
                0x0000000020405aba                __metal_driver_sifive_fe310_g000_pll_init
 .text.__metal_driver_sifive_fe310_g000_pll_get_rate_hz
                0x0000000020405b5e      0x17c C:/wsFreedomStudio/kernel_sifive_semaphore/bsp/install/lib/debug/\libmetal.a(sifive_fe310-g000_pll.o)
                0x0000000020405b5e                __metal_driver_sifive_fe310_g000_pll_get_rate_hz
 .text.find_closest_config
                0x0000000020405cda       0xac C:/wsFreedomStudio/kernel_sifive_semaphore/bsp/install/lib/debug/\libmetal.a(sifive_fe310-g000_pll.o)
 .text.configure_pll
                0x0000000020405d86      0x1b0 C:/wsFreedomStudio/kernel_sifive_semaphore/bsp/install/lib/debug/\libmetal.a(sifive_fe310-g000_pll.o)
 .text.__metal_driver_sifive_fe310_g000_pll_set_rate_hz
                0x0000000020405f36      0x166 C:/wsFreedomStudio/kernel_sifive_semaphore/bsp/install/lib/debug/\libmetal.a(sifive_fe310-g000_pll.o)
                0x0000000020405f36                __metal_driver_sifive_fe310_g000_pll_set_rate_hz
 .text.__metal_driver_sifive_fe310_g000_prci_base
                0x000000002040609c       0x12 C:/wsFreedomStudio/kernel_sifive_semaphore/bsp/install/lib/debug/\libmetal.a(sifive_fe310-g000_prci.o)
 .text.__metal_driver_sifive_fe310_g000_prci_get_reg
                0x00000000204060ae       0x2e C:/wsFreedomStudio/kernel_sifive_semaphore/bsp/install/lib/debug/\libmetal.a(sifive_fe310-g000_prci.o)
                0x00000000204060ae                __metal_driver_sifive_fe310_g000_prci_get_reg
 .text.__metal_driver_sifive_fe310_g000_prci_set_reg
                0x00000000204060dc       0x38 C:/wsFreedomStudio/kernel_sifive_semaphore/bsp/install/lib/debug/\libmetal.a(sifive_fe310-g000_prci.o)
                0x00000000204060dc                __metal_driver_sifive_fe310_g000_prci_set_reg
 .text.__metal_driver_sifive_gpio0_base
                0x0000000020406114       0x26 C:/wsFreedomStudio/kernel_sifive_semaphore/bsp/install/lib/debug/\libmetal.a(sifive_gpio0.o)
 .text.__metal_driver_sifive_gpio0_interrupt_parent
                0x000000002040613a       0x2a C:/wsFreedomStudio/kernel_sifive_semaphore/bsp/install/lib/debug/\libmetal.a(sifive_gpio0.o)
 .text.__metal_driver_sifive_gpio0_interrupt_lines
                0x0000000020406164      0x1b4 C:/wsFreedomStudio/kernel_sifive_semaphore/bsp/install/lib/debug/\libmetal.a(sifive_gpio0.o)
 .text.__metal_driver_sifive_gpio0_enable_input
                0x0000000020406318       0x40 C:/wsFreedomStudio/kernel_sifive_semaphore/bsp/install/lib/debug/\libmetal.a(sifive_gpio0.o)
                0x0000000020406318                __metal_driver_sifive_gpio0_enable_input
 .text.__metal_driver_sifive_gpio0_disable_input
                0x0000000020406358       0x46 C:/wsFreedomStudio/kernel_sifive_semaphore/bsp/install/lib/debug/\libmetal.a(sifive_gpio0.o)
                0x0000000020406358                __metal_driver_sifive_gpio0_disable_input
 .text.__metal_driver_sifive_gpio0_input
                0x000000002040639e       0x2a C:/wsFreedomStudio/kernel_sifive_semaphore/bsp/install/lib/debug/\libmetal.a(sifive_gpio0.o)
                0x000000002040639e                __metal_driver_sifive_gpio0_input
 .text.__metal_driver_sifive_gpio0_output
                0x00000000204063c8       0x2c C:/wsFreedomStudio/kernel_sifive_semaphore/bsp/install/lib/debug/\libmetal.a(sifive_gpio0.o)
                0x00000000204063c8                __metal_driver_sifive_gpio0_output
 .text.__metal_driver_sifive_gpio0_disable_output
                0x00000000204063f4       0x46 C:/wsFreedomStudio/kernel_sifive_semaphore/bsp/install/lib/debug/\libmetal.a(sifive_gpio0.o)
                0x00000000204063f4                __metal_driver_sifive_gpio0_disable_output
 .text.__metal_driver_sifive_gpio0_enable_output
                0x000000002040643a       0x40 C:/wsFreedomStudio/kernel_sifive_semaphore/bsp/install/lib/debug/\libmetal.a(sifive_gpio0.o)
                0x000000002040643a                __metal_driver_sifive_gpio0_enable_output
 .text.__metal_driver_sifive_gpio0_output_set
                0x000000002040647a       0x40 C:/wsFreedomStudio/kernel_sifive_semaphore/bsp/install/lib/debug/\libmetal.a(sifive_gpio0.o)
                0x000000002040647a                __metal_driver_sifive_gpio0_output_set
 .text.__metal_driver_sifive_gpio0_output_clear
                0x00000000204064ba       0x46 C:/wsFreedomStudio/kernel_sifive_semaphore/bsp/install/lib/debug/\libmetal.a(sifive_gpio0.o)
                0x00000000204064ba                __metal_driver_sifive_gpio0_output_clear
 .text.__metal_driver_sifive_gpio0_output_toggle
                0x0000000020406500       0x40 C:/wsFreedomStudio/kernel_sifive_semaphore/bsp/install/lib/debug/\libmetal.a(sifive_gpio0.o)
                0x0000000020406500                __metal_driver_sifive_gpio0_output_toggle
 .text.__metal_driver_sifive_gpio0_enable_io
                0x0000000020406540       0x62 C:/wsFreedomStudio/kernel_sifive_semaphore/bsp/install/lib/debug/\libmetal.a(sifive_gpio0.o)
                0x0000000020406540                __metal_driver_sifive_gpio0_enable_io
 .text.__metal_driver_sifive_gpio0_disable_io
                0x00000000204065a2       0x4a C:/wsFreedomStudio/kernel_sifive_semaphore/bsp/install/lib/debug/\libmetal.a(sifive_gpio0.o)
                0x00000000204065a2                __metal_driver_sifive_gpio0_disable_io
 .text.__metal_driver_sifive_gpio0_config_int
                0x00000000204065ec      0x206 C:/wsFreedomStudio/kernel_sifive_semaphore/bsp/install/lib/debug/\libmetal.a(sifive_gpio0.o)
                0x00000000204065ec                __metal_driver_sifive_gpio0_config_int
 .text.__metal_driver_sifive_gpio0_clear_int
                0x00000000204067f2      0x188 C:/wsFreedomStudio/kernel_sifive_semaphore/bsp/install/lib/debug/\libmetal.a(sifive_gpio0.o)
                0x00000000204067f2                __metal_driver_sifive_gpio0_clear_int
 .text.__metal_driver_gpio_interrupt_controller
                0x000000002040697a       0x20 C:/wsFreedomStudio/kernel_sifive_semaphore/bsp/install/lib/debug/\libmetal.a(sifive_gpio0.o)
                0x000000002040697a                __metal_driver_gpio_interrupt_controller
 .text.__metal_driver_gpio_get_interrupt_id
                0x000000002040699a       0x2e C:/wsFreedomStudio/kernel_sifive_semaphore/bsp/install/lib/debug/\libmetal.a(sifive_gpio0.o)
                0x000000002040699a                __metal_driver_gpio_get_interrupt_id
 .text.__metal_driver_sifive_test0_base
                0x00000000204069c8       0x26 C:/wsFreedomStudio/kernel_sifive_semaphore/bsp/install/lib/debug/\libmetal.a(sifive_test0.o)
 .text.__metal_driver_sifive_test0_exit
                0x00000000204069ee       0x4a C:/wsFreedomStudio/kernel_sifive_semaphore/bsp/install/lib/debug/\libmetal.a(sifive_test0.o)
                0x00000000204069ee                __metal_driver_sifive_test0_exit
 .text.__metal_driver_sifive_uart0_control_base
                0x0000000020406a38       0x2a C:/wsFreedomStudio/kernel_sifive_semaphore/bsp/install/lib/debug/\libmetal.a(sifive_uart0.o)
 .text.__metal_driver_sifive_uart0_interrupt_parent
                0x0000000020406a62       0x2e C:/wsFreedomStudio/kernel_sifive_semaphore/bsp/install/lib/debug/\libmetal.a(sifive_uart0.o)
 .text.__metal_driver_sifive_uart0_interrupt_line
                0x0000000020406a90       0x28 C:/wsFreedomStudio/kernel_sifive_semaphore/bsp/install/lib/debug/\libmetal.a(sifive_uart0.o)
 .text.__metal_driver_sifive_uart0_clock
                0x0000000020406ab8       0x2e C:/wsFreedomStudio/kernel_sifive_semaphore/bsp/install/lib/debug/\libmetal.a(sifive_uart0.o)
 .text.__metal_driver_sifive_uart0_pinmux
                0x0000000020406ae6       0x2a C:/wsFreedomStudio/kernel_sifive_semaphore/bsp/install/lib/debug/\libmetal.a(sifive_uart0.o)
 .text.__metal_driver_sifive_uart0_pinmux_output_selector
                0x0000000020406b10       0x28 C:/wsFreedomStudio/kernel_sifive_semaphore/bsp/install/lib/debug/\libmetal.a(sifive_uart0.o)
 .text.__metal_driver_sifive_uart0_pinmux_source_selector
                0x0000000020406b38       0x2a C:/wsFreedomStudio/kernel_sifive_semaphore/bsp/install/lib/debug/\libmetal.a(sifive_uart0.o)
 .text.__metal_driver_sifive_uart0_interrupt_controller
                0x0000000020406b62       0x20 C:/wsFreedomStudio/kernel_sifive_semaphore/bsp/install/lib/debug/\libmetal.a(sifive_uart0.o)
                0x0000000020406b62                __metal_driver_sifive_uart0_interrupt_controller
 .text.__metal_driver_sifive_uart0_get_interrupt_id
                0x0000000020406b82       0x20 C:/wsFreedomStudio/kernel_sifive_semaphore/bsp/install/lib/debug/\libmetal.a(sifive_uart0.o)
                0x0000000020406b82                __metal_driver_sifive_uart0_get_interrupt_id
 .text.__metal_driver_sifive_uart0_tx_interrupt_enable
                0x0000000020406ba2       0x3a C:/wsFreedomStudio/kernel_sifive_semaphore/bsp/install/lib/debug/\libmetal.a(sifive_uart0.o)
                0x0000000020406ba2                __metal_driver_sifive_uart0_tx_interrupt_enable
 .text.__metal_driver_sifive_uart0_tx_interrupt_disable
                0x0000000020406bdc       0x38 C:/wsFreedomStudio/kernel_sifive_semaphore/bsp/install/lib/debug/\libmetal.a(sifive_uart0.o)
                0x0000000020406bdc                __metal_driver_sifive_uart0_tx_interrupt_disable
 .text.__metal_driver_sifive_uart0_rx_interrupt_enable
                0x0000000020406c14       0x3a C:/wsFreedomStudio/kernel_sifive_semaphore/bsp/install/lib/debug/\libmetal.a(sifive_uart0.o)
                0x0000000020406c14                __metal_driver_sifive_uart0_rx_interrupt_enable
 .text.__metal_driver_sifive_uart0_rx_interrupt_disable
                0x0000000020406c4e       0x38 C:/wsFreedomStudio/kernel_sifive_semaphore/bsp/install/lib/debug/\libmetal.a(sifive_uart0.o)
                0x0000000020406c4e                __metal_driver_sifive_uart0_rx_interrupt_disable
 .text.__metal_driver_sifive_uart0_txready
                0x0000000020406c86       0x30 C:/wsFreedomStudio/kernel_sifive_semaphore/bsp/install/lib/debug/\libmetal.a(sifive_uart0.o)
                0x0000000020406c86                __metal_driver_sifive_uart0_txready
 .text.__metal_driver_sifive_uart0_set_tx_watermark
                0x0000000020406cb6       0x4a C:/wsFreedomStudio/kernel_sifive_semaphore/bsp/install/lib/debug/\libmetal.a(sifive_uart0.o)
                0x0000000020406cb6                __metal_driver_sifive_uart0_set_tx_watermark
 .text.__metal_driver_sifive_uart0_get_tx_watermark
                0x0000000020406d00       0x30 C:/wsFreedomStudio/kernel_sifive_semaphore/bsp/install/lib/debug/\libmetal.a(sifive_uart0.o)
                0x0000000020406d00                __metal_driver_sifive_uart0_get_tx_watermark
 .text.__metal_driver_sifive_uart0_set_rx_watermark
                0x0000000020406d30       0x4a C:/wsFreedomStudio/kernel_sifive_semaphore/bsp/install/lib/debug/\libmetal.a(sifive_uart0.o)
                0x0000000020406d30                __metal_driver_sifive_uart0_set_rx_watermark
 .text.__metal_driver_sifive_uart0_get_rx_watermark
                0x0000000020406d7a       0x30 C:/wsFreedomStudio/kernel_sifive_semaphore/bsp/install/lib/debug/\libmetal.a(sifive_uart0.o)
                0x0000000020406d7a                __metal_driver_sifive_uart0_get_rx_watermark
 .text.__metal_driver_sifive_uart0_putc
                0x0000000020406daa       0x42 C:/wsFreedomStudio/kernel_sifive_semaphore/bsp/install/lib/debug/\libmetal.a(sifive_uart0.o)
                0x0000000020406daa                __metal_driver_sifive_uart0_putc
 .text.__metal_driver_sifive_uart0_getc
                0x0000000020406dec       0x56 C:/wsFreedomStudio/kernel_sifive_semaphore/bsp/install/lib/debug/\libmetal.a(sifive_uart0.o)
                0x0000000020406dec                __metal_driver_sifive_uart0_getc
 .text.__metal_driver_sifive_uart0_get_baud_rate
                0x0000000020406e42       0x20 C:/wsFreedomStudio/kernel_sifive_semaphore/bsp/install/lib/debug/\libmetal.a(sifive_uart0.o)
                0x0000000020406e42                __metal_driver_sifive_uart0_get_baud_rate
 .text.__metal_driver_sifive_uart0_set_baud_rate
                0x0000000020406e62       0xa0 C:/wsFreedomStudio/kernel_sifive_semaphore/bsp/install/lib/debug/\libmetal.a(sifive_uart0.o)
                0x0000000020406e62                __metal_driver_sifive_uart0_set_baud_rate
 .text.pre_rate_change_callback_func
                0x0000000020406f02       0xda C:/wsFreedomStudio/kernel_sifive_semaphore/bsp/install/lib/debug/\libmetal.a(sifive_uart0.o)
 .text.post_rate_change_callback_func
                0x0000000020406fdc       0x30 C:/wsFreedomStudio/kernel_sifive_semaphore/bsp/install/lib/debug/\libmetal.a(sifive_uart0.o)
 .text.__metal_driver_sifive_uart0_init
                0x000000002040700c       0xd2 C:/wsFreedomStudio/kernel_sifive_semaphore/bsp/install/lib/debug/\libmetal.a(sifive_uart0.o)
                0x000000002040700c                __metal_driver_sifive_uart0_init
 .text._metal_clock_call_all_callbacks
                0x00000000204070de       0x42 C:/wsFreedomStudio/kernel_sifive_semaphore/bsp/install/lib/debug/\libmetal.a(clock.o)
                0x00000000204070de                _metal_clock_call_all_callbacks
 .text._metal_clock_append_to_callbacks
                0x0000000020407120       0x54 C:/wsFreedomStudio/kernel_sifive_semaphore/bsp/install/lib/debug/\libmetal.a(clock.o)
                0x0000000020407120                _metal_clock_append_to_callbacks
 .text.metal_clock_get_rate_hz
                0x0000000020407174       0x26 C:/wsFreedomStudio/kernel_sifive_semaphore/bsp/install/lib/debug/\libmetal.a(clock.o)
                0x0000000020407174                metal_clock_get_rate_hz
 .text.metal_clock_set_rate_hz
                0x000000002040719a       0x4c C:/wsFreedomStudio/kernel_sifive_semaphore/bsp/install/lib/debug/\libmetal.a(clock.o)
                0x000000002040719a                metal_clock_set_rate_hz
 .text.metal_clock_register_pre_rate_change_callback
                0x00000000204071e6       0x32 C:/wsFreedomStudio/kernel_sifive_semaphore/bsp/install/lib/debug/\libmetal.a(clock.o)
                0x00000000204071e6                metal_clock_register_pre_rate_change_callback
 .text.metal_clock_register_post_rate_change_callback
                0x0000000020407218       0x32 C:/wsFreedomStudio/kernel_sifive_semaphore/bsp/install/lib/debug/\libmetal.a(clock.o)
                0x0000000020407218                metal_clock_register_post_rate_change_callback
 .text.metal_cpu_interrupt_controller
                0x000000002040724a       0x26 C:/wsFreedomStudio/kernel_sifive_semaphore/bsp/install/lib/debug/\libmetal.a(cpu.o)
                0x000000002040724a                metal_cpu_interrupt_controller
 .text.metal_cpu_get
                0x0000000020407270       0x2e C:/wsFreedomStudio/kernel_sifive_semaphore/bsp/install/lib/debug/\libmetal.a(cpu.o)
                0x0000000020407270                metal_cpu_get
 .text.metal_cpu_get_current_hartid
                0x000000002040729e       0x1a C:/wsFreedomStudio/kernel_sifive_semaphore/bsp/install/lib/debug/\libmetal.a(cpu.o)
                0x000000002040729e                metal_cpu_get_current_hartid
 .text.__metal_shutdown_exit
                0x00000000204072b8       0x22 C:/wsFreedomStudio/kernel_sifive_semaphore/bsp/install/lib/debug/\libmetal.a(shutdown.o)
                0x00000000204072b8                __metal_shutdown_exit
 .text.metal_shutdown
                0x00000000204072da       0x18 C:/wsFreedomStudio/kernel_sifive_semaphore/bsp/install/lib/debug/\libmetal.a(shutdown.o)
                0x00000000204072da                metal_shutdown
 *fill*         0x00000000204072f2        0xe 
 .text          0x0000000020407300       0x80 C:/wsFreedomStudio/kernel_sifive_semaphore/bsp/install/lib/debug/\libmetal.a(vector.o)
                0x0000000020407300                __metal_vector_table
 .text.__metal_driver_fixed_clock_rate
                0x0000000020407380       0x62 C:/wsFreedomStudio/kernel_sifive_semaphore/bsp/install/lib/debug/\libmetal.a(fixed-clock.o)
 .text.__metal_driver_fixed_clock_get_rate_hz
                0x00000000204073e2       0x20 C:/wsFreedomStudio/kernel_sifive_semaphore/bsp/install/lib/debug/\libmetal.a(fixed-clock.o)
                0x00000000204073e2                __metal_driver_fixed_clock_get_rate_hz
 .text.__metal_driver_fixed_clock_set_rate_hz
                0x0000000020407402       0x24 C:/wsFreedomStudio/kernel_sifive_semaphore/bsp/install/lib/debug/\libmetal.a(fixed-clock.o)
                0x0000000020407402                __metal_driver_fixed_clock_set_rate_hz
 .text._exit    0x0000000020407426       0x14 C:/wsFreedomStudio/kernel_sifive_semaphore/bsp/install/lib/debug/\libmetal-gloss.a(sys_exit.o)
                0x0000000020407426                _exit
 *(.gnu.linkonce.t.*)

.rela.dyn       0x000000002040743c        0x0
 .rela.text.osKernelStackInit
                0x000000002040743c        0x0 C:\Users\jjrh\AppData\Local\Temp\ccqzJ634.o
 .rela.text.osKernelAddThreads
                0x000000002040743c        0x0 C:\Users\jjrh\AppData\Local\Temp\ccqzJ634.o
 .rela.text.osSchedulerRoundRobin
                0x000000002040743c        0x0 C:\Users\jjrh\AppData\Local\Temp\ccqzJ634.o
 .rela.text.task
                0x000000002040743c        0x0 C:\Users\jjrh\AppData\Local\Temp\ccqzJ634.o
 .rela.text.task1
                0x000000002040743c        0x0 C:\Users\jjrh\AppData\Local\Temp\ccqzJ634.o
 .rela.text.main
                0x000000002040743c        0x0 C:\Users\jjrh\AppData\Local\Temp\ccqzJ634.o
 .rela.text     0x000000002040743c        0x0 C:\Users\jjrh\AppData\Local\Temp\ccqzJ634.o
 .rela.text._vfprintf_r
                0x000000002040743c        0x0 C:\Users\jjrh\AppData\Local\Temp\ccqzJ634.o
 .rela.text.metal.init.enter
                0x000000002040743c        0x0 C:\Users\jjrh\AppData\Local\Temp\ccqzJ634.o
 .rela.text.metal.init.scrub
                0x000000002040743c        0x0 C:\Users\jjrh\AppData\Local\Temp\ccqzJ634.o
 .rela.text.libgloss.start
                0x000000002040743c        0x0 C:\Users\jjrh\AppData\Local\Temp\ccqzJ634.o
 .rela.sdata.__brk
                0x000000002040743c        0x0 C:\Users\jjrh\AppData\Local\Temp\ccqzJ634.o
 .rela.text._sbrk
                0x000000002040743c        0x0 C:\Users\jjrh\AppData\Local\Temp\ccqzJ634.o
 .rela.text.__libc_fini_array
                0x000000002040743c        0x0 C:\Users\jjrh\AppData\Local\Temp\ccqzJ634.o
 .rela.text.__libc_init_array
                0x000000002040743c        0x0 C:\Users\jjrh\AppData\Local\Temp\ccqzJ634.o
 .rela.text.__register_exitproc
                0x000000002040743c        0x0 C:\Users\jjrh\AppData\Local\Temp\ccqzJ634.o
 .rela.text.metal_init
                0x000000002040743c        0x0 C:\Users\jjrh\AppData\Local\Temp\ccqzJ634.o
 .rela.text.metal_fini
                0x000000002040743c        0x0 C:\Users\jjrh\AppData\Local\Temp\ccqzJ634.o
 .rela.text.__metal_driver_cpu_get
                0x000000002040743c        0x0 C:\Users\jjrh\AppData\Local\Temp\ccqzJ634.o
 .rela.text.metal_software_interrupt_vector_handler
                0x000000002040743c        0x0 C:\Users\jjrh\AppData\Local\Temp\ccqzJ634.o
 .rela.text.__metal_default_sw_handler
                0x000000002040743c        0x0 C:\Users\jjrh\AppData\Local\Temp\ccqzJ634.o
 .rela.text.metal_timer_interrupt_vector_handler
                0x000000002040743c        0x0 C:\Users\jjrh\AppData\Local\Temp\ccqzJ634.o
 .rela.text.__metal_exception_handler
                0x000000002040743c        0x0 C:\Users\jjrh\AppData\Local\Temp\ccqzJ634.o
 .rela.text.metal_lc0_interrupt_vector_handler
                0x000000002040743c        0x0 C:\Users\jjrh\AppData\Local\Temp\ccqzJ634.o
 .rela.text.metal_lc1_interrupt_vector_handler
                0x000000002040743c        0x0 C:\Users\jjrh\AppData\Local\Temp\ccqzJ634.o
 .rela.text.metal_lc2_interrupt_vector_handler
                0x000000002040743c        0x0 C:\Users\jjrh\AppData\Local\Temp\ccqzJ634.o
 .rela.text.metal_lc3_interrupt_vector_handler
                0x000000002040743c        0x0 C:\Users\jjrh\AppData\Local\Temp\ccqzJ634.o
 .rela.text.metal_lc4_interrupt_vector_handler
                0x000000002040743c        0x0 C:\Users\jjrh\AppData\Local\Temp\ccqzJ634.o
 .rela.text.metal_lc5_interrupt_vector_handler
                0x000000002040743c        0x0 C:\Users\jjrh\AppData\Local\Temp\ccqzJ634.o
 .rela.text.metal_lc6_interrupt_vector_handler
                0x000000002040743c        0x0 C:\Users\jjrh\AppData\Local\Temp\ccqzJ634.o
 .rela.text.metal_lc7_interrupt_vector_handler
                0x000000002040743c        0x0 C:\Users\jjrh\AppData\Local\Temp\ccqzJ634.o
 .rela.text.metal_lc8_interrupt_vector_handler
                0x000000002040743c        0x0 C:\Users\jjrh\AppData\Local\Temp\ccqzJ634.o
 .rela.text.metal_lc9_interrupt_vector_handler
                0x000000002040743c        0x0 C:\Users\jjrh\AppData\Local\Temp\ccqzJ634.o
 .rela.text.metal_lc10_interrupt_vector_handler
                0x000000002040743c        0x0 C:\Users\jjrh\AppData\Local\Temp\ccqzJ634.o
 .rela.text.metal_lc11_interrupt_vector_handler
                0x000000002040743c        0x0 C:\Users\jjrh\AppData\Local\Temp\ccqzJ634.o
 .rela.text.metal_lc12_interrupt_vector_handler
                0x000000002040743c        0x0 C:\Users\jjrh\AppData\Local\Temp\ccqzJ634.o
 .rela.text.metal_lc13_interrupt_vector_handler
                0x000000002040743c        0x0 C:\Users\jjrh\AppData\Local\Temp\ccqzJ634.o
 .rela.text.metal_lc14_interrupt_vector_handler
                0x000000002040743c        0x0 C:\Users\jjrh\AppData\Local\Temp\ccqzJ634.o
 .rela.text.metal_lc15_interrupt_vector_handler
                0x000000002040743c        0x0 C:\Users\jjrh\AppData\Local\Temp\ccqzJ634.o
 .rela.text.metal_cpu_get
                0x000000002040743c        0x0 C:\Users\jjrh\AppData\Local\Temp\ccqzJ634.o

.data           0x0000000080000000      0x7c8 load address 0x0000000020407440
 *(.data .data.*)
 .data.impure_data
                0x0000000080000000       0x60 c:/freedomstudio/sifive/riscv64-unknown-elf-toolchain-10.2.0-2020.12.8/bin/../lib/gcc/riscv64-unknown-elf/10.2.0/../../../../riscv64-unknown-elf/lib/rv32imac/ilp32\libc_nano.a(lib_a-impure.o)
 .data.__metal_dt_clock_0
                0x0000000080000060        0xc C:/wsFreedomStudio/kernel_sifive_semaphore/bsp/install/lib/debug/\libmetal.a(inline.o)
                0x0000000080000060                __metal_dt_clock_0
 .data.__metal_dt_clock_2
                0x000000008000006c        0xc C:/wsFreedomStudio/kernel_sifive_semaphore/bsp/install/lib/debug/\libmetal.a(inline.o)
                0x000000008000006c                __metal_dt_clock_2
 .data.__metal_dt_clock_5
                0x0000000080000078        0xc C:/wsFreedomStudio/kernel_sifive_semaphore/bsp/install/lib/debug/\libmetal.a(inline.o)
                0x0000000080000078                __metal_dt_clock_5
 *fill*         0x0000000080000084        0x4 
 .data.__metal_dt_cpu_0_interrupt_controller
                0x0000000080000088      0x3d0 C:/wsFreedomStudio/kernel_sifive_semaphore/bsp/install/lib/debug/\libmetal.a(inline.o)
                0x0000000080000088                __metal_dt_cpu_0_interrupt_controller
 .data.__metal_dt_interrupt_controller_c000000
                0x0000000080000458      0x300 C:/wsFreedomStudio/kernel_sifive_semaphore/bsp/install/lib/debug/\libmetal.a(inline.o)
                0x0000000080000458                __metal_dt_interrupt_controller_c000000
 .data.__metal_dt_serial_10013000
                0x0000000080000758       0x20 C:/wsFreedomStudio/kernel_sifive_semaphore/bsp/install/lib/debug/\libmetal.a(inline.o)
                0x0000000080000758                __metal_dt_serial_10013000
 .data.__metal_dt_clock_3
                0x0000000080000778        0xc C:/wsFreedomStudio/kernel_sifive_semaphore/bsp/install/lib/debug/\libmetal.a(inline.o)
                0x0000000080000778                __metal_dt_clock_3
 .data.__metal_dt_clock_1
                0x0000000080000784        0xc C:/wsFreedomStudio/kernel_sifive_semaphore/bsp/install/lib/debug/\libmetal.a(inline.o)
                0x0000000080000784                __metal_dt_clock_1
 .data.__metal_dt_clock_4
                0x0000000080000790        0xc C:/wsFreedomStudio/kernel_sifive_semaphore/bsp/install/lib/debug/\libmetal.a(inline.o)
                0x0000000080000790                __metal_dt_clock_4
 *(.gnu.linkonce.d.*)
                0x00000000800007a0                . = ALIGN (0x8)
 *fill*         0x000000008000079c        0x4 
                0x0000000080000fa0                PROVIDE (__global_pointer$ = (. + 0x800))
 *(.sdata .sdata.* .sdata2.*)
 .sdata._impure_ptr
                0x00000000800007a0        0x4 c:/freedomstudio/sifive/riscv64-unknown-elf-toolchain-10.2.0-2020.12.8/bin/../lib/gcc/riscv64-unknown-elf/10.2.0/../../../../riscv64-unknown-elf/lib/rv32imac/ilp32\libc_nano.a(lib_a-impure.o)
                0x00000000800007a0                _impure_ptr
 .sdata.__brk   0x00000000800007a4        0x4 C:/wsFreedomStudio/kernel_sifive_semaphore/bsp/install/lib/debug/\libmetal-gloss.a(sys_sbrk.o)
 .sdata.__metal_cpu_table
                0x00000000800007a8        0x4 C:/wsFreedomStudio/kernel_sifive_semaphore/bsp/install/lib/debug/\libmetal.a(synchronize_harts.o)
                0x00000000800007a8                __metal_cpu_table
 .sdata.__metal_dt_clint_2000000
                0x00000000800007ac        0x8 C:/wsFreedomStudio/kernel_sifive_semaphore/bsp/install/lib/debug/\libmetal.a(inline.o)
                0x00000000800007ac                __metal_dt_clint_2000000
 .sdata.__metal_dt_cpu_0