Archive member included to satisfy reference by file (symbol)

c:/freedomstudio-4.18.0/sifive/riscv64-unknown-elf-toolchain-10.2.0-2020.12.8/bin/../lib/gcc/riscv64-unknown-elf/10.2.0/../../../../riscv64-unknown-elf/lib/rv32imac/ilp32\libc_nano.a(lib_a-clock.o)
                              C:\Users\jjrh\AppData\Local\Temp\cclT4pOq.o (clock)
c:/freedomstudio-4.18.0/sifive/riscv64-unknown-elf-toolchain-10.2.0-2020.12.8/bin/../lib/gcc/riscv64-unknown-elf/10.2.0/../../../../riscv64-unknown-elf/lib/rv32imac/ilp32\libc_nano.a(lib_a-impure.o)
                              c:/freedomstudio-4.18.0/sifive/riscv64-unknown-elf-toolchain-10.2.0-2020.12.8/bin/../lib/gcc/riscv64-unknown-elf/10.2.0/../../../../riscv64-unknown-elf/lib/rv32imac/ilp32\libc_nano.a(lib_a-clock.o) (_impure_ptr)
c:/freedomstudio-4.18.0/sifive/riscv64-unknown-elf-toolchain-10.2.0-2020.12.8/bin/../lib/gcc/riscv64-unknown-elf/10.2.0/../../../../riscv64-unknown-elf/lib/rv32imac/ilp32\libc_nano.a(lib_a-malloc.o)
                              C:\Users\jjrh\AppData\Local\Temp\ccj1dJwm.o (malloc)
c:/freedomstudio-4.18.0/sifive/riscv64-unknown-elf-toolchain-10.2.0-2020.12.8/bin/../lib/gcc/riscv64-unknown-elf/10.2.0/../../../../riscv64-unknown-elf/lib/rv32imac/ilp32\libc_nano.a(lib_a-nano-freer.o)
                              c:/freedomstudio-4.18.0/sifive/riscv64-unknown-elf-toolchain-10.2.0-2020.12.8/bin/../lib/gcc/riscv64-unknown-elf/10.2.0/../../../../riscv64-unknown-elf/lib/rv32imac/ilp32\libc_nano.a(lib_a-malloc.o) (_free_r)
c:/freedomstudio-4.18.0/sifive/riscv64-unknown-elf-toolchain-10.2.0-2020.12.8/bin/../lib/gcc/riscv64-unknown-elf/10.2.0/../../../../riscv64-unknown-elf/lib/rv32imac/ilp32\libc_nano.a(lib_a-nano-mallocr.o)
                              c:/freedomstudio-4.18.0/sifive/riscv64-unknown-elf-toolchain-10.2.0-2020.12.8/bin/../lib/gcc/riscv64-unknown-elf/10.2.0/../../../../riscv64-unknown-elf/lib/rv32imac/ilp32\libc_nano.a(lib_a-malloc.o) (_malloc_r)
c:/freedomstudio-4.18.0/sifive/riscv64-unknown-elf-toolchain-10.2.0-2020.12.8/bin/../lib/gcc/riscv64-unknown-elf/10.2.0/../../../../riscv64-unknown-elf/lib/rv32imac/ilp32\libc_nano.a(lib_a-printf.o)
                              C:\Users\jjrh\AppData\Local\Temp\cclT4pOq.o (printf)
c:/freedomstudio-4.18.0/sifive/riscv64-unknown-elf-toolchain-10.2.0-2020.12.8/bin/../lib/gcc/riscv64-unknown-elf/10.2.0/../../../../riscv64-unknown-elf/lib/rv32imac/ilp32\libc_nano.a(lib_a-puts.o)
                              C:\Users\jjrh\AppData\Local\Temp\ccUofwPP.o (puts)
c:/freedomstudio-4.18.0/sifive/riscv64-unknown-elf-toolchain-10.2.0-2020.12.8/bin/../lib/gcc/riscv64-unknown-elf/10.2.0/../../../../riscv64-unknown-elf/lib/rv32imac/ilp32\libc_nano.a(lib_a-sbrkr.o)
                              c:/freedomstudio-4.18.0/sifive/riscv64-unknown-elf-toolchain-10.2.0-2020.12.8/bin/../lib/gcc/riscv64-unknown-elf/10.2.0/../../../../riscv64-unknown-elf/lib/rv32imac/ilp32\libc_nano.a(lib_a-nano-mallocr.o) (_sbrk_r)
c:/freedomstudio-4.18.0/sifive/riscv64-unknown-elf-toolchain-10.2.0-2020.12.8/bin/../lib/gcc/riscv64-unknown-elf/10.2.0/../../../../riscv64-unknown-elf/lib/rv32imac/ilp32\libc_nano.a(lib_a-timesr.o)
                              c:/freedomstudio-4.18.0/sifive/riscv64-unknown-elf-toolchain-10.2.0-2020.12.8/bin/../lib/gcc/riscv64-unknown-elf/10.2.0/../../../../riscv64-unknown-elf/lib/rv32imac/ilp32\libc_nano.a(lib_a-clock.o) (_times_r)
c:/freedomstudio-4.18.0/sifive/riscv64-unknown-elf-toolchain-10.2.0-2020.12.8/bin/../lib/gcc/riscv64-unknown-elf/10.2.0/../../../../riscv64-unknown-elf/lib/rv32imac/ilp32\libc_nano.a(lib_a-wbuf.o)
                              c:/freedomstudio-4.18.0/sifive/riscv64-unknown-elf-toolchain-10.2.0-2020.12.8/bin/../lib/gcc/riscv64-unknown-elf/10.2.0/../../../../riscv64-unknown-elf/lib/rv32imac/ilp32\libc_nano.a(lib_a-puts.o) (__swbuf_r)
c:/freedomstudio-4.18.0/sifive/riscv64-unknown-elf-toolchain-10.2.0-2020.12.8/bin/../lib/gcc/riscv64-unknown-elf/10.2.0/../../../../riscv64-unknown-elf/lib/rv32imac/ilp32\libc_nano.a(lib_a-wsetup.o)
                              c:/freedomstudio-4.18.0/sifive/riscv64-unknown-elf-toolchain-10.2.0-2020.12.8/bin/../lib/gcc/riscv64-unknown-elf/10.2.0/../../../../riscv64-unknown-elf/lib/rv32imac/ilp32\libc_nano.a(lib_a-puts.o) (__swsetup_r)
c:/freedomstudio-4.18.0/sifive/riscv64-unknown-elf-toolchain-10.2.0-2020.12.8/bin/../lib/gcc/riscv64-unknown-elf/10.2.0/../../../../riscv64-unknown-elf/lib/rv32imac/ilp32\libc_nano.a(lib_a-fflush.o)
                              c:/freedomstudio-4.18.0/sifive/riscv64-unknown-elf-toolchain-10.2.0-2020.12.8/bin/../lib/gcc/riscv64-unknown-elf/10.2.0/../../../../riscv64-unknown-elf/lib/rv32imac/ilp32\libc_nano.a(lib_a-wbuf.o) (_fflush_r)
c:/freedomstudio-4.18.0/sifive/riscv64-unknown-elf-toolchain-10.2.0-2020.12.8/bin/../lib/gcc/riscv64-unknown-elf/10.2.0/../../../../riscv64-unknown-elf/lib/rv32imac/ilp32\libc_nano.a(lib_a-findfp.o)
[...]
Memory Configuration

Name             Origin             Length             Attributes
ram              0x0000000080000000 0x0000000000400000 axrwl
rom              0x0000000020400000 0x000000001fc00000 xrl !aw
*default*        0x0000000000000000 0xffffffffffffffff

Linker script and memory map

LOAD C:\Users\jjrh\AppData\Local\Temp\cclT4pOq.o
LOAD C:\Users\jjrh\AppData\Local\Temp\ccUofwPP.o
LOAD C:\Users\jjrh\AppData\Local\Temp\ccj1dJwm.o
LOAD C:\Users\jjrh\AppData\Local\Temp\ccWC6QHZ.o
LOAD C:\Users\jjrh\AppData\Local\Temp\cczYWz8J.o
LOAD C:\Users\jjrh\AppData\Local\Temp\cccALfqx.o
LOAD C:\Users\jjrh\AppData\Local\Temp\ccv13K4q.o
START GROUP
LOAD c:/freedomstudio-4.18.0/sifive/riscv64-unknown-elf-toolchain-10.2.0-2020.12.8/bin/../lib/gcc/riscv64-unknown-elf/10.2.0/../../../../riscv64-unknown-elf/lib/rv32imac/ilp32\libc_nano.a
LOAD c:/freedomstudio-4.18.0/sifive/riscv64-unknown-elf-toolchain-10.2.0-2020.12.8/bin/../lib/gcc/riscv64-unknown-elf/10.2.0/rv32imac/ilp32\libgcc.a
LOAD c:/freedomstudio-4.18.0/sifive/riscv64-unknown-elf-toolchain-10.2.0-2020.12.8/bin/../lib/gcc/riscv64-unknown-elf/10.2.0/../../../../riscv64-unknown-elf/lib/rv32imac/ilp32\libm_nano.a
LOAD C:/Users/jjrh/Dropbox/Telecom/Tesis/Source/kernel_sifive/kernel_list/bsp/install/lib/debug/\libmetal.a
LOAD C:/Users/jjrh/Dropbox/Telecom/Tesis/Source/kernel_sifive/kernel_list/bsp/install/lib/debug/\libmetal-gloss.a
END GROUP
                0x0000000000000400                __stack_size = DEFINED (__stack_size)?__stack_size:0x400
                [!provide]                        PROVIDE (__stack_size = __stack_size)
                0x0000000000000800                __heap_size = DEFINED (__heap_size)?__heap_size:0x800
                0x0000000000000000                PROVIDE (__metal_boot_hart = 0x0)
                0x0000000000000001                PROVIDE (__metal_chicken_bit = 0x1)
                0x0000000000000000                PROVIDE (__metal_eccscrub_bit = 0x0)
                [!provide]                        PROVIDE (metal_dtim_0_memory_start = 0x80000000)
                [!provide]                        PROVIDE (metal_dtim_0_memory_end = 0x80010000)

.init           0x0000000020400000      0x2e0
 *(.text.metal.init.enter)
 .text.metal.init.enter
                0x0000000020400000       0x8c C:/Users/jjrh/Dropbox/Telecom/Tesis/Source/kernel_sifive/kernel_list/bsp/install/lib/debug/\libmetal.a(entry.o)
                0x0000000020400000                _enter
 *(.text.metal.init.*)
 .text.metal.init.__register_frame_info
                0x000000002040008c        0x2 C:/Users/jjrh/Dropbox/Telecom/Tesis/Source/kernel_sifive/kernel_list/bsp/install/lib/debug/\libmetal.a(entry.o)
                0x000000002040008c                __register_frame_info
 .text.metal.init.scrub
                0x000000002040008e       0xa8 C:/Users/jjrh/Dropbox/Telecom/Tesis/Source/kernel_sifive/kernel_list/bsp/install/lib/debug/\libmetal.a(scrub.o)
                0x000000002040008e                metal_mem_scrub
                0x00000000204000d0                __metal_before_start
 *fill*         0x0000000020400136        0x2 
 .text.metal.init.trapvec
                0x0000000020400138        0xe C:/Users/jjrh/Dropbox/Telecom/Tesis/Source/kernel_sifive/kernel_list/bsp/install/lib/debug/\libmetal.a(trap.o)
                0x0000000020400138                early_trap_vector
 *(SORT_NONE(.init))
 .init          0x0000000020400146        0xe C:/Users/jjrh/Dropbox/Telecom/Tesis/Source/kernel_sifive/kernel_list/bsp/install/lib/debug/\libmetal.a(synchronize_harts.o)
                0x0000000020400146                __metal_synchronize_harts
 *(.text.libgloss.start)
 .text.libgloss.start
                0x0000000020400154      0x18c C:/Users/jjrh/Dropbox/Telecom/Tesis/Source/kernel_sifive/kernel_list/bsp/install/lib/debug/\libmetal-gloss.a(crt0.o)
                0x0000000020400154                _start
                0x00000000204002be                _fini
                0x00000000204002be                _init
                0x00000000204002c0                secondary_main

.fini
 *(SORT_NONE(.fini))

.preinit_array  0x00000000204002e0        0x0
                0x00000000204002e0                PROVIDE (__preinit_array_start = .)
 *(.preinit_array)
                0x00000000204002e0                PROVIDE (__preinit_array_end = .)

.init_array     0x00000000204002e0        0xc
                0x00000000204002e0                PROVIDE (__init_array_start = .)
 *(SORT_BY_INIT_PRIORITY(.init_array.*) SORT_BY_INIT_PRIORITY(.ctors.*))
 *(.init_array EXCLUDE_FILE(*crtend?.o *crtend.o *crtbegin?.o *crtbegin.o) .ctors)
                0x00000000204002e0                PROVIDE (__init_array_end = .)
                0x00000000204002e0                PROVIDE (metal_constructors_start = .)
 *(SORT_BY_INIT_PRIORITY(.metal.init_array.*))
 .metal.init_array.5000
                0x00000000204002e0        0x4 C:/Users/jjrh/Dropbox/Telecom/Tesis/Source/kernel_sifive/kernel_list/bsp/install/lib/debug/\libmetal.a(tty.o)
                0x00000000204002e0                _metal_tty_init_ptr
 .metal.init_array.5000
                0x00000000204002e4        0x8 C:/Users/jjrh/Dropbox/Telecom/Tesis/Source/kernel_sifive/kernel_list/bsp/install/lib/debug/\libmetal.a(sifive_fe310-g000_pll.o)
                0x00000000204002e4                _metal_sifive_fe310_g000_pll_init_ptr
                0x00000000204002e8                _use_hfxosc_ptr
 *(.metal.init_array)
                0x00000000204002ec                PROVIDE (metal_constructors_end = .)

.fini_array     0x00000000204002f0        0x0
                0x00000000204002f0                PROVIDE (__fini_array_start = .)
 *(SORT_BY_INIT_PRIORITY(.fini_array.*) SORT_BY_INIT_PRIORITY(.dtors.*))
 *(.fini_array EXCLUDE_FILE(*crtend?.o *crtend.o *crtbegin?.o *crtbegin.o) .dtors)
                0x00000000204002f0                PROVIDE (__fini_array_end = .)
                0x00000000204002f0                PROVIDE (metal_destructors_start = .)
 *(SORT_BY_INIT_PRIORITY(.metal.fini_array.*))
 *(.metal.fini_array)
                0x00000000204002f0                PROVIDE (metal_destructors_end = .)

.ctors          0x00000000204002ec       0x7a
 *crtbegin.o(.ctors)
 *crtbegin?.o(.ctors)
 *(EXCLUDE_FILE(*crtend?.o *crtend.o) .ctors)
 *(SORT_BY_NAME(.ctors.*))
 *(.ctors)
 *(.metal.ctors .metal.ctors.*)
 .metal.ctors   0x00000000204002ec       0x24 C:/Users/jjrh/Dropbox/Telecom/Tesis/Source/kernel_sifive/kernel_list/bsp/install/lib/debug/\libmetal.a(tty.o)
                0x00000000204002ec                metal_tty_init
 .metal.ctors   0x0000000020400310       0x56 C:/Users/jjrh/Dropbox/Telecom/Tesis/Source/kernel_sifive/kernel_list/bsp/install/lib/debug/\libmetal.a(sifive_fe310-g000_pll.o)
                0x0000000020400310                metal_sifive_fe310_g000_pll_init
                0x000000002040033c                use_hfxosc

.dtors
 *crtbegin.o(.dtors)
 *crtbegin?.o(.dtors)
 *(EXCLUDE_FILE(*crtend?.o *crtend.o) .dtors)
 *(SORT_BY_NAME(.dtors.*))
 *(.dtors)
 *(.metal.dtors .metal.dtors.*)

.rodata         0x0000000020400368      0xce0
 *(.rdata)
 *(.rodata .rodata.*)
 .rodata        0x0000000020400368        0xe C:\Users\jjrh\AppData\Local\Temp\ccUofwPP.o
 *fill*         0x0000000020400376        0x2 
 .rodata        0x0000000020400378       0x4e C:\Users\jjrh\AppData\Local\Temp\ccWC6QHZ.o
 *fill*         0x00000000204003c6        0x2 
 .rodata        0x00000000204003c8       0x18 C:\Users\jjrh\AppData\Local\Temp\cczYWz8J.o
 .rodata.__sf_fake_stderr
                0x00000000204003e0       0x20 c:/freedomstudio-4.18.0/sifive/riscv64-unknown-elf-toolchain-10.2.0-2020.12.8/bin/../lib/gcc/riscv64-unknown-elf/10.2.0/../../../../riscv64-unknown-elf/lib/rv32imac/ilp32\libc_nano.a(lib_a-findfp.o)
                0x00000000204003e0                __sf_fake_stderr
 .rodata.__sf_fake_stdin
                0x0000000020400400       0x20 c:/freedomstudio-4.18.0/sifive/riscv64-unknown-elf-toolchain-10.2.0-2020.12.8/bin/../lib/gcc/riscv64-unknown-elf/10.2.0/../../../../riscv64-unknown-elf/lib/rv32imac/ilp32\libc_nano.a(lib_a-findfp.o)
                0x0000000020400400                __sf_fake_stdin
 .rodata.__sf_fake_stdout
                0x0000000020400420       0x20 c:/freedomstudio-4.18.0/sifive/riscv64-unknown-elf-toolchain-10.2.0-2020.12.8/bin/../lib/gcc/riscv64-unknown-elf/10.2.0/../../../../riscv64-unknown-elf/lib/rv32imac/ilp32\libc_nano.a(lib_a-findfp.o)
                0x0000000020400420                __sf_fake_stdout
 .rodata._vfprintf_r.str1.4
                0x0000000020400440       0x13 c:/freedomstudio-4.18.0/sifive/riscv64-unknown-elf-toolchain-10.2.0-2020.12.8/bin/../lib/gcc/riscv64-unknown-elf/10.2.0/../../../../riscv64-unknown-elf/lib/rv32imac/ilp32\libc_nano.a(lib_a-nano-vfprintf.o)
 *fill*         0x0000000020400453        0x1 
 .rodata._printf_i.str1.4
                0x0000000020400454       0x25 c:/freedomstudio-4.18.0/sifive/riscv64-unknown-elf-toolchain-10.2.0-2020.12.8/bin/../lib/gcc/riscv64-unknown-elf/10.2.0/../../../../riscv64-unknown-elf/lib/rv32imac/ilp32\libc_nano.a(lib_a-nano-vfprintf_i.o)
 *fill*         0x0000000020400479        0x3 
 .rodata._printf_i
                0x000000002040047c       0x58 c:/freedomstudio-4.18.0/sifive/riscv64-unknown-elf-toolchain-10.2.0-2020.12.8/bin/../lib/gcc/riscv64-unknown-elf/10.2.0/../../../../riscv64-unknown-elf/lib/rv32imac/ilp32\libc_nano.a(lib_a-nano-vfprintf_i.o)
 .rodata.libgloss.start
                0x00000000204004d4       0x11 C:/Users/jjrh/Dropbox/Telecom/Tesis/Source/kernel_sifive/kernel_list/bsp/install/lib/debug/\libmetal-gloss.a(crt0.o)
 *fill*         0x00000000204004e5        0x3 
 .rodata.__metal_driver_vtable_riscv_clint0
                0x00000000204004e8       0x64 C:/Users/jjrh/Dropbox/Telecom/Tesis/Source/kernel_sifive/kernel_list/bsp/install/lib/debug/\libmetal.a(riscv_clint0.o)
                0x00000000204004e8                __metal_driver_vtable_riscv_clint0
 .rodata.__metal_local_interrupt_enable
                0x000000002040054c       0x80 C:/Users/jjrh/Dropbox/Telecom/Tesis/Source/kernel_sifive/kernel_list/bsp/install/lib/debug/\libmetal.a(riscv_cpu.o)
 .rodata.__metal_driver_vtable_riscv_cpu_intc
                0x00000000204005cc       0x64 C:/Users/jjrh/Dropbox/Telecom/Tesis/Source/kernel_sifive/kernel_list/bsp/install/lib/debug/\libmetal.a(riscv_cpu.o)
                0x00000000204005cc                __metal_driver_vtable_riscv_cpu_intc
 .rodata.__metal_driver_vtable_cpu
                0x0000000020400630       0x44 C:/Users/jjrh/Dropbox/Telecom/Tesis/Source/kernel_sifive/kernel_list/bsp/install/lib/debug/\libmetal.a(riscv_cpu.o)
                0x0000000020400630                __metal_driver_vtable_cpu
 .rodata.__metal_driver_vtable_riscv_plic0
                0x0000000020400674       0x64 C:/Users/jjrh/Dropbox/Telecom/Tesis/Source/kernel_sifive/kernel_list/bsp/install/lib/debug/\libmetal.a(riscv_plic0.o)
                0x0000000020400674                __metal_driver_vtable_riscv_plic0
 .rodata.pll_configs
                0x00000000204006d8      0x880 C:/Users/jjrh/Dropbox/Telecom/Tesis/Source/kernel_sifive/kernel_list/bsp/install/lib/debug/\libmetal.a(sifive_fe310-g000_pll.o)
 .rodata.__metal_driver_vtable_sifive_fe310_g000_pll
                0x0000000020400f58        0xc C:/Users/jjrh/Dropbox/Telecom/Tesis/Source/kernel_sifive/kernel_list/bsp/install/lib/debug/\libmetal.a(sifive_fe310-g000_pll.o)
                0x0000000020400f58                __metal_driver_vtable_sifive_fe310_g000_pll
 .rodata.__metal_driver_sifive_gpio0_config_int
                0x0000000020400f64       0x20 C:/Users/jjrh/Dropbox/Telecom/Tesis/Source/kernel_sifive/kernel_list/bsp/install/lib/debug/\libmetal.a(sifive_gpio0.o)
 .rodata.__metal_driver_sifive_gpio0_clear_int
                0x0000000020400f84       0x20 C:/Users/jjrh/Dropbox/Telecom/Tesis/Source/kernel_sifive/kernel_list/bsp/install/lib/debug/\libmetal.a(sifive_gpio0.o)
 .rodata.__metal_driver_vtable_sifive_gpio0
                0x0000000020400fa4       0x3c C:/Users/jjrh/Dropbox/Telecom/Tesis/Source/kernel_sifive/kernel_list/bsp/install/lib/debug/\libmetal.a(sifive_gpio0.o)
                0x0000000020400fa4                __metal_driver_vtable_sifive_gpio0
 .rodata.__metal_driver_vtable_sifive_uart0
                0x0000000020400fe0       0x40 C:/Users/jjrh/Dropbox/Telecom/Tesis/Source/kernel_sifive/kernel_list/bsp/install/lib/debug/\libmetal.a(sifive_uart0.o)
                0x0000000020400fe0                __metal_driver_vtable_sifive_uart0
 *(.gnu.linkonce.r.*)
                0x0000000020401020                . = ALIGN (0x8)
 *fill*         0x0000000020401020        0x0 
 *(.srodata.cst16)
 *(.srodata.cst8)
 *(.srodata.cst4)
 *(.srodata.cst2)
 *(.srodata .srodata.*)
 .srodata._global_impure_ptr
                0x0000000020401020        0x4 c:/freedomstudio-4.18.0/sifive/riscv64-unknown-elf-toolchain-10.2.0-2020.12.8/bin/../lib/gcc/riscv64-unknown-elf/10.2.0/../../../../riscv64-unknown-elf/lib/rv32imac/ilp32\libc_nano.a(lib_a-impure.o)
                0x0000000020401020                _global_impure_ptr
 .srodata.__metal_driver_vtable_sifive_fe310_g000_hfrosc
                0x0000000020401024        0x8 C:/Users/jjrh/Dropbox/Telecom/Tesis/Source/kernel_sifive/kernel_list/bsp/install/lib/debug/\libmetal.a(sifive_fe310-g000_hfrosc.o)
                0x0000000020401024                __metal_driver_vtable_sifive_fe310_g000_hfrosc
 .srodata.__metal_driver_vtable_sifive_fe310_g000_hfxosc
                0x000000002040102c        0x8 C:/Users/jjrh/Dropbox/Telecom/Tesis/Source/kernel_sifive/kernel_list/bsp/install/lib/debug/\libmetal.a(sifive_fe310-g000_hfxosc.o)
                0x000000002040102c                __metal_driver_vtable_sifive_fe310_g000_hfxosc
 .srodata.__metal_driver_vtable_sifive_fe310_g000_prci
                0x0000000020401034        0x8 C:/Users/jjrh/Dropbox/Telecom/Tesis/Source/kernel_sifive/kernel_list/bsp/install/lib/debug/\libmetal.a(sifive_fe310-g000_prci.o)
                0x0000000020401034                __metal_driver_vtable_sifive_fe310_g000_prci
 .srodata.__metal_driver_vtable_sifive_test0
                0x000000002040103c        0x4 C:/Users/jjrh/Dropbox/Telecom/Tesis/Source/kernel_sifive/kernel_list/bsp/install/lib/debug/\libmetal.a(sifive_test0.o)
                0x000000002040103c                __metal_driver_vtable_sifive_test0
 .srodata.__metal_driver_vtable_fixed_clock
                0x0000000020401040        0x8 C:/Users/jjrh/Dropbox/Telecom/Tesis/Source/kernel_sifive/kernel_list/bsp/install/lib/debug/\libmetal.a(fixed-clock.o)
                0x0000000020401040                __metal_driver_vtable_fixed_clock

.itim           0x0000000080000000        0x0 load address 0x0000000020401048
 *(.itim .itim.*)
                0x0000000020401048                PROVIDE (metal_segment_itim_source_start = LOADADDR (.itim))
                0x0000000080000000                PROVIDE (metal_segment_itim_target_start = ADDR (.itim))
                0x0000000080000000                PROVIDE (metal_segment_itim_target_end = (ADDR (.itim) + SIZEOF (.itim)))

.lim            0x0000000080000000        0x0 load address 0x0000000020401048
 *(.lim .lim.*)
                0x0000000020401048                PROVIDE (metal_segment_lim_source_start = LOADADDR (.lim))
                0x0000000080000000                PROVIDE (metal_segment_lim_target_start = ADDR (.lim))
                0x0000000080000000                PROVIDE (metal_segment_lim_target_end = (ADDR (.lim) + SIZEOF (.lim)))

.text           0x0000000020401080     0x6a3a
 *(.text.unlikely .text.unlikely.*)
 *(.text.startup .text.startup.*)
 *(.text .text.*)
 .text.r_mie    0x0000000020401080       0x1a C:\Users\jjrh\AppData\Local\Temp\cclT4pOq.o
 .text.w_mie    0x000000002040109a       0x1a C:\Users\jjrh\AppData\Local\Temp\cclT4pOq.o
 .text.w_mtvec  0x00000000204010b4       0x1a C:\Users\jjrh\AppData\Local\Temp\cclT4pOq.o
 .text.intr_on  0x00000000204010ce       0x2e C:\Users\jjrh\AppData\Local\Temp\cclT4pOq.o
 .text.intr_off
                0x00000000204010fc       0x26 C:\Users\jjrh\AppData\Local\Temp\cclT4pOq.o
 .text.task_create
                0x0000000020401122      0x106 C:\Users\jjrh\AppData\Local\Temp\cclT4pOq.o
                0x0000000020401122                task_create
 .text.task_end
                0x0000000020401228       0x22 C:\Users\jjrh\AppData\Local\Temp\cclT4pOq.o
                0x0000000020401228                task_end
 .text.task_wait
                0x000000002040124a       0x50 C:\Users\jjrh\AppData\Local\Temp\cclT4pOq.o
                0x000000002040124a                task_wait
 .text.task_unlock
                0x000000002040129a       0x44 C:\Users\jjrh\AppData\Local\Temp\cclT4pOq.o
                0x000000002040129a                task_unlock
 .text.kernel_launch
                0x00000000204012de       0x24 C:\Users\jjrh\AppData\Local\Temp\cclT4pOq.o
                0x00000000204012de                kernel_launch
 .text.timer_init
                0x0000000020401302       0x4a C:\Users\jjrh\AppData\Local\Temp\cclT4pOq.o
                0x0000000020401302                timer_init
 .text.scheduler_RoundRobin
                0x000000002040134c       0x46 C:\Users\jjrh\AppData\Local\Temp\cclT4pOq.o
                0x000000002040134c                scheduler_RoundRobin
 .text.main     0x0000000020401392       0x2c C:\Users\jjrh\AppData\Local\Temp\ccUofwPP.o
                0x0000000020401392                main
 .text.createList
                0x00000000204013be       0x2e C:\Users\jjrh\AppData\Local\Temp\ccj1dJwm.o
                0x00000000204013be                createList
 .text.createNode
                0x00000000204013ec       0x42 C:\Users\jjrh\AppData\Local\Temp\ccj1dJwm.o
                0x00000000204013ec                createNode
 .text.destroyNode
                0x000000002040142e       0x1e C:\Users\jjrh\AppData\Local\Temp\ccj1dJwm.o
                0x000000002040142e                destroyNode
 .text.addFirst
                0x000000002040144c       0x5a C:\Users\jjrh\AppData\Local\Temp\ccj1dJwm.o
                0x000000002040144c                addFirst
 .text.addLast  0x00000000204014a6       0x8c C:\Users\jjrh\AppData\Local\Temp\ccj1dJwm.o
                0x00000000204014a6                addLast
 .text.get      0x0000000020401532       0x6e C:\Users\jjrh\AppData\Local\Temp\ccj1dJwm.o
                0x0000000020401532                get
 .text.deleteFirst
                0x00000000204015a0       0x3c C:\Users\jjrh\AppData\Local\Temp\ccj1dJwm.o
                0x00000000204015a0                deleteFirst
 .text.deleteElement
                0x00000000204015dc       0x86 C:\Users\jjrh\AppData\Local\Temp\ccj1dJwm.o
                0x00000000204015dc                deleteElement
 .text.find     0x0000000020401662       0x54 C:\Users\jjrh\AppData\Local\Temp\ccj1dJwm.o
                0x0000000020401662                find
 .text.task     0x00000000204016b6       0x5e C:\Users\jjrh\AppData\Local\Temp\ccWC6QHZ.o
                0x00000000204016b6                task
 .text.task1    0x0000000020401714       0x60 C:\Users\jjrh\AppData\Local\Temp\ccWC6QHZ.o
                0x0000000020401714                task1
 .text.task2    0x0000000020401774       0x5e C:\Users\jjrh\AppData\Local\Temp\ccWC6QHZ.o
                0x0000000020401774                task2
 .text.handle_interrupt
                0x00000000204017d2       0x7c C:\Users\jjrh\AppData\Local\Temp\cczYWz8J.o
                0x00000000204017d2                handle_interrupt
 .text.handle_exception
                0x000000002040184e       0xa2 C:\Users\jjrh\AppData\Local\Temp\cczYWz8J.o
                0x000000002040184e                handle_exception
 .text.handle_trap
                0x00000000204018f0       0x42 C:\Users\jjrh\AppData\Local\Temp\cczYWz8J.o
                0x00000000204018f0                handle_trap
 .text.w_mstatus
                0x0000000020401932       0x1a C:\Users\jjrh\AppData\Local\Temp\cccALfqx.o
 .text.r_mie    0x000000002040194c       0x1a C:\Users\jjrh\AppData\Local\Temp\cccALfqx.o
 .text.w_mie    0x0000000020401966       0x1a C:\Users\jjrh\AppData\Local\Temp\cccALfqx.o
 .text.intr_on  0x0000000020401980       0x2e C:\Users\jjrh\AppData\Local\Temp\cccALfqx.o
 .text.intr_off
                0x00000000204019ae       0x26 C:\Users\jjrh\AppData\Local\Temp\cccALfqx.o
 .text.semaphore_init
                0x00000000204019d4       0x38 C:\Users\jjrh\AppData\Local\Temp\cccALfqx.o
                0x00000000204019d4                semaphore_init
 .text.semaphore_wait
                0x0000000020401a0c       0x4a C:\Users\jjrh\AppData\Local\Temp\cccALfqx.o
                0x0000000020401a0c                semaphore_wait
 .text.semaphore_signal
                0x0000000020401a56       0x5c C:\Users\jjrh\AppData\Local\Temp\cccALfqx.o
                0x0000000020401a56                semaphore_signal
 *fill*         0x0000000020401ab2        0x2 
 .text          0x0000000020401ab4       0xda C:\Users\jjrh\AppData\Local\Temp\ccv13K4q.o
                0x0000000020401ab4                osSchedulerLaunch
                0x0000000020401acc                switch_to
                0x0000000020401b76                pc_update
 .text.malloc   0x0000000020401b8e        0xc c:/freedomstudio-4.18.0/sifive/riscv64-unknown-elf-toolchain-10.2.0-2020.12.8/bin/../lib/gcc/riscv64-unknown-elf/10.2.0/../../../../riscv64-unknown-elf/lib/rv32imac/ilp32\libc_nano.a(lib_a-malloc.o)
                0x0000000020401b8e                malloc
 .text.free     0x0000000020401b9a        0xc c:/freedomstudio-4.18.0/sifive/riscv64-unknown-elf-toolchain-10.2.0-2020.12.8/bin/../lib/gcc/riscv64-unknown-elf/10.2.0/../../../../riscv64-unknown-elf/lib/rv32imac/ilp32\libc_nano.a(lib_a-malloc.o)
                0x0000000020401b9a                free
 .text._free_r  0x0000000020401ba6       0xa6 c:/freedomstudio-4.18.0/sifive/riscv64-unknown-elf-toolchain-10.2.0-2020.12.8/bin/../lib/gcc/riscv64-unknown-elf/10.2.0/../../../../riscv64-unknown-elf/lib/rv32imac/ilp32\libc_nano.a(lib_a-nano-freer.o)
                0x0000000020401ba6                _free_r
 .text._malloc_r
                0x0000000020401c4c       0xde c:/freedomstudio-4.18.0/sifive/riscv64-unknown-elf-toolchain-10.2.0-2020.12.8/bin/../lib/gcc/riscv64-unknown-elf/10.2.0/../../../../riscv64-unknown-elf/lib/rv32imac/ilp32\libc_nano.a(lib_a-nano-mallocr.o)
                0x0000000020401c4c                _malloc_r
 .text.printf   0x0000000020401d2a       0x3e c:/freedomstudio-4.18.0/sifive/riscv64-unknown-elf-toolchain-10.2.0-2020.12.8/bin/../lib/gcc/riscv64-unknown-elf/10.2.0/../../../../riscv64-unknown-elf/lib/rv32imac/ilp32\libc_nano.a(lib_a-printf.o)
                0x0000000020401d2a                iprintf
                0x0000000020401d2a                printf
 .text._puts_r  0x0000000020401d68       0xda c:/freedomstudio-4.18.0/sifive/riscv64-unknown-elf-toolchain-10.2.0-2020.12.8/bin/../lib/gcc/riscv64-unknown-elf/10.2.0/../../../../riscv64-unknown-elf/lib/rv32imac/ilp32\libc_nano.a(lib_a-puts.o)
                0x0000000020401d68                _puts_r
 .text.puts     0x0000000020401e42        0xc c:/freedomstudio-4.18.0/sifive/riscv64-unknown-elf-toolchain-10.2.0-2020.12.8/bin/../lib/gcc/riscv64-unknown-elf/10.2.0/../../../../riscv64-unknown-elf/lib/rv32imac/ilp32\libc_nano.a(lib_a-puts.o)
                0x0000000020401e42                puts
 .text._sbrk_r  0x0000000020401e4e       0x30 c:/freedomstudio-4.18.0/sifive/riscv64-unknown-elf-toolchain-10.2.0-2020.12.8/bin/../lib/gcc/riscv64-unknown-elf/10.2.0/../../../../riscv64-unknown-elf/lib/rv32imac/ilp32\libc_nano.a(lib_a-sbrkr.o)
                0x0000000020401e4e                _sbrk_r
 .text.__swbuf_r
                0x0000000020401e7e       0xc0 c:/freedomstudio-4.18.0/sifive/riscv64-unknown-elf-toolchain-10.2.0-2020.12.8/bin/../lib/gcc/riscv64-unknown-elf/10.2.0/../../../../riscv64-unknown-elf/lib/rv32imac/ilp32\libc_nano.a(lib_a-wbuf.o)
                0x0000000020401e7e                __swbuf_r
 .text.__swsetup_r
                0x0000000020401f3e      0x10a c:/freedomstudio-4.18.0/sifive/riscv64-unknown-elf-toolchain-10.2.0-2020.12.8/bin/../lib/gcc/riscv64-unknown-elf/10.2.0/../../../../riscv64-unknown-elf/lib/rv32imac/ilp32\libc_nano.a(lib_a-wsetup.o)
                0x0000000020401f3e                __swsetup_r
 .text.__sflush_r
                0x0000000020402048      0x148 c:/freedomstudio-4.18.0/sifive/riscv64-unknown-elf-toolchain-10.2.0-2020.12.8/bin/../lib/gcc/riscv64-unknown-elf/10.2.0/../../../../riscv64-unknown-elf/lib/rv32imac/ilp32\libc_nano.a(lib_a-fflush.o)
                0x0000000020402048                __sflush_r
 .text._fflush_r
                0x0000000020402190       0x64 c:/freedomstudio-4.18.0/sifive/riscv64-unknown-elf-toolchain-10.2.0-2020.12.8/bin/../lib/gcc/riscv64-unknown-elf/10.2.0/../../../../riscv64-unknown-elf/lib/rv32imac/ilp32\libc_nano.a(lib_a-fflush.o)
                0x0000000020402190                _fflush_r
 .text.std      0x00000000204021f4       0x68 c:/freedomstudio-4.18.0/sifive/riscv64-unknown-elf-toolchain-10.2.0-2020.12.8/bin/../lib/gcc/riscv64-unknown-elf/10.2.0/../../../../riscv64-unknown-elf/lib/rv32imac/ilp32\libc_nano.a(lib_a-findfp.o)
 .text._cleanup_r
                0x000000002040225c        0xa c:/freedomstudio-4.18.0/sifive/riscv64-unknown-elf-toolchain-10.2.0-2020.12.8/bin/../lib/gcc/riscv64-unknown-elf/10.2.0/../../../../riscv64-unknown-elf/lib/rv32imac/ilp32\libc_nano.a(lib_a-findfp.o)
                0x000000002040225c                _cleanup_r
 .text.__sfmoreglue
                0x0000000020402266       0x46 c:/freedomstudio-4.18.0/sifive/riscv64-unknown-elf-toolchain-10.2.0-2020.12.8/bin/../lib/gcc/riscv64-unknown-elf/10.2.0/../../../../riscv64-unknown-elf/lib/rv32imac/ilp32\libc_nano.a(lib_a-findfp.o)
                0x0000000020402266                __sfmoreglue
 .text.__sinit  0x00000000204022ac       0x6a c:/freedomstudio-4.18.0/sifive/riscv64-unknown-elf-toolchain-10.2.0-2020.12.8/bin/../lib/gcc/riscv64-unknown-elf/10.2.0/../../../../riscv64-unknown-elf/lib/rv32imac/ilp32\libc_nano.a(lib_a-findfp.o)
                0x00000000204022ac                __sinit
 .text.__sfp    0x0000000020402316       0x9c c:/freedomstudio-4.18.0/sifive/riscv64-unknown-elf-toolchain-10.2.0-2020.12.8/bin/../lib/gcc/riscv64-unknown-elf/10.2.0/../../../../riscv64-unknown-elf/lib/rv32imac/ilp32\libc_nano.a(lib_a-findfp.o)
                0x0000000020402316                __sfp
 .text._fwalk_reent
                0x00000000204023b2       0x6a c:/freedomstudio-4.18.0/sifive/riscv64-unknown-elf-toolchain-10.2.0-2020.12.8/bin/../lib/gcc/riscv64-unknown-elf/10.2.0/../../../../riscv64-unknown-elf/lib/rv32imac/ilp32\libc_nano.a(lib_a-fwalk.o)
                0x00000000204023b2                _fwalk_reent
 .text.__swhatbuf_r
                0x000000002040241c       0x5a c:/freedomstudio-4.18.0/sifive/riscv64-unknown-elf-toolchain-10.2.0-2020.12.8/bin/../lib/gcc/riscv64-unknown-elf/10.2.0/../../../../riscv64-unknown-elf/lib/rv32imac/ilp32\libc_nano.a(lib_a-makebuf.o)
                0x000000002040241c                __swhatbuf_r
 .text.__smakebuf_r
                0x0000000020402476       0x9e c:/freedomstudio-4.18.0/sifive/riscv64-unknown-elf-toolchain-10.2.0-2020.12.8/bin/../lib/gcc/riscv64-unknown-elf/10.2.0/../../../../riscv64-unknown-elf/lib/rv32imac/ilp32\libc_nano.a(lib_a-makebuf.o)
                0x0000000020402476                __smakebuf_r
 .text          0x0000000020402514       0xa8 c:/freedomstudio-4.18.0/sifive/riscv64-unknown-elf-toolchain-10.2.0-2020.12.8/bin/../lib/gcc/riscv64-unknown-elf/10.2.0/../../../../riscv64-unknown-elf/lib/rv32imac/ilp32\libc_nano.a(lib_a-memset.o)
                0x0000000020402514                memset
 .text.__malloc_lock
                0x00000000204025bc        0x2 c:/freedomstudio-4.18.0/sifive/riscv64-unknown-elf-toolchain-10.2.0-2020.12.8/bin/../lib/gcc/riscv64-unknown-elf/10.2.0/../../../../riscv64-unknown-elf/lib/rv32imac/ilp32\libc_nano.a(lib_a-mlock.o)
                0x00000000204025bc                __malloc_lock
 .text.__malloc_unlock
                0x00000000204025be        0x2 c:/freedomstudio-4.18.0/sifive/riscv64-unknown-elf-toolchain-10.2.0-2020.12.8/bin/../lib/gcc/riscv64-unknown-elf/10.2.0/../../../../riscv64-unknown-elf/lib/rv32imac/ilp32\libc_nano.a(lib_a-mlock.o)
                0x00000000204025be                __malloc_unlock
 .text.__sfputc_r
                0x00000000204025c0       0x2a c:/freedomstudio-4.18.0/sifive/riscv64-unknown-elf-toolchain-10.2.0-2020.12.8/bin/../lib/gcc/riscv64-unknown-elf/10.2.0/../../../../riscv64-unknown-elf/lib/rv32imac/ilp32\libc_nano.a(lib_a-nano-vfprintf.o)
 .text.__sfputs_r
                0x00000000204025ea       0x42 c:/freedomstudio-4.18.0/sifive/riscv64-unknown-elf-toolchain-10.2.0-2020.12.8/bin/../lib/gcc/riscv64-unknown-elf/10.2.0/../../../../riscv64-unknown-elf/lib/rv32imac/ilp32\libc_nano.a(lib_a-nano-vfprintf.o)
                0x00000000204025ea                __sfputs_r
 .text._vfprintf_r
                0x000000002040262c      0x294 c:/freedomstudio-4.18.0/sifive/riscv64-unknown-elf-toolchain-10.2.0-2020.12.8/bin/../lib/gcc/riscv64-unknown-elf/10.2.0/../../../../riscv64-unknown-elf/lib/rv32imac/ilp32\libc_nano.a(lib_a-nano-vfprintf.o)
                0x000000002040262c                _vfprintf_r
                0x000000002040262c                _vfiprintf_r
 .text.__sread  0x00000000204028c0       0x30 c:/freedomstudio-4.18.0/sifive/riscv64-unknown-elf-toolchain-10.2.0-2020.12.8/bin/../lib/gcc/riscv64-unknown-elf/10.2.0/../../../../riscv64-unknown-elf/lib/rv32imac/ilp32\libc_nano.a(lib_a-stdio.o)
                0x00000000204028c0                __sread
 .text.__swrite
                0x00000000204028f0       0x4e c:/freedomstudio-4.18.0/sifive/riscv64-unknown-elf-toolchain-10.2.0-2020.12.8/bin/../lib/gcc/riscv64-unknown-elf/10.2.0/../../../../riscv64-unknown-elf/lib/rv32imac/ilp32\libc_nano.a(lib_a-stdio.o)
                0x00000000204028f0                __swrite
 .text.__sseek  0x000000002040293e       0x36 c:/freedomstudio-4.18.0/sifive/riscv64-unknown-elf-toolchain-10.2.0-2020.12.8/bin/../lib/gcc/riscv64-unknown-elf/10.2.0/../../../../riscv64-unknown-elf/lib/rv32imac/ilp32\libc_nano.a(lib_a-stdio.o)
                0x000000002040293e                __sseek
 .text.__sclose
                0x0000000020402974        0x6 c:/freedomstudio-4.18.0/sifive/riscv64-unknown-elf-toolchain-10.2.0-2020.12.8/bin/../lib/gcc/riscv64-unknown-elf/10.2.0/../../../../riscv64-unknown-elf/lib/rv32imac/ilp32\libc_nano.a(lib_a-stdio.o)
                0x0000000020402974                __sclose
 .text._write_r
                0x000000002040297a       0x32 c:/freedomstudio-4.18.0/sifive/riscv64-unknown-elf-toolchain-10.2.0-2020.12.8/bin/../lib/gcc/riscv64-unknown-elf/10.2.0/../../../../riscv64-unknown-elf/lib/rv32imac/ilp32\libc_nano.a(lib_a-writer.o)
                0x000000002040297a                _write_r
 .text._close_r
                0x00000000204029ac       0x2e c:/freedomstudio-4.18.0/sifive/riscv64-unknown-elf-toolchain-10.2.0-2020.12.8/bin/../lib/gcc/riscv64-unknown-elf/10.2.0/../../../../riscv64-unknown-elf/lib/rv32imac/ilp32\libc_nano.a(lib_a-closer.o)
                0x00000000204029ac                _close_r
 .text._fstat_r
                0x00000000204029da       0x30 c:/freedomstudio-4.18.0/sifive/riscv64-unknown-elf-toolchain-10.2.0-2020.12.8/bin/../lib/gcc/riscv64-unknown-elf/10.2.0/../../../../riscv64-unknown-elf/lib/rv32imac/ilp32\libc_nano.a(lib_a-fstatr.o)
                0x00000000204029da                _fstat_r
 .text._isatty_r
                0x0000000020402a0a       0x2e c:/freedomstudio-4.18.0/sifive/riscv64-unknown-elf-toolchain-10.2.0-2020.12.8/bin/../lib/gcc/riscv64-unknown-elf/10.2.0/../../../../riscv64-unknown-elf/lib/rv32imac/ilp32\libc_nano.a(lib_a-isattyr.o)
                0x0000000020402a0a                _isatty_r
 .text._lseek_r
                0x0000000020402a38       0x32 c:/freedomstudio-4.18.0/sifive/riscv64-unknown-elf-toolchain-10.2.0-2020.12.8/bin/../lib/gcc/riscv64-unknown-elf/10.2.0/../../../../riscv64-unknown-elf/lib/rv32imac/ilp32\libc_nano.a(lib_a-lseekr.o)
                0x0000000020402a38                _lseek_r
 .text.memchr   0x0000000020402a6a       0x1a c:/freedomstudio-4.18.0/sifive/riscv64-unknown-elf-toolchain-10.2.0-2020.12.8/bin/../lib/gcc/riscv64-unknown-elf/10.2.0/../../../../riscv64-unknown-elf/lib/rv32imac/ilp32\libc_nano.a(lib_a-memchr.o)
                0x0000000020402a6a                memchr
 .text._printf_common
                0x0000000020402a84      0x10c c:/freedomstudio-4.18.0/sifive/riscv64-unknown-elf-toolchain-10.2.0-2020.12.8/bin/../lib/gcc/riscv64-unknown-elf/10.2.0/../../../../riscv64-unknown-elf/lib/rv32imac/ilp32\libc_nano.a(lib_a-nano-vfprintf_i.o)
                0x0000000020402a84                _printf_common
 .text._printf_i
                0x0000000020402b90      0x270 c:/freedomstudio-4.18.0/sifive/riscv64-unknown-elf-toolchain-10.2.0-2020.12.8/bin/../lib/gcc/riscv64-unknown-elf/10.2.0/../../../../riscv64-unknown-elf/lib/rv32imac/ilp32\libc_nano.a(lib_a-nano-vfprintf_i.o)
                0x0000000020402b90                _printf_i
 .text._read_r  0x0000000020402e00       0x32 c:/freedomstudio-4.18.0/sifive/riscv64-unknown-elf-toolchain-10.2.0-2020.12.8/bin/../lib/gcc/riscv64-unknown-elf/10.2.0/../../../../riscv64-unknown-elf/lib/rv32imac/ilp32\libc_nano.a(lib_a-readr.o)
                0x0000000020402e00                _read_r
 .text._close   0x0000000020402e32       0x22 C:/Users/jjrh/Dropbox/Telecom/Tesis/Source/kernel_sifive/kernel_list/bsp/install/lib/debug/\libmetal-gloss.a(sys_close.o)
                0x0000000020402e32                _close
 .text._fstat   0x0000000020402e54       0x26 C:/Users/jjrh/Dropbox/Telecom/Tesis/Source/kernel_sifive/kernel_list/bsp/install/lib/debug/\libmetal-gloss.a(sys_fstat.o)
                0x0000000020402e54                _fstat
 .text._isatty  0x0000000020402e7a       0x20 C:/Users/jjrh/Dropbox/Telecom/Tesis/Source/kernel_sifive/kernel_list/bsp/install/lib/debug/\libmetal-gloss.a(sys_isatty.o)
                0x0000000020402e7a                _isatty
 .text._lseek   0x0000000020402e9a       0x2a C:/Users/jjrh/Dropbox/Telecom/Tesis/Source/kernel_sifive/kernel_list/bsp/install/lib/debug/\libmetal-gloss.a(sys_lseek.o)
                0x0000000020402e9a                _lseek
 .text._read    0x0000000020402ec4       0x2a C:/Users/jjrh/Dropbox/Telecom/Tesis/Source/kernel_sifive/kernel_list/bsp/install/lib/debug/\libmetal-gloss.a(sys_read.o)
                0x0000000020402ec4                _read
 .text._sbrk    0x0000000020402eee       0x8e C:/Users/jjrh/Dropbox/Telecom/Tesis/Source/kernel_sifive/kernel_list/bsp/install/lib/debug/\libmetal-gloss.a(sys_sbrk.o)
                0x0000000020402eee                _sbrk
 .text._write   0x0000000020402f7c       0x6e C:/Users/jjrh/Dropbox/Telecom/Tesis/Source/kernel_sifive/kernel_list/bsp/install/lib/debug/\libmetal-gloss.a(sys_write.o)
                0x0000000020402f7c                _write
                0x0000000020402f7c                write
 .text.atexit   0x0000000020402fea        0xa c:/freedomstudio-4.18.0/sifive/riscv64-unknown-elf-toolchain-10.2.0-2020.12.8/bin/../lib/gcc/riscv64-unknown-elf/10.2.0/../../../../riscv64-unknown-elf/lib/rv32imac/ilp32\libc_nano.a(lib_a-atexit.o)
                0x0000000020402fea                atexit
 .text.__errno  0x0000000020402ff4        0xa c:/freedomstudio-4.18.0/sifive/riscv64-unknown-elf-toolchain-10.2.0-2020.12.8/bin/../lib/gcc/riscv64-unknown-elf/10.2.0/../../../../riscv64-unknown-elf/lib/rv32imac/ilp32\libc_nano.a(lib_a-errno.o)
                0x0000000020402ff4                __errno
 .text.exit     0x0000000020402ffe       0x2a c:/freedomstudio-4.18.0/sifive/riscv64-unknown-elf-toolchain-10.2.0-2020.12.8/bin/../lib/gcc/riscv64-unknown-elf/10.2.0/../../../../riscv64-unknown-elf/lib/rv32imac/ilp32\libc_nano.a(lib_a-exit.o)
                0x0000000020402ffe                exit
 .text.__libc_fini_array
                0x0000000020403028       0x36 c:/freedomstudio-4.18.0/sifive/riscv64-unknown-elf-toolchain-10.2.0-2020.12.8/bin/../lib/gcc/riscv64-unknown-elf/10.2.0/../../../../riscv64-unknown-elf/lib/rv32imac/ilp32\libc_nano.a(lib_a-fini.o)
                0x0000000020403028                __libc_fini_array
 .text.__libc_init_array
                0x000000002040305e       0x5e c:/freedomstudio-4.18.0/sifive/riscv64-unknown-elf-toolchain-10.2.0-2020.12.8/bin/../lib/gcc/riscv64-unknown-elf/10.2.0/../../../../riscv64-unknown-elf/lib/rv32imac/ilp32\libc_nano.a(lib_a-init.o)
                0x000000002040305e                __libc_init_array
 .text.__register_exitproc
                0x00000000204030bc       0x7c c:/freedomstudio-4.18.0/sifive/riscv64-unknown-elf-toolchain-10.2.0-2020.12.8/bin/../lib/gcc/riscv64-unknown-elf/10.2.0/../../../../riscv64-unknown-elf/lib/rv32imac/ilp32\libc_nano.a(lib_a-__atexit.o)
                0x00000000204030bc                __register_exitproc
 .text.__call_exitprocs
                0x0000000020403138       0xc8 c:/freedomstudio-4.18.0/sifive/riscv64-unknown-elf-toolchain-10.2.0-2020.12.8/bin/../lib/gcc/riscv64-unknown-elf/10.2.0/../../../../riscv64-unknown-elf/lib/rv32imac/ilp32\libc_nano.a(lib_a-__call_atexit.o)
                0x0000000020403138                __call_exitprocs
 .text.metal_cpu_interrupt_controller
                0x0000000020403200       0x26 C:/Users/jjrh/Dropbox/Telecom/Tesis/Source/kernel_sifive/kernel_list/bsp/install/lib/debug/\libmetal.a(cpu.o)
                0x0000000020403200                metal_cpu_interrupt_controller
 .text.metal_cpu_get
                0x0000000020403226       0x2e C:/Users/jjrh/Dropbox/Telecom/Tesis/Source/kernel_sifive/kernel_list/bsp/install/lib/debug/\libmetal.a(cpu.o)
                0x0000000020403226                metal_cpu_get
 .text.metal_cpu_get_current_hartid
                0x0000000020403254       0x1a C:/Users/jjrh/Dropbox/Telecom/Tesis/Source/kernel_sifive/kernel_list/bsp/install/lib/debug/\libmetal.a(cpu.o)
                0x0000000020403254                metal_cpu_get_current_hartid
 .text.metal_init
                0x000000002040326e       0x78 C:/Users/jjrh/Dropbox/Telecom/Tesis/Source/kernel_sifive/kernel_list/bsp/install/lib/debug/\libmetal.a(init.o)
                0x000000002040326e                metal_init
 .text.metal_fini
                0x00000000204032e6       0x78 C:/Users/jjrh/Dropbox/Telecom/Tesis/Source/kernel_sifive/kernel_list/bsp/install/lib/debug/\libmetal.a(init.o)
                0x00000000204032e6                metal_fini
 .text.metal_init_run
                0x000000002040335e       0x14 C:/Users/jjrh/Dropbox/Telecom/Tesis/Source/kernel_sifive/kernel_list/bsp/install/lib/debug/\libmetal.a(init.o)
                0x000000002040335e                metal_init_run
 .text.metal_fini_run
                0x0000000020403372       0x14 C:/Users/jjrh/Dropbox/Telecom/Tesis/Source/kernel_sifive/kernel_list/bsp/install/lib/debug/\libmetal.a(init.o)
                0x0000000020403372                metal_fini_run
 .text.metal_tty_putc
                0x0000000020403386       0x26 C:/Users/jjrh/Dropbox/Telecom/Tesis/Source/kernel_sifive/kernel_list/bsp/install/lib/debug/\libmetal.a(tty.o)
                0x0000000020403386                metal_tty_putc
 .text.metal_uart_init
                0x00000000204033ac       0x2c C:/Users/jjrh/Dropbox/Telecom/Tesis/Source/kernel_sifive/kernel_list/bsp/install/lib/debug/\libmetal.a(uart.o)
                0x00000000204033ac                metal_uart_init
 .text.metal_uart_putc
                0x00000000204033d8       0x2e C:/Users/jjrh/Dropbox/Telecom/Tesis/Source/kernel_sifive/kernel_list/bsp/install/lib/debug/\libmetal.a(uart.o)
                0x00000000204033d8                metal_uart_putc
 .text.metal_uart_set_baud_rate
                0x0000000020403406       0x2e C:/Users/jjrh/Dropbox/Telecom/Tesis/Source/kernel_sifive/kernel_list/bsp/install/lib/debug/\libmetal.a(uart.o)
                0x0000000020403406                metal_uart_set_baud_rate
 .text.__metal_driver_sifive_clint0_control_base
                0x0000000020403434       0x2a C:/Users/jjrh/Dropbox/Telecom/Tesis/Source/kernel_sifive/kernel_list/bsp/install/lib/debug/\libmetal.a(riscv_clint0.o)
 .text.__metal_driver_sifive_clint0_num_interrupts
                0x000000002040345e       0x28 C:/Users/jjrh/Dropbox/Telecom/Tesis/Source/kernel_sifive/kernel_list/bsp/install/lib/debug/\libmetal.a(riscv_clint0.o)
 .text.__metal_driver_sifive_clint0_interrupt_parents
                0x0000000020403486       0x3c C:/Users/jjrh/Dropbox/Telecom/Tesis/Source/kernel_sifive/kernel_list/bsp/install/lib/debug/\libmetal.a(riscv_clint0.o)
 .text.__metal_driver_sifive_clint0_interrupt_lines
                0x00000000204034c2       0x30 C:/Users/jjrh/Dropbox/Telecom/Tesis/Source/kernel_sifive/kernel_list/bsp/install/lib/debug/\libmetal.a(riscv_clint0.o)
 .text.__metal_clint0_mtime_get
                0x00000000204034f2       0x9a C:/Users/jjrh/Dropbox/Telecom/Tesis/Source/kernel_sifive/kernel_list/bsp/install/lib/debug/\libmetal.a(riscv_clint0.o)
                0x00000000204034f2                __metal_clint0_mtime_get
 .text.__metal_driver_riscv_clint0_mtimecmp_set
                0x000000002040358c       0x96 C:/Users/jjrh/Dropbox/Telecom/Tesis/Source/kernel_sifive/kernel_list/bsp/install/lib/debug/\libmetal.a(riscv_clint0.o)
                0x000000002040358c                __metal_driver_riscv_clint0_mtimecmp_set
 .text._get_cpu_intc
                0x0000000020403622       0x36 C:/Users/jjrh/Dropbox/Telecom/Tesis/Source/kernel_sifive/kernel_list/bsp/install/lib/debug/\libmetal.a(riscv_clint0.o)
 .text.__metal_driver_riscv_clint0_init
                0x0000000020403658       0x88 C:/Users/jjrh/Dropbox/Telecom/Tesis/Source/kernel_sifive/kernel_list/bsp/install/lib/debug/\libmetal.a(riscv_clint0.o)
                0x0000000020403658                __metal_driver_riscv_clint0_init
 .text.__metal_driver_riscv_clint0_register
                0x00000000204036e0       0xda C:/Users/jjrh/Dropbox/Telecom/Tesis/Source/kernel_sifive/kernel_list/bsp/install/lib/debug/\libmetal.a(riscv_clint0.o)
                0x00000000204036e0                __metal_driver_riscv_clint0_register
 .text.__metal_driver_riscv_clint0_vector_register
                0x00000000204037ba       0x28 C:/Users/jjrh/Dropbox/Telecom/Tesis/Source/kernel_sifive/kernel_list/bsp/install/lib/debug/\libmetal.a(riscv_clint0.o)
                0x00000000204037ba                __metal_driver_riscv_clint0_vector_register
 .text.__metal_driver_riscv_clint0_get_vector_mode
                0x00000000204037e2       0x1c C:/Users/jjrh/Dropbox/Telecom/Tesis/Source/kernel_sifive/kernel_list/bsp/install/lib/debug/\libmetal.a(riscv_clint0.o)
                0x00000000204037e2                __metal_driver_riscv_clint0_get_vector_mode
 .text.__metal_driver_riscv_clint0_set_vector_mode
                0x00000000204037fe       0x58 C:/Users/jjrh/Dropbox/Telecom/Tesis/Source/kernel_sifive/kernel_list/bsp/install/lib/debug/\libmetal.a(riscv_clint0.o)
                0x00000000204037fe                __metal_driver_riscv_clint0_set_vector_mode
 .text.__metal_driver_riscv_clint0_enable
                0x0000000020403856       0xb8 C:/Users/jjrh/Dropbox/Telecom/Tesis/Source/kernel_sifive/kernel_list/bsp/install/lib/debug/\libmetal.a(riscv_clint0.o)
                0x0000000020403856                __metal_driver_riscv_clint0_enable
 .text.__metal_driver_riscv_clint0_disable
                0x000000002040390e       0xb8 C:/Users/jjrh/Dropbox/Telecom/Tesis/Source/kernel_sifive/kernel_list/bsp/install/lib/debug/\libmetal.a(riscv_clint0.o)
                0x000000002040390e                __metal_driver_riscv_clint0_disable
 .text.__metal_driver_riscv_clint0_command_request
                0x00000000204039c6      0x140 C:/Users/jjrh/Dropbox/Telecom/Tesis/Source/kernel_sifive/kernel_list/bsp/install/lib/debug/\libmetal.a(riscv_clint0.o)
                0x00000000204039c6                __metal_driver_riscv_clint0_command_request
 .text.__metal_driver_riscv_clint0_clear_interrupt
                0x0000000020403b06       0x34 C:/Users/jjrh/Dropbox/Telecom/Tesis/Source/kernel_sifive/kernel_list/bsp/install/lib/debug/\libmetal.a(riscv_clint0.o)
                0x0000000020403b06                __metal_driver_riscv_clint0_clear_interrupt
 .text.__metal_driver_riscv_clint0_set_interrupt
                0x0000000020403b3a       0x34 C:/Users/jjrh/Dropbox/Telecom/Tesis/Source/kernel_sifive/kernel_list/bsp/install/lib/debug/\libmetal.a(riscv_clint0.o)
                0x0000000020403b3a                __metal_driver_riscv_clint0_set_interrupt
 .text.__metal_driver_cpu_hartid
                0x0000000020403b6e       0x24 C:/Users/jjrh/Dropbox/Telecom/Tesis/Source/kernel_sifive/kernel_list/bsp/install/lib/debug/\libmetal.a(riscv_cpu.o)
 .text.__metal_driver_cpu_timebase
                0x0000000020403b92       0x2a C:/Users/jjrh/Dropbox/Telecom/Tesis/Source/kernel_sifive/kernel_list/bsp/install/lib/debug/\libmetal.a(riscv_cpu.o)
 .text.__metal_driver_cpu_interrupt_controller
                0x0000000020403bbc       0x2a C:/Users/jjrh/Dropbox/Telecom/Tesis/Source/kernel_sifive/kernel_list/bsp/install/lib/debug/\libmetal.a(riscv_cpu.o)
 .text.__metal_driver_cpu_buserror
                0x0000000020403be6       0x24 C:/Users/jjrh/Dropbox/Telecom/Tesis/Source/kernel_sifive/kernel_list/bsp/install/lib/debug/\libmetal.a(riscv_cpu.o)
 .text.__metal_driver_cpu_get
                0x0000000020403c0a       0x30 C:/Users/jjrh/Dropbox/Telecom/Tesis/Source/kernel_sifive/kernel_list/bsp/install/lib/debug/\libmetal.a(riscv_cpu.o)
                0x0000000020403c0a                __metal_driver_cpu_get
 .text.__metal_myhart_id
                0x0000000020403c3a       0x1a C:/Users/jjrh/Dropbox/Telecom/Tesis/Source/kernel_sifive/kernel_list/bsp/install/lib/debug/\libmetal.a(riscv_cpu.o)
                0x0000000020403c3a                __metal_myhart_id
 .text.__metal_interrupt_global_enable
                0x0000000020403c54       0x18 C:/Users/jjrh/Dropbox/Telecom/Tesis/Source/kernel_sifive/kernel_list/bsp/install/lib/debug/\libmetal.a(riscv_cpu.o)
                0x0000000020403c54                __metal_interrupt_global_enable
 .text.__metal_interrupt_global_disable
                0x0000000020403c6c       0x18 C:/Users/jjrh/Dropbox/Telecom/Tesis/Source/kernel_sifive/kernel_list/bsp/install/lib/debug/\libmetal.a(riscv_cpu.o)
                0x0000000020403c6c                __metal_interrupt_global_disable
 .text.__metal_interrupt_software_enable
                0x0000000020403c84       0x18 C:/Users/jjrh/Dropbox/Telecom/Tesis/Source/kernel_sifive/kernel_list/bsp/install/lib/debug/\libmetal.a(riscv_cpu.o)
                0x0000000020403c84                __metal_interrupt_software_enable
 .text.__metal_interrupt_software_disable
                0x0000000020403c9c       0x18 C:/Users/jjrh/Dropbox/Telecom/Tesis/Source/kernel_sifive/kernel_list/bsp/install/lib/debug/\libmetal.a(riscv_cpu.o)
                0x0000000020403c9c                __metal_interrupt_software_disable
 .text.__metal_interrupt_timer_enable
                0x0000000020403cb4       0x1a C:/Users/jjrh/Dropbox/Telecom/Tesis/Source/kernel_sifive/kernel_list/bsp/install/lib/debug/\libmetal.a(riscv_cpu.o)
                0x0000000020403cb4                __metal_interrupt_timer_enable
 .text.__metal_interrupt_timer_disable
                0x0000000020403cce       0x1a C:/Users/jjrh/Dropbox/Telecom/Tesis/Source/kernel_sifive/kernel_list/bsp/install/lib/debug/\libmetal.a(riscv_cpu.o)
                0x0000000020403cce                __metal_interrupt_timer_disable
 .text.__metal_interrupt_external_enable
                0x0000000020403ce8       0x1c C:/Users/jjrh/Dropbox/Telecom/Tesis/Source/kernel_sifive/kernel_list/bsp/install/lib/debug/\libmetal.a(riscv_cpu.o)
                0x0000000020403ce8                __metal_interrupt_external_enable
 .text.__metal_interrupt_external_disable
                0x0000000020403d04       0x1c C:/Users/jjrh/Dropbox/Telecom/Tesis/Source/kernel_sifive/kernel_list/bsp/install/lib/debug/\libmetal.a(riscv_cpu.o)
                0x0000000020403d04                __metal_interrupt_external_disable
 .text.__metal_interrupt_local_enable
                0x0000000020403d20       0x2c C:/Users/jjrh/Dropbox/Telecom/Tesis/Source/kernel_sifive/kernel_list/bsp/install/lib/debug/\libmetal.a(riscv_cpu.o)
                0x0000000020403d20                __metal_interrupt_local_enable
 .text.__metal_interrupt_local_disable
                0x0000000020403d4c       0x2c C:/Users/jjrh/Dropbox/Telecom/Tesis/Source/kernel_sifive/kernel_list/bsp/install/lib/debug/\libmetal.a(riscv_cpu.o)
                0x0000000020403d4c                __metal_interrupt_local_disable
 .text.__metal_default_exception_handler
                0x0000000020403d78       0x18 C:/Users/jjrh/Dropbox/Telecom/Tesis/Source/kernel_sifive/kernel_list/bsp/install/lib/debug/\libmetal.a(riscv_cpu.o)
                0x0000000020403d78                __metal_default_exception_handler
 .text.__metal_default_interrupt_handler
                0x0000000020403d90       0x18 C:/Users/jjrh/Dropbox/Telecom/Tesis/Source/kernel_sifive/kernel_list/bsp/install/lib/debug/\libmetal.a(riscv_cpu.o)
                0x0000000020403d90                __metal_default_interrupt_handler
 .text.metal_interrupt_vector_handler
                0x0000000020403da8       0x2e C:/Users/jjrh/Dropbox/Telecom/Tesis/Source/kernel_sifive/kernel_list/bsp/install/lib/debug/\libmetal.a(riscv_cpu.o)
                0x0000000020403da8                metal_interrupt_vector_handler
 .text.metal_software_interrupt_vector_handler
                0x0000000020403dd6       0x92 C:/Users/jjrh/Dropbox/Telecom/Tesis/Source/kernel_sifive/kernel_list/bsp/install/lib/debug/\libmetal.a(riscv_cpu.o)
                0x0000000020403dd6                metal_software_interrupt_vector_handler
 .text.__metal_default_sw_handler
                0x0000000020403e68       0x68 C:/Users/jjrh/Dropbox/Telecom/Tesis/Source/kernel_sifive/kernel_list/bsp/install/lib/debug/\libmetal.a(riscv_cpu.o)
                0x0000000020403e68                __metal_default_sw_handler
 .text.metal_timer_interrupt_vector_handler
                0x0000000020403ed0       0x94 C:/Users/jjrh/Dropbox/Telecom/Tesis/Source/kernel_sifive/kernel_list/bsp/install/lib/debug/\libmetal.a(riscv_cpu.o)
                0x0000000020403ed0                metal_timer_interrupt_vector_handler
 .text.__metal_default_beu_handler
                0x0000000020403f64       0x16 C:/Users/jjrh/Dropbox/Telecom/Tesis/Source/kernel_sifive/kernel_list/bsp/install/lib/debug/\libmetal.a(riscv_cpu.o)
                0x0000000020403f64                __metal_default_beu_handler
 .text.__metal_default_timer_handler
                0x0000000020403f7a       0x6a C:/Users/jjrh/Dropbox/Telecom/Tesis/Source/kernel_sifive/kernel_list/bsp/install/lib/debug/\libmetal.a(riscv_cpu.o)
                0x0000000020403f7a                __metal_default_timer_handler
 *fill*         0x0000000020403fe4       0x1c 
 .text.__metal_exception_handler
                0x0000000020404000      0x1fa C:/Users/jjrh/Dropbox/Telecom/Tesis/Source/kernel_sifive/kernel_list/bsp/install/lib/debug/\libmetal.a(riscv_cpu.o)
                0x0000000020404000                __metal_exception_handler
 .text.metal_lc0_interrupt_vector_handler
                0x00000000204041fa       0x96 C:/Users/jjrh/Dropbox/Telecom/Tesis/Source/kernel_sifive/kernel_list/bsp/install/lib/debug/\libmetal.a(riscv_cpu.o)
                0x00000000204041fa                metal_lc0_interrupt_vector_handler
 .text.metal_lc1_interrupt_vector_handler
                0x0000000020404290       0x96 C:/Users/jjrh/Dropbox/Telecom/Tesis/Source/kernel_sifive/kernel_list/bsp/install/lib/debug/\libmetal.a(riscv_cpu.o)
                0x0000000020404290                metal_lc1_interrupt_vector_handler
 .text.metal_lc2_interrupt_vector_handler
                0x0000000020404326       0x96 C:/Users/jjrh/Dropbox/Telecom/Tesis/Source/kernel_sifive/kernel_list/bsp/install/lib/debug/\libmetal.a(riscv_cpu.o)
                0x0000000020404326                metal_lc2_interrupt_vector_handler
 .text.metal_lc3_interrupt_vector_handler
                0x00000000204043bc       0x96 C:/Users/jjrh/Dropbox/Telecom/Tesis/Source/kernel_sifive/kernel_list/bsp/install/lib/debug/\libmetal.a(riscv_cpu.o)
                0x00000000204043bc                metal_lc3_interrupt_vector_handler
 .text.metal_lc4_interrupt_vector_handler
                0x0000000020404452       0x96 C:/Users/jjrh/Dropbox/Telecom/Tesis/Source/kernel_sifive/kernel_list/bsp/install/lib/debug/\libmetal.a(riscv_cpu.o)
                0x0000000020404452                metal_lc4_interrupt_vector_handler
 .text.metal_lc5_interrupt_vector_handler
                0x00000000204044e8       0x96 C:/Users/jjrh/Dropbox/Telecom/Tesis/Source/kernel_sifive/kernel_list/bsp/install/lib/debug/\libmetal.a(riscv_cpu.o)
                0x00000000204044e8                metal_lc5_interrupt_vector_handler
 .text.metal_lc6_interrupt_vector_handler
                0x000000002040457e       0x96 C:/Users/jjrh/Dropbox/Telecom/Tesis/Source/kernel_sifive/kernel_list/bsp/install/lib/debug/\libmetal.a(riscv_cpu.o)
                0x000000002040457e                metal_lc6_interrupt_vector_handler
 .text.metal_lc7_interrupt_vector_handler
                0x0000000020404614       0x96 C:/Users/jjrh/Dropbox/Telecom/Tesis/Source/kernel_sifive/kernel_list/bsp/install/lib/debug/\libmetal.a(riscv_cpu.o)
                0x0000000020404614                metal_lc7_interrupt_vector_handler
 .text.metal_lc8_interrupt_vector_handler
                0x00000000204046aa       0x96 C:/Users/jjrh/Dropbox/Telecom/Tesis/Source/kernel_sifive/kernel_list/bsp/install/lib/debug/\libmetal.a(riscv_cpu.o)
                0x00000000204046aa                metal_lc8_interrupt_vector_handler
 .text.metal_lc9_interrupt_vector_handler
                0x0000000020404740       0x96 C:/Users/jjrh/Dropbox/Telecom/Tesis/Source/kernel_sifive/kernel_list/bsp/install/lib/debug/\libmetal.a(riscv_cpu.o)
                0x0000000020404740                metal_lc9_interrupt_vector_handler
 .text.metal_lc10_interrupt_vector_handler
                0x00000000204047d6       0x96 C:/Users/jjrh/Dropbox/Telecom/Tesis/Source/kernel_sifive/kernel_list/bsp/install/lib/debug/\libmetal.a(riscv_cpu.o)
                0x00000000204047d6                metal_lc10_interrupt_vector_handler
 .text.metal_lc11_interrupt_vector_handler
                0x000000002040486c       0x96 C:/Users/jjrh/Dropbox/Telecom/Tesis/Source/kernel_sifive/kernel_list/bsp/install/lib/debug/\libmetal.a(riscv_cpu.o)
                0x000000002040486c                metal_lc11_interrupt_vector_handler
 .text.metal_lc12_interrupt_vector_handler
                0x0000000020404902       0x96 C:/Users/jjrh/Dropbox/Telecom/Tesis/Source/kernel_sifive/kernel_list/bsp/install/lib/debug/\libmetal.a(riscv_cpu.o)
                0x0000000020404902                metal_lc12_interrupt_vector_handler
 .text.metal_lc13_interrupt_vector_handler
                0x0000000020404998       0x96 C:/Users/jjrh/Dropbox/Telecom/Tesis/Source/kernel_sifive/kernel_list/bsp/install/lib/debug/\libmetal.a(riscv_cpu.o)
                0x0000000020404998                metal_lc13_interrupt_vector_handler
 .text.metal_lc14_interrupt_vector_handler
                0x0000000020404a2e       0x96 C:/Users/jjrh/Dropbox/Telecom/Tesis/Source/kernel_sifive/kernel_list/bsp/install/lib/debug/\libmetal.a(riscv_cpu.o)
                0x0000000020404a2e                metal_lc14_interrupt_vector_handler
 .text.metal_lc15_interrupt_vector_handler
                0x0000000020404ac4       0x96 C:/Users/jjrh/Dropbox/Telecom/Tesis/Source/kernel_sifive/kernel_list/bsp/install/lib/debug/\libmetal.a(riscv_cpu.o)
                0x0000000020404ac4                metal_lc15_interrupt_vector_handler
 .text.__metal_controller_interrupt_vector_mode
                0x0000000020404b5a       0x58 C:/Users/jjrh/Dropbox/Telecom/Tesis/Source/kernel_sifive/kernel_list/bsp/install/lib/debug/\libmetal.a(riscv_cpu.o)
                0x0000000020404b5a                __metal_controller_interrupt_vector_mode
 .text.__metal_controller_interrupt_vector
                0x0000000020404bb2       0xb2 C:/Users/jjrh/Dropbox/Telecom/Tesis/Source/kernel_sifive/kernel_list/bsp/install/lib/debug/\libmetal.a(riscv_cpu.o)
                0x0000000020404bb2                __metal_controller_interrupt_vector
 .text.__metal_valid_interrupt_id
                0x0000000020404c64       0x58 C:/Users/jjrh/Dropbox/Telecom/Tesis/Source/kernel_sifive/kernel_list/bsp/install/lib/debug/\libmetal.a(riscv_cpu.o)
                0x0000000020404c64                __metal_valid_interrupt_id
 .text.__metal_local_interrupt_enable
                0x0000000020404cbc       0xbc C:/Users/jjrh/Dropbox/Telecom/Tesis/Source/kernel_sifive/kernel_list/bsp/install/lib/debug/\libmetal.a(riscv_cpu.o)
                0x0000000020404cbc                __metal_local_interrupt_enable
 .text.__metal_exception_register
                0x0000000020404d78       0x4e C:/Users/jjrh/Dropbox/Telecom/Tesis/Source/kernel_sifive/kernel_list/bsp/install/lib/debug/\libmetal.a(riscv_cpu.o)
                0x0000000020404d78                __metal_exception_register
 .text.__metal_driver_riscv_cpu_controller_interrupt_init
                0x0000000020404dc6       0xe4 C:/Users/jjrh/Dropbox/Telecom/Tesis/Source/kernel_sifive/kernel_list/bsp/install/lib/debug/\libmetal.a(riscv_cpu.o)
                0x0000000020404dc6                __metal_driver_riscv_cpu_controller_interrupt_init
 .text.__metal_driver_riscv_cpu_controller_interrupt_register
                0x0000000020404eaa      0x1e4 C:/Users/jjrh/Dropbox/Telecom/Tesis/Source/kernel_sifive/kernel_list/bsp/install/lib/debug/\libmetal.a(riscv_cpu.o)
                0x0000000020404eaa                __metal_driver_riscv_cpu_controller_interrupt_register
 .text.__metal_driver_riscv_cpu_controller_interrupt_enable
                0x000000002040508e       0x2c C:/Users/jjrh/Dropbox/Telecom/Tesis/Source/kernel_sifive/kernel_list/bsp/install/lib/debug/\libmetal.a(riscv_cpu.o)
                0x000000002040508e                __metal_driver_riscv_cpu_controller_interrupt_enable
 .text.__metal_driver_riscv_cpu_controller_interrupt_disable
                0x00000000204050ba       0x2c C:/Users/jjrh/Dropbox/Telecom/Tesis/Source/kernel_sifive/kernel_list/bsp/install/lib/debug/\libmetal.a(riscv_cpu.o)
                0x00000000204050ba                __metal_driver_riscv_cpu_controller_interrupt_disable
 .text.__metal_driver_riscv_cpu_controller_get_vector_mode
                0x00000000204050e6       0x1c C:/Users/jjrh/Dropbox/Telecom/Tesis/Source/kernel_sifive/kernel_list/bsp/install/lib/debug/\libmetal.a(riscv_cpu.o)
                0x00000000204050e6                __metal_driver_riscv_cpu_controller_get_vector_mode
 .text.__metal_driver_riscv_cpu_controller_set_vector_mode
                0x0000000020405102       0x54 C:/Users/jjrh/Dropbox/Telecom/Tesis/Source/kernel_sifive/kernel_list/bsp/install/lib/debug/\libmetal.a(riscv_cpu.o)
                0x0000000020405102                __metal_driver_riscv_cpu_controller_set_vector_mode
 .text.__metal_driver_riscv_cpu_controller_command_request
                0x0000000020405156       0x1c C:/Users/jjrh/Dropbox/Telecom/Tesis/Source/kernel_sifive/kernel_list/bsp/install/lib/debug/\libmetal.a(riscv_cpu.o)
                0x0000000020405156                __metal_driver_riscv_cpu_controller_command_request
 .text.__metal_driver_cpu_mcycle_get
                0x0000000020405172       0x70 C:/Users/jjrh/Dropbox/Telecom/Tesis/Source/kernel_sifive/kernel_list/bsp/install/lib/debug/\libmetal.a(riscv_cpu.o)
                0x0000000020405172                __metal_driver_cpu_mcycle_get
 .text.__metal_driver_cpu_timebase_get
                0x00000000204051e2       0x46 C:/Users/jjrh/Dropbox/Telecom/Tesis/Source/kernel_sifive/kernel_list/bsp/install/lib/debug/\libmetal.a(riscv_cpu.o)
                0x00000000204051e2                __metal_driver_cpu_timebase_get
 .text.__metal_driver_cpu_mtime_get
                0x0000000020405228       0x66 C:/Users/jjrh/Dropbox/Telecom/Tesis/Source/kernel_sifive/kernel_list/bsp/install/lib/debug/\libmetal.a(riscv_cpu.o)
                0x0000000020405228                __metal_driver_cpu_mtime_get
 .text.__metal_driver_cpu_mtimecmp_set
                0x000000002040528e       0x76 C:/Users/jjrh/Dropbox/Telecom/Tesis/Source/kernel_sifive/kernel_list/bsp/install/lib/debug/\libmetal.a(riscv_cpu.o)
                0x000000002040528e                __metal_driver_cpu_mtimecmp_set
 .text.__metal_driver_cpu_timer_controller_interrupt
                0x0000000020405304       0x1a C:/Users/jjrh/Dropbox/Telecom/Tesis/Source/kernel_sifive/kernel_list/bsp/install/lib/debug/\libmetal.a(riscv_cpu.o)
                0x0000000020405304                __metal_driver_cpu_timer_controller_interrupt
 .text.__metal_driver_cpu_get_timer_interrupt_id
                0x000000002040531e       0x14 C:/Users/jjrh/Dropbox/Telecom/Tesis/Source/kernel_sifive/kernel_list/bsp/install/lib/debug/\libmetal.a(riscv_cpu.o)
                0x000000002040531e                __metal_driver_cpu_get_timer_interrupt_id
 .text.__metal_driver_cpu_sw_controller_interrupt
                0x0000000020405332       0x1a C:/Users/jjrh/Dropbox/Telecom/Tesis/Source/kernel_sifive/kernel_list/bsp/install/lib/debug/\libmetal.a(riscv_cpu.o)
                0x0000000020405332                __metal_driver_cpu_sw_controller_interrupt
 .text.__metal_driver_cpu_get_sw_interrupt_id
                0x000000002040534c       0x14 C:/Users/jjrh/Dropbox/Telecom/Tesis/Source/kernel_sifive/kernel_list/bsp/install/lib/debug/\libmetal.a(riscv_cpu.o)
                0x000000002040534c                __metal_driver_cpu_get_sw_interrupt_id
 .text.__metal_driver_cpu_set_sw_ipi
                0x0000000020405360       0x62 C:/Users/jjrh/Dropbox/Telecom/Tesis/Source/kernel_sifive/kernel_list/bsp/install/lib/debug/\libmetal.a(riscv_cpu.o)
                0x0000000020405360                __metal_driver_cpu_set_sw_ipi
 .text.__metal_driver_cpu_clear_sw_ipi
                0x00000000204053c2       0x62 C:/Users/jjrh/Dropbox/Telecom/Tesis/Source/kernel_sifive/kernel_list/bsp/install/lib/debug/\libmetal.a(riscv_cpu.o)
                0x00000000204053c2                __metal_driver_cpu_clear_sw_ipi
 .text.__metal_driver_cpu_get_msip
                0x0000000020405424       0x60 C:/Users/jjrh/Dropbox/Telecom/Tesis/Source/kernel_sifive/kernel_list/bsp/install/lib/debug/\libmetal.a(riscv_cpu.o)
                0x0000000020405424                __metal_driver_cpu_get_msip
 .text.__metal_driver_cpu_controller_interrupt
                0x0000000020405484       0x20 C:/Users/jjrh/Dropbox/Telecom/Tesis/Source/kernel_sifive/kernel_list/bsp/install/lib/debug/\libmetal.a(riscv_cpu.o)
                0x0000000020405484                __metal_driver_cpu_controller_interrupt
 .text.__metal_driver_cpu_exception_register
                0x00000000204054a4       0x46 C:/Users/jjrh/Dropbox/Telecom/Tesis/Source/kernel_sifive/kernel_list/bsp/install/lib/debug/\libmetal.a(riscv_cpu.o)
                0x00000000204054a4                __metal_driver_cpu_exception_register
 .text.__metal_driver_cpu_get_instruction_length
                0x00000000204054ea       0x2e C:/Users/jjrh/Dropbox/Telecom/Tesis/Source/kernel_sifive/kernel_list/bsp/install/lib/debug/\libmetal.a(riscv_cpu.o)
                0x00000000204054ea                __metal_driver_cpu_get_instruction_length
 .text.__metal_driver_cpu_get_exception_pc
                0x0000000020405518       0x1e C:/Users/jjrh/Dropbox/Telecom/Tesis/Source/kernel_sifive/kernel_list/bsp/install/lib/debug/\libmetal.a(riscv_cpu.o)
                0x0000000020405518                __metal_driver_cpu_get_exception_pc
 .text.__metal_driver_cpu_set_exception_pc
                0x0000000020405536       0x20 C:/Users/jjrh/Dropbox/Telecom/Tesis/Source/kernel_sifive/kernel_list/bsp/install/lib/debug/\libmetal.a(riscv_cpu.o)
                0x0000000020405536                __metal_driver_cpu_set_exception_pc
 .text.__metal_driver_cpu_get_buserror
                0x0000000020405556       0x20 C:/Users/jjrh/Dropbox/Telecom/Tesis/Source/kernel_sifive/kernel_list/bsp/install/lib/debug/\libmetal.a(riscv_cpu.o)
                0x0000000020405556                __metal_driver_cpu_get_buserror
 .text.__metal_driver_sifive_plic0_control_base
                0x0000000020405576       0x2a C:/Users/jjrh/Dropbox/Telecom/Tesis/Source/kernel_sifive/kernel_list/bsp/install/lib/debug/\libmetal.a(riscv_plic0.o)
 .text.__metal_driver_sifive_plic0_num_interrupts
                0x00000000204055a0       0x28 C:/Users/jjrh/Dropbox/Telecom/Tesis/Source/kernel_sifive/kernel_list/bsp/install/lib/debug/\libmetal.a(riscv_plic0.o)
 .text.__metal_driver_sifive_plic0_max_priority
                0x00000000204055c8       0x28 C:/Users/jjrh/Dropbox/Telecom/Tesis/Source/kernel_sifive/kernel_list/bsp/install/lib/debug/\libmetal.a(riscv_plic0.o)
 .text.__metal_driver_sifive_plic0_interrupt_parents
                0x00000000204055f0       0x28 C:/Users/jjrh/Dropbox/Telecom/Tesis/Source/kernel_sifive/kernel_list/bsp/install/lib/debug/\libmetal.a(riscv_plic0.o)
 .text.__metal_driver_sifive_plic0_interrupt_lines
                0x0000000020405618       0x22 C:/Users/jjrh/Dropbox/Telecom/Tesis/Source/kernel_sifive/kernel_list/bsp/install/lib/debug/\libmetal.a(riscv_plic0.o)
 .text.__metal_driver_sifive_plic0_context_ids
                0x000000002040563a       0x1e C:/Users/jjrh/Dropbox/Telecom/Tesis/Source/kernel_sifive/kernel_list/bsp/install/lib/debug/\libmetal.a(riscv_plic0.o)
 .text.__metal_plic0_claim_interrupt
                0x0000000020405658       0x3c C:/Users/jjrh/Dropbox/Telecom/Tesis/Source/kernel_sifive/kernel_list/bsp/install/lib/debug/\libmetal.a(riscv_plic0.o)
                0x0000000020405658                __metal_plic0_claim_interrupt
 .text.__metal_plic0_complete_interrupt
                0x0000000020405694       0x46 C:/Users/jjrh/Dropbox/Telecom/Tesis/Source/kernel_sifive/kernel_list/bsp/install/lib/debug/\libmetal.a(riscv_plic0.o)
                0x0000000020405694                __metal_plic0_complete_interrupt
 .text.__metal_plic0_set_threshold
                0x00000000204056da       0x48 C:/Users/jjrh/Dropbox/Telecom/Tesis/Source/kernel_sifive/kernel_list/bsp/install/lib/debug/\libmetal.a(riscv_plic0.o)
                0x00000000204056da                __metal_plic0_set_threshold
 .text.__metal_plic0_get_threshold
                0x0000000020405722       0x3c C:/Users/jjrh/Dropbox/Telecom/Tesis/Source/kernel_sifive/kernel_list/bsp/install/lib/debug/\libmetal.a(riscv_plic0.o)
                0x0000000020405722                __metal_plic0_get_threshold
 .text.__metal_driver_riscv_plic0_set_priority
                0x000000002040575e       0x66 C:/Users/jjrh/Dropbox/Telecom/Tesis/Source/kernel_sifive/kernel_list/bsp/install/lib/debug/\libmetal.a(riscv_plic0.o)
                0x000000002040575e                __metal_driver_riscv_plic0_set_priority
 .text.__metal_driver_riscv_plic0_get_priority
                0x00000000204057c4       0x36 C:/Users/jjrh/Dropbox/Telecom/Tesis/Source/kernel_sifive/kernel_list/bsp/install/lib/debug/\libmetal.a(riscv_plic0.o)
                0x00000000204057c4                __metal_driver_riscv_plic0_get_priority
 .text.__metal_plic0_enable
                0x00000000204057fa       0xa4 C:/Users/jjrh/Dropbox/Telecom/Tesis/Source/kernel_sifive/kernel_list/bsp/install/lib/debug/\libmetal.a(riscv_plic0.o)
                0x00000000204057fa                __metal_plic0_enable
 .text.__metal_plic0_default_handler
                0x000000002040589e       0x18 C:/Users/jjrh/Dropbox/Telecom/Tesis/Source/kernel_sifive/kernel_list/bsp/install/lib/debug/\libmetal.a(riscv_plic0.o)
                0x000000002040589e                __metal_plic0_default_handler
 .text.__metal_plic0_handler
                0x00000000204058b6       0xac C:/Users/jjrh/Dropbox/Telecom/Tesis/Source/kernel_sifive/kernel_list/bsp/install/lib/debug/\libmetal.a(riscv_plic0.o)
                0x00000000204058b6                __metal_plic0_handler
 .text.__metal_driver_riscv_plic0_init
                0x0000000020405962      0x15c C:/Users/jjrh/Dropbox/Telecom/Tesis/Source/kernel_sifive/kernel_list/bsp/install/lib/debug/\libmetal.a(riscv_plic0.o)
                0x0000000020405962                __metal_driver_riscv_plic0_init
 .text.__metal_driver_riscv_plic0_register
                0x0000000020405abe       0xc2 C:/Users/jjrh/Dropbox/Telecom/Tesis/Source/kernel_sifive/kernel_list/bsp/install/lib/debug/\libmetal.a(riscv_plic0.o)
                0x0000000020405abe                __metal_driver_riscv_plic0_register
 .text.__metal_driver_riscv_plic0_enable
                0x0000000020405b80       0x50 C:/Users/jjrh/Dropbox/Telecom/Tesis/Source/kernel_sifive/kernel_list/bsp/install/lib/debug/\libmetal.a(riscv_plic0.o)
                0x0000000020405b80                __metal_driver_riscv_plic0_enable
 .text.__metal_driver_riscv_plic0_disable
                0x0000000020405bd0       0x50 C:/Users/jjrh/Dropbox/Telecom/Tesis/Source/kernel_sifive/kernel_list/bsp/install/lib/debug/\libmetal.a(riscv_plic0.o)
                0x0000000020405bd0                __metal_driver_riscv_plic0_disable
 .text.__metal_driver_riscv_plic0_set_threshold
                0x0000000020405c20       0x30 C:/Users/jjrh/Dropbox/Telecom/Tesis/Source/kernel_sifive/kernel_list/bsp/install/lib/debug/\libmetal.a(riscv_plic0.o)
                0x0000000020405c20                __metal_driver_riscv_plic0_set_threshold
 .text.__metal_driver_riscv_plic0_get_threshold
                0x0000000020405c50       0x28 C:/Users/jjrh/Dropbox/Telecom/Tesis/Source/kernel_sifive/kernel_list/bsp/install/lib/debug/\libmetal.a(riscv_plic0.o)
                0x0000000020405c50                __metal_driver_riscv_plic0_get_threshold
 .text.__metal_driver_riscv_plic0_affinity_enable
                0x0000000020405c78       0x9c C:/Users/jjrh/Dropbox/Telecom/Tesis/Source/kernel_sifive/kernel_list/bsp/install/lib/debug/\libmetal.a(riscv_plic0.o)
                0x0000000020405c78                __metal_driver_riscv_plic0_affinity_enable
 .text.__metal_driver_riscv_plic0_affinity_disable
                0x0000000020405d14       0x9c C:/Users/jjrh/Dropbox/Telecom/Tesis/Source/kernel_sifive/kernel_list/bsp/install/lib/debug/\libmetal.a(riscv_plic0.o)
                0x0000000020405d14                __metal_driver_riscv_plic0_affinity_disable
 .text.__metal_driver_riscv_plic0_affinity_set_threshold
                0x0000000020405db0       0x74 C:/Users/jjrh/Dropbox/Telecom/Tesis/Source/kernel_sifive/kernel_list/bsp/install/lib/debug/\libmetal.a(riscv_plic0.o)
                0x0000000020405db0                __metal_driver_riscv_plic0_affinity_set_threshold
 .text.__metal_driver_riscv_plic0_affinity_get_threshold
                0x0000000020405e24       0x28 C:/Users/jjrh/Dropbox/Telecom/Tesis/Source/kernel_sifive/kernel_list/bsp/install/lib/debug/\libmetal.a(riscv_plic0.o)
                0x0000000020405e24                __metal_driver_riscv_plic0_affinity_get_threshold
 .text.__metal_driver_sifive_fe310_g000_hfrosc_ref
                0x0000000020405e4c       0x1a C:/Users/jjrh/Dropbox/Telecom/Tesis/Source/kernel_sifive/kernel_list/bsp/install/lib/debug/\libmetal.a(sifive_fe310-g000_hfrosc.o)
 .text.__metal_driver_sifive_fe310_g000_hfrosc_config_base
                0x0000000020405e66       0x16 C:/Users/jjrh/Dropbox/Telecom/Tesis/Source/kernel_sifive/kernel_list/bsp/install/lib/debug/\libmetal.a(sifive_fe310-g000_hfrosc.o)
 .text.__metal_driver_sifive_fe310_g000_hfrosc_config_offset
                0x0000000020405e7c       0x14 C:/Users/jjrh/Dropbox/Telecom/Tesis/Source/kernel_sifive/kernel_list/bsp/install/lib/debug/\libmetal.a(sifive_fe310-g000_hfrosc.o)
 .text.__metal_driver_sifive_fe310_g000_prci_vtable
                0x0000000020405e90       0x16 C:/Users/jjrh/Dropbox/Telecom/Tesis/Source/kernel_sifive/kernel_list/bsp/install/lib/debug/\libmetal.a(sifive_fe310-g000_hfrosc.o)
 .text.__metal_driver_sifive_fe310_g000_hfrosc_get_rate_hz
                0x0000000020405ea6       0x84 C:/Users/jjrh/Dropbox/Telecom/Tesis/Source/kernel_sifive/kernel_list/bsp/install/lib/debug/\libmetal.a(sifive_fe310-g000_hfrosc.o)
                0x0000000020405ea6                __metal_driver_sifive_fe310_g000_hfrosc_get_rate_hz
 .text.__metal_driver_sifive_fe310_g000_hfrosc_set_rate_hz
                0x0000000020405f2a       0x22 C:/Users/jjrh/Dropbox/Telecom/Tesis/Source/kernel_sifive/kernel_list/bsp/install/lib/debug/\libmetal.a(sifive_fe310-g000_hfrosc.o)
                0x0000000020405f2a                __metal_driver_sifive_fe310_g000_hfrosc_set_rate_hz
 .text.__metal_driver_sifive_fe310_g000_hfxosc_ref
                0x0000000020405f4c       0x1a C:/Users/jjrh/Dropbox/Telecom/Tesis/Source/kernel_sifive/kernel_list/bsp/install/lib/debug/\libmetal.a(sifive_fe310-g000_hfxosc.o)
 .text.__metal_driver_sifive_fe310_g000_hfxosc_config_base
                0x0000000020405f66       0x16 C:/Users/jjrh/Dropbox/Telecom/Tesis/Source/kernel_sifive/kernel_list/bsp/install/lib/debug/\libmetal.a(sifive_fe310-g000_hfxosc.o)
 .text.__metal_driver_sifive_fe310_g000_hfxosc_config_offset
                0x0000000020405f7c       0x14 C:/Users/jjrh/Dropbox/Telecom/Tesis/Source/kernel_sifive/kernel_list/bsp/install/lib/debug/\libmetal.a(sifive_fe310-g000_hfxosc.o)
 .text.__metal_driver_sifive_fe310_g000_prci_vtable
                0x0000000020405f90       0x16 C:/Users/jjrh/Dropbox/Telecom/Tesis/Source/kernel_sifive/kernel_list/bsp/install/lib/debug/\libmetal.a(sifive_fe310-g000_hfxosc.o)
 .text.__metal_driver_sifive_fe310_g000_hfxosc_get_rate_hz
                0x0000000020405fa6       0x74 C:/Users/jjrh/Dropbox/Telecom/Tesis/Source/kernel_sifive/kernel_list/bsp/install/lib/debug/\libmetal.a(sifive_fe310-g000_hfxosc.o)
                0x0000000020405fa6                __metal_driver_sifive_fe310_g000_hfxosc_get_rate_hz
 .text.__metal_driver_sifive_fe310_g000_hfxosc_set_rate_hz
                0x000000002040601a       0x22 C:/Users/jjrh/Dropbox/Telecom/Tesis/Source/kernel_sifive/kernel_list/bsp/install/lib/debug/\libmetal.a(sifive_fe310-g000_hfxosc.o)
                0x000000002040601a                __metal_driver_sifive_fe310_g000_hfxosc_set_rate_hz
 .text.__metal_driver_sifive_fe310_g000_pll_pllsel0
                0x000000002040603c       0x1a C:/Users/jjrh/Dropbox/Telecom/Tesis/Source/kernel_sifive/kernel_list/bsp/install/lib/debug/\libmetal.a(sifive_fe310-g000_pll.o)
 .text.__metal_driver_sifive_fe310_g000_pll_pllref
                0x0000000020406056       0x1a C:/Users/jjrh/Dropbox/Telecom/Tesis/Source/kernel_sifive/kernel_list/bsp/install/lib/debug/\libmetal.a(sifive_fe310-g000_pll.o)
 .text.__metal_driver_sifive_fe310_g000_pll_divider_base
                0x0000000020406070       0x16 C:/Users/jjrh/Dropbox/Telecom/Tesis/Source/kernel_sifive/kernel_list/bsp/install/lib/debug/\libmetal.a(sifive_fe310-g000_pll.o)
 .text.__metal_driver_sifive_fe310_g000_pll_divider_offset
                0x0000000020406086       0x14 C:/Users/jjrh/Dropbox/Telecom/Tesis/Source/kernel_sifive/kernel_list/bsp/install/lib/debug/\libmetal.a(sifive_fe310-g000_pll.o)
 .text.__metal_driver_sifive_fe310_g000_pll_config_base
                0x000000002040609a       0x12 C:/Users/jjrh/Dropbox/Telecom/Tesis/Source/kernel_sifive/kernel_list/bsp/install/lib/debug/\libmetal.a(sifive_fe310-g000_pll.o)
 .text.__metal_driver_sifive_fe310_g000_pll_config_offset
                0x00000000204060ac       0x10 C:/Users/jjrh/Dropbox/Telecom/Tesis/Source/kernel_sifive/kernel_list/bsp/install/lib/debug/\libmetal.a(sifive_fe310-g000_pll.o)
 .text.__metal_driver_sifive_fe310_g000_pll_init_rate
                0x00000000204060bc       0x16 C:/Users/jjrh/Dropbox/Telecom/Tesis/Source/kernel_sifive/kernel_list/bsp/install/lib/debug/\libmetal.a(sifive_fe310-g000_pll.o)
 .text.__metal_driver_sifive_fe310_g000_prci_base
                0x00000000204060d2       0x12 C:/Users/jjrh/Dropbox/Telecom/Tesis/Source/kernel_sifive/kernel_list/bsp/install/lib/debug/\libmetal.a(sifive_fe310-g000_pll.o)
 .text.__metal_driver_sifive_fe310_g000_prci_vtable
                0x00000000204060e4       0x16 C:/Users/jjrh/Dropbox/Telecom/Tesis/Source/kernel_sifive/kernel_list/bsp/install/lib/debug/\libmetal.a(sifive_fe310-g000_pll.o)
 .text.get_pll_config_freq
                0x00000000204060fa       0x4e C:/Users/jjrh/Dropbox/Telecom/Tesis/Source/kernel_sifive/kernel_list/bsp/install/lib/debug/\libmetal.a(sifive_fe310-g000_pll.o)
 .text.__metal_driver_sifive_fe310_g000_pll_init
                0x0000000020406148       0xac C:/Users/jjrh/Dropbox/Telecom/Tesis/Source/kernel_sifive/kernel_list/bsp/install/lib/debug/\libmetal.a(sifive_fe310-g000_pll.o)
                0x0000000020406148                __metal_driver_sifive_fe310_g000_pll_init
 .text.__metal_driver_sifive_fe310_g000_pll_get_rate_hz
                0x00000000204061f4      0x17e C:/Users/jjrh/Dropbox/Telecom/Tesis/Source/kernel_sifive/kernel_list/bsp/install/lib/debug/\libmetal.a(sifive_fe310-g000_pll.o)
                0x00000000204061f4                __metal_driver_sifive_fe310_g000_pll_get_rate_hz
 .text.find_closest_config
                0x0000000020406372       0xac C:/Users/jjrh/Dropbox/Telecom/Tesis/Source/kernel_sifive/kernel_list/bsp/install/lib/debug/\libmetal.a(sifive_fe310-g000_pll.o)
 .text.configure_pll
                0x000000002040641e      0x1b0 C:/Users/jjrh/Dropbox/Telecom/Tesis/Source/kernel_sifive/kernel_list/bsp/install/lib/debug/\libmetal.a(sifive_fe310-g000_pll.o)
 .text.__metal_driver_sifive_fe310_g000_pll_set_rate_hz
                0x00000000204065ce      0x166 C:/Users/jjrh/Dropbox/Telecom/Tesis/Source/kernel_sifive/kernel_list/bsp/install/lib/debug/\libmetal.a(sifive_fe310-g000_pll.o)
                0x00000000204065ce                __metal_driver_sifive_fe310_g000_pll_set_rate_hz
 .text.__metal_driver_sifive_fe310_g000_prci_base
                0x0000000020406734       0x12 C:/Users/jjrh/Dropbox/Telecom/Tesis/Source/kernel_sifive/kernel_list/bsp/install/lib/debug/\libmetal.a(sifive_fe310-g000_prci.o)
 .text.__metal_driver_sifive_fe310_g000_prci_get_reg
                0x0000000020406746       0x2e C:/Users/jjrh/Dropbox/Telecom/Tesis/Source/kernel_sifive/kernel_list/bsp/install/lib/debug/\libmetal.a(sifive_fe310-g000_prci.o)
                0x0000000020406746                __metal_driver_sifive_fe310_g000_prci_get_reg
 .text.__metal_driver_sifive_fe310_g000_prci_set_reg
                0x0000000020406774       0x3a C:/Users/jjrh/Dropbox/Telecom/Tesis/Source/kernel_sifive/kernel_list/bsp/install/lib/debug/\libmetal.a(sifive_fe310-g000_prci.o)
                0x0000000020406774                __metal_driver_sifive_fe310_g000_prci_set_reg
 .text.__metal_driver_sifive_gpio0_base
                0x00000000204067ae       0x26 C:/Users/jjrh/Dropbox/Telecom/Tesis/Source/kernel_sifive/kernel_list/bsp/install/lib/debug/\libmetal.a(sifive_gpio0.o)
 .text.__metal_driver_sifive_gpio0_interrupt_parent
                0x00000000204067d4       0x2a C:/Users/jjrh/Dropbox/Telecom/Tesis/Source/kernel_sifive/kernel_list/bsp/install/lib/debug/\libmetal.a(sifive_gpio0.o)
 .text.__metal_driver_sifive_gpio0_interrupt_lines
                0x00000000204067fe      0x1b4 C:/Users/jjrh/Dropbox/Telecom/Tesis/Source/kernel_sifive/kernel_list/bsp/install/lib/debug/\libmetal.a(sifive_gpio0.o)
 .text.__metal_driver_sifive_gpio0_enable_input
                0x00000000204069b2       0x40 C:/Users/jjrh/Dropbox/Telecom/Tesis/Source/kernel_sifive/kernel_list/bsp/install/lib/debug/\libmetal.a(sifive_gpio0.o)
                0x00000000204069b2                __metal_driver_sifive_gpio0_enable_input
 .text.__metal_driver_sifive_gpio0_disable_input
                0x00000000204069f2       0x46 C:/Users/jjrh/Dropbox/Telecom/Tesis/Source/kernel_sifive/kernel_list/bsp/install/lib/debug/\libmetal.a(sifive_gpio0.o)
                0x00000000204069f2                __metal_driver_sifive_gpio0_disable_input
 .text.__metal_driver_sifive_gpio0_input
                0x0000000020406a38       0x2a C:/Users/jjrh/Dropbox/Telecom/Tesis/Source/kernel_sifive/kernel_list/bsp/install/lib/debug/\libmetal.a(sifive_gpio0.o)
                0x0000000020406a38                __metal_driver_sifive_gpio0_input
 .text.__metal_driver_sifive_gpio0_output
                0x0000000020406a62       0x2c C:/Users/jjrh/Dropbox/Telecom/Tesis/Source/kernel_sifive/kernel_list/bsp/install/lib/debug/\libmetal.a(sifive_gpio0.o)
                0x0000000020406a62                __metal_driver_sifive_gpio0_output
 .text.__metal_driver_sifive_gpio0_disable_output
                0x0000000020406a8e       0x46 C:/Users/jjrh/Dropbox/Telecom/Tesis/Source/kernel_sifive/kernel_list/bsp/install/lib/debug/\libmetal.a(sifive_gpio0.o)
                0x0000000020406a8e                __metal_driver_sifive_gpio0_disable_output
 .text.__metal_driver_sifive_gpio0_enable_output
                0x0000000020406ad4       0x40 C:/Users/jjrh/Dropbox/Telecom/Tesis/Source/kernel_sifive/kernel_list/bsp/install/lib/debug/\libmetal.a(sifive_gpio0.o)
                0x0000000020406ad4                __metal_driver_sifive_gpio0_enable_output
 .text.__metal_driver_sifive_gpio0_output_set
                0x0000000020406b14       0x40 C:/Users/jjrh/Dropbox/Telecom/Tesis/Source/kernel_sifive/kernel_list/bsp/install/lib/debug/\libmetal.a(sifive_gpio0.o)
                0x0000000020406b14                __metal_driver_sifive_gpio0_output_set
 .text.__metal_driver_sifive_gpio0_output_clear
                0x0000000020406b54       0x46 C:/Users/jjrh/Dropbox/Telecom/Tesis/Source/kernel_sifive/kernel_list/bsp/install/lib/debug/\libmetal.a(sifive_gpio0.o)
                0x0000000020406b54                __metal_driver_sifive_gpio0_output_clear
 .text.__metal_driver_sifive_gpio0_output_toggle
                0x0000000020406b9a       0x40 C:/Users/jjrh/Dropbox/Telecom/Tesis/Source/kernel_sifive/kernel_list/bsp/install/lib/debug/\libmetal.a(sifive_gpio0.o)
                0x0000000020406b9a                __metal_driver_sifive_gpio0_output_toggle
 .text.__metal_driver_sifive_gpio0_enable_io
                0x0000000020406bda       0x62 C:/Users/jjrh/Dropbox/Telecom/Tesis/Source/kernel_sifive/kernel_list/bsp/install/lib/debug/\libmetal.a(sifive_gpio0.o)
                0x0000000020406bda                __metal_driver_sifive_gpio0_enable_io
 .text.__metal_driver_sifive_gpio0_disable_io
                0x0000000020406c3c       0x4a C:/Users/jjrh/Dropbox/Telecom/Tesis/Source/kernel_sifive/kernel_list/bsp/install/lib/debug/\libmetal.a(sifive_gpio0.o)
                0x0000000020406c3c                __metal_driver_sifive_gpio0_disable_io
 .text.__metal_driver_sifive_gpio0_config_int
                0x0000000020406c86      0x206 C:/Users/jjrh/Dropbox/Telecom/Tesis/Source/kernel_sifive/kernel_list/bsp/install/lib/debug/\libmetal.a(sifive_gpio0.o)
                0x0000000020406c86                __metal_driver_sifive_gpio0_config_int
 .text.__metal_driver_sifive_gpio0_clear_int
                0x0000000020406e8c      0x188 C:/Users/jjrh/Dropbox/Telecom/Tesis/Source/kernel_sifive/kernel_list/bsp/install/lib/debug/\libmetal.a(sifive_gpio0.o)
                0x0000000020406e8c                __metal_driver_sifive_gpio0_clear_int
 .text.__metal_driver_gpio_interrupt_controller
                0x0000000020407014       0x20 C:/Users/jjrh/Dropbox/Telecom/Tesis/Source/kernel_sifive/kernel_list/bsp/install/lib/debug/\libmetal.a(sifive_gpio0.o)
                0x0000000020407014                __metal_driver_gpio_interrupt_controller
 .text.__metal_driver_gpio_get_interrupt_id
                0x0000000020407034       0x2e C:/Users/jjrh/Dropbox/Telecom/Tesis/Source/kernel_sifive/kernel_list/bsp/install/lib/debug/\libmetal.a(sifive_gpio0.o)
                0x0000000020407034                __metal_driver_gpio_get_interrupt_id
 .text.__metal_driver_sifive_test0_base
                0x0000000020407062       0x26 C:/Users/jjrh/Dropbox/Telecom/Tesis/Source/kernel_sifive/kernel_list/bsp/install/lib/debug/\libmetal.a(sifive_test0.o)
 .text.__metal_driver_sifive_test0_exit
                0x0000000020407088       0x4c C:/Users/jjrh/Dropbox/Telecom/Tesis/Source/kernel_sifive/kernel_list/bsp/install/lib/debug/\libmetal.a(sifive_test0.o)
                0x0000000020407088                __metal_driver_sifive_test0_exit
 .text.__metal_driver_sifive_uart0_control_base
                0x00000000204070d4       0x2a C:/Users/jjrh/Dropbox/Telecom/Tesis/Source/kernel_sifive/kernel_list/bsp/install/lib/debug/\libmetal.a(sifive_uart0.o)
 .text.__metal_driver_sifive_uart0_interrupt_parent
                0x00000000204070fe       0x2e C:/Users/jjrh/Dropbox/Telecom/Tesis/Source/kernel_sifive/kernel_list/bsp/install/lib/debug/\libmetal.a(sifive_uart0.o)
 .text.__metal_driver_sifive_uart0_interrupt_line
                0x000000002040712c       0x28 C:/Users/jjrh/Dropbox/Telecom/Tesis/Source/kernel_sifive/kernel_list/bsp/install/lib/debug/\libmetal.a(sifive_uart0.o)
 .text.__metal_driver_sifive_uart0_clock
                0x0000000020407154       0x2e C:/Users/jjrh/Dropbox/Telecom/Tesis/Source/kernel_sifive/kernel_list/bsp/install/lib/debug/\libmetal.a(sifive_uart0.o)
 .text.__metal_driver_sifive_uart0_pinmux
                0x0000000020407182       0x2a C:/Users/jjrh/Dropbox/Telecom/Tesis/Source/kernel_sifive/kernel_list/bsp/install/lib/debug/\libmetal.a(sifive_uart0.o)
 .text.__metal_driver_sifive_uart0_pinmux_output_selector
                0x00000000204071ac       0x28 C:/Users/jjrh/Dropbox/Telecom/Tesis/Source/kernel_sifive/kernel_list/bsp/install/lib/debug/\libmetal.a(sifive_uart0.o)
 .text.__metal_driver_sifive_uart0_pinmux_source_selector
                0x00000000204071d4       0x2a C:/Users/jjrh/Dropbox/Telecom/Tesis/Source/kernel_sifive/kernel_list/bsp/install/lib/debug/\libmetal.a(sifive_uart0.o)
 .text.__metal_driver_sifive_uart0_interrupt_controller
                0x00000000204071fe       0x20 C:/Users/jjrh/Dropbox/Telecom/Tesis/Source/kernel_sifive/kernel_list/bsp/install/lib/debug/\libmetal.a(sifive_uart0.o)
                0x00000000204071fe                __metal_driver_sifive_uart0_interrupt_controller
 .text.__metal_driver_sifive_uart0_get_interrupt_id
                0x000000002040721e       0x20 C:/Users/jjrh/Dropbox/Telecom/Tesis/Source/kernel_sifive/kernel_list/bsp/install/lib/debug/\libmetal.a(sifive_uart0.o)
                0x000000002040721e                __metal_driver_sifive_uart0_get_interrupt_id
 .text.__metal_driver_sifive_uart0_tx_interrupt_enable
                0x000000002040723e       0x3a C:/Users/jjrh/Dropbox/Telecom/Tesis/Source/kernel_sifive/kernel_list/bsp/install/lib/debug/\libmetal.a(sifive_uart0.o)
                0x000000002040723e                __metal_driver_sifive_uart0_tx_interrupt_enable
 .text.__metal_driver_sifive_uart0_tx_interrupt_disable
                0x0000000020407278       0x38 C:/Users/jjrh/Dropbox/Telecom/Tesis/Source/kernel_sifive/kernel_list/bsp/install/lib/debug/\libmetal.a(sifive_uart0.o)
                0x0000000020407278                __metal_driver_sifive_uart0_tx_interrupt_disable
 .text.__metal_driver_sifive_uart0_rx_interrupt_enable
                0x00000000204072b0       0x3a C:/Users/jjrh/Dropbox/Telecom/Tesis/Source/kernel_sifive/kernel_list/bsp/install/lib/debug/\libmetal.a(sifive_uart0.o)
                0x00000000204072b0                __metal_driver_sifive_uart0_rx_interrupt_enable
 .text.__metal_driver_sifive_uart0_rx_interrupt_disable
                0x00000000204072ea       0x38 C:/Users/jjrh/Dropbox/Telecom/Tesis/Source/kernel_sifive/kernel_list/bsp/install/lib/debug/\libmetal.a(sifive_uart0.o)
                0x00000000204072ea                __metal_driver_sifive_uart0_rx_interrupt_disable
 .text.__metal_driver_sifive_uart0_txready
                0x0000000020407322       0x30 C:/Users/jjrh/Dropbox/Telecom/Tesis/Source/kernel_sifive/kernel_list/bsp/install/lib/debug/\libmetal.a(sifive_uart0.o)
                0x0000000020407322                __metal_driver_sifive_uart0_txready
 .text.__metal_driver_sifive_uart0_set_tx_watermark
                0x0000000020407352       0x4a C:/Users/jjrh/Dropbox/Telecom/Tesis/Source/kernel_sifive/kernel_list/bsp/install/lib/debug/\libmetal.a(sifive_uart0.o)
                0x0000000020407352                __metal_driver_sifive_uart0_set_tx_watermark
 .text.__metal_driver_sifive_uart0_get_tx_watermark
                0x000000002040739c       0x30 C:/Users/jjrh/Dropbox/Telecom/Tesis/Source/kernel_sifive/kernel_list/bsp/install/lib/debug/\libmetal.a(sifive_uart0.o)
                0x000000002040739c                __metal_driver_sifive_uart0_get_tx_watermark
 .text.__metal_driver_sifive_uart0_set_rx_watermark
                0x00000000204073cc       0x4a C:/Users/jjrh/Dropbox/Telecom/Tesis/Source/kernel_sifive/kernel_list/bsp/install/lib/debug/\libmetal.a(sifive_uart0.o)
                0x00000000204073cc                __metal_driver_sifive_uart0_set_rx_watermark
 .text.__metal_driver_sifive_uart0_get_rx_watermark
                0x0000000020407416       0x30 C:/Users/jjrh/Dropbox/Telecom/Tesis/Source/kernel_sifive/kernel_list/bsp/install/lib/debug/\libmetal.a(sifive_uart0.o)
                0x0000000020407416                __metal_driver_sifive_uart0_get_rx_watermark
 .text.__metal_driver_sifive_uart0_putc
                0x0000000020407446       0x42 C:/Users/jjrh/Dropbox/Telecom/Tesis/Source/kernel_sifive/kernel_list/bsp/install/lib/debug/\libmetal.a(sifive_uart0.o)
                0x0000000020407446                __metal_driver_sifive_uart0_putc
 .text.__metal_driver_sifive_uart0_getc
                0x0000000020407488       0x56 C:/Users/jjrh/Dropbox/Telecom/Tesis/Source/kernel_sifive/kernel_list/bsp/install/lib/debug/\libmetal.a(sifive_uart0.o)
                0x0000000020407488                __metal_driver_sifive_uart0_getc
 .text.__metal_driver_sifive_uart0_get_baud_rate
                0x00000000204074de       0x20 C:/Users/jjrh/Dropbox/Telecom/Tesis/Source/kernel_sifive/kernel_list/bsp/install/lib/debug/\libmetal.a(sifive_uart0.o)
                0x00000000204074de                __metal_driver_sifive_uart0_get_baud_rate
 .text.__metal_driver_sifive_uart0_set_baud_rate
                0x00000000204074fe       0xa0 C:/Users/jjrh/Dropbox/Telecom/Tesis/Source/kernel_sifive/kernel_list/bsp/install/lib/debug/\libmetal.a(sifive_uart0.o)
                0x00000000204074fe                __metal_driver_sifive_uart0_set_baud_rate
 .text.pre_rate_change_callback_func
                0x000000002040759e       0xda C:/Users/jjrh/Dropbox/Telecom/Tesis/Source/kernel_sifive/kernel_list/bsp/install/lib/debug/\libmetal.a(sifive_uart0.o)
 .text.post_rate_change_callback_func
                0x0000000020407678       0x30 C:/Users/jjrh/Dropbox/Telecom/Tesis/Source/kernel_sifive/kernel_list/bsp/install/lib/debug/\libmetal.a(sifive_uart0.o)
 .text.__metal_driver_sifive_uart0_init
                0x00000000204076a8       0xd2 C:/Users/jjrh/Dropbox/Telecom/Tesis/Source/kernel_sifive/kernel_list/bsp/install/lib/debug/\libmetal.a(sifive_uart0.o)
                0x00000000204076a8                __metal_driver_sifive_uart0_init
 .text._metal_clock_call_all_callbacks
                0x000000002040777a       0x42 C:/Users/jjrh/Dropbox/Telecom/Tesis/Source/kernel_sifive/kernel_list/bsp/install/lib/debug/\libmetal.a(clock.o)
                0x000000002040777a                _metal_clock_call_all_callbacks
 .text._metal_clock_append_to_callbacks
                0x00000000204077bc       0x54 C:/Users/jjrh/Dropbox/Telecom/Tesis/Source/kernel_sifive/kernel_list/bsp/install/lib/debug/\libmetal.a(clock.o)
                0x00000000204077bc                _metal_clock_append_to_callbacks
 .text.metal_clock_get_rate_hz
                0x0000000020407810       0x26 C:/Users/jjrh/Dropbox/Telecom/Tesis/Source/kernel_sifive/kernel_list/bsp/install/lib/debug/\libmetal.a(clock.o)
                0x0000000020407810                metal_clock_get_rate_hz
 .text.metal_clock_set_rate_hz
                0x0000000020407836       0x4c C:/Users/jjrh/Dropbox/Telecom/Tesis/Source/kernel_sifive/kernel_list/bsp/install/lib/debug/\libmetal.a(clock.o)
                0x0000000020407836                metal_clock_set_rate_hz
 .text.metal_clock_register_pre_rate_change_callback
                0x0000000020407882       0x32 C:/Users/jjrh/Dropbox/Telecom/Tesis/Source/kernel_sifive/kernel_list/bsp/install/lib/debug/\libmetal.a(clock.o)
                0x0000000020407882                metal_clock_register_pre_rate_change_callback
 .text.metal_clock_register_post_rate_change_callback
                0x00000000204078b4       0x32 C:/Users/jjrh/Dropbox/Telecom/Tesis/Source/kernel_sifive/kernel_list/bsp/install/lib/debug/\libmetal.a(clock.o)
                0x00000000204078b4                metal_clock_register_post_rate_change_callback
 .text.__metal_shutdown_exit
                0x00000000204078e6       0x22 C:/Users/jjrh/Dropbox/Telecom/Tesis/Source/kernel_sifive/kernel_list/bsp/install/lib/debug/\libmetal.a(shutdown.o)
                0x00000000204078e6                __metal_shutdown_exit
 .text.metal_shutdown
                0x0000000020407908       0x18 C:/Users/jjrh/Dropbox/Telecom/Tesis/Source/kernel_sifive/kernel_list/bsp/install/lib/debug/\libmetal.a(shutdown.o)
                0x0000000020407908                metal_shutdown
 *fill*         0x0000000020407920       0x60 
 .text          0x0000000020407980       0x80 C:/Users/jjrh/Dropbox/Telecom/Tesis/Source/kernel_sifive/kernel_list/bsp/install/lib/debug/\libmetal.a(vector.o)
                0x0000000020407980                __metal_vector_table
 .text.__metal_driver_fixed_clock_rate
                0x0000000020407a00       0x62 C:/Users/jjrh/Dropbox/Telecom/Tesis/Source/kernel_sifive/kernel_list/bsp/install/lib/debug/\libmetal.a(fixed-clock.o)
 .text.__metal_driver_fixed_clock_get_rate_hz
                0x0000000020407a62       0x20 C:/Users/jjrh/Dropbox/Telecom/Tesis/Source/kernel_sifive/kernel_list/bsp/install/lib/debug/\libmetal.a(fixed-clock.o)